Archive member included to satisfy reference by file (symbol)

X:\github\Jigu-GPIO_with_scpilib\Jigu-GPIO\libscpi\dist\libscpi.a(ieee488.o)
                              ./App/Src/scpi.o (SCPI_CoreCls)
X:\github\Jigu-GPIO_with_scpilib\Jigu-GPIO\libscpi\dist\libscpi.a(minimal.o)
                              ./App/Src/scpi.o (SCPI_SystemVersionQ)
X:\github\Jigu-GPIO_with_scpilib\Jigu-GPIO\libscpi\dist\libscpi.a(parser.o)
                              ./App/Src/app.o (SCPI_Init)
X:\github\Jigu-GPIO_with_scpilib\Jigu-GPIO\libscpi\dist\libscpi.a(units.o)
                              ./App/Src/app.o (scpi_units_def)
X:\github\Jigu-GPIO_with_scpilib\Jigu-GPIO\libscpi\dist\libscpi.a(utils.o)
                              X:\github\Jigu-GPIO_with_scpilib\Jigu-GPIO\libscpi\dist\libscpi.a(parser.o) (strnpbrk)
X:\github\Jigu-GPIO_with_scpilib\Jigu-GPIO\libscpi\dist\libscpi.a(error.o)
                              X:\github\Jigu-GPIO_with_scpilib\Jigu-GPIO\libscpi\dist\libscpi.a(parser.o) (SCPI_ErrorInit)
X:\github\Jigu-GPIO_with_scpilib\Jigu-GPIO\libscpi\dist\libscpi.a(fifo.o)
                              X:\github\Jigu-GPIO_with_scpilib\Jigu-GPIO\libscpi\dist\libscpi.a(error.o) (fifo_init)
X:\github\Jigu-GPIO_with_scpilib\Jigu-GPIO\libscpi\dist\libscpi.a(lexer.o)
                              X:\github\Jigu-GPIO_with_scpilib\Jigu-GPIO\libscpi\dist\libscpi.a(parser.o) (scpiLex_IsEos)
C:/ST/STM32CubeIDE_1.19.0/STM32CubeIDE/plugins/com.st.stm32cube.ide.mcu.externaltools.gnu-tools-for-stm32.13.3.rel1.win32_1.0.0.202411081344/tools/bin/../lib/gcc/arm-none-eabi/13.3.1/../../../../arm-none-eabi/lib/thumb/v7e-m+fp/hard\libc_nano.a(libc_a-exit.o)
                              C:/ST/STM32CubeIDE_1.19.0/STM32CubeIDE/plugins/com.st.stm32cube.ide.mcu.externaltools.gnu-tools-for-stm32.13.3.rel1.win32_1.0.0.202411081344/tools/bin/../lib/gcc/arm-none-eabi/13.3.1/../../../../arm-none-eabi/lib/thumb/v7e-m+fp/hard/crt0.o (exit)
C:/ST/STM32CubeIDE_1.19.0/STM32CubeIDE/plugins/com.st.stm32cube.ide.mcu.externaltools.gnu-tools-for-stm32.13.3.rel1.win32_1.0.0.202411081344/tools/bin/../lib/gcc/arm-none-eabi/13.3.1/../../../../arm-none-eabi/lib/thumb/v7e-m+fp/hard\libc_nano.a(libc_a-strtod.o)
                              X:\github\Jigu-GPIO_with_scpilib\Jigu-GPIO\libscpi\dist\libscpi.a(utils.o) (strtod)
C:/ST/STM32CubeIDE_1.19.0/STM32CubeIDE/plugins/com.st.stm32cube.ide.mcu.externaltools.gnu-tools-for-stm32.13.3.rel1.win32_1.0.0.202411081344/tools/bin/../lib/gcc/arm-none-eabi/13.3.1/../../../../arm-none-eabi/lib/thumb/v7e-m+fp/hard\libc_nano.a(libc_a-strtol.o)
                              X:\github\Jigu-GPIO_with_scpilib\Jigu-GPIO\libscpi\dist\libscpi.a(utils.o) (strtol)
C:/ST/STM32CubeIDE_1.19.0/STM32CubeIDE/plugins/com.st.stm32cube.ide.mcu.externaltools.gnu-tools-for-stm32.13.3.rel1.win32_1.0.0.202411081344/tools/bin/../lib/gcc/arm-none-eabi/13.3.1/../../../../arm-none-eabi/lib/thumb/v7e-m+fp/hard\libc_nano.a(libc_a-strtoul.o)
                              X:\github\Jigu-GPIO_with_scpilib\Jigu-GPIO\libscpi\dist\libscpi.a(utils.o) (strtoul)
C:/ST/STM32CubeIDE_1.19.0/STM32CubeIDE/plugins/com.st.stm32cube.ide.mcu.externaltools.gnu-tools-for-stm32.13.3.rel1.win32_1.0.0.202411081344/tools/bin/../lib/gcc/arm-none-eabi/13.3.1/../../../../arm-none-eabi/lib/thumb/v7e-m+fp/hard\libc_nano.a(libc_a-strtoll.o)
                              X:\github\Jigu-GPIO_with_scpilib\Jigu-GPIO\libscpi\dist\libscpi.a(utils.o) (strtoll)
C:/ST/STM32CubeIDE_1.19.0/STM32CubeIDE/plugins/com.st.stm32cube.ide.mcu.externaltools.gnu-tools-for-stm32.13.3.rel1.win32_1.0.0.202411081344/tools/bin/../lib/gcc/arm-none-eabi/13.3.1/../../../../arm-none-eabi/lib/thumb/v7e-m+fp/hard\libc_nano.a(libc_a-strtoull.o)
                              X:\github\Jigu-GPIO_with_scpilib\Jigu-GPIO\libscpi\dist\libscpi.a(utils.o) (strtoull)
C:/ST/STM32CubeIDE_1.19.0/STM32CubeIDE/plugins/com.st.stm32cube.ide.mcu.externaltools.gnu-tools-for-stm32.13.3.rel1.win32_1.0.0.202411081344/tools/bin/../lib/gcc/arm-none-eabi/13.3.1/../../../../arm-none-eabi/lib/thumb/v7e-m+fp/hard\libc_nano.a(libc_a-ctype_.o)
                              X:\github\Jigu-GPIO_with_scpilib\Jigu-GPIO\libscpi\dist\libscpi.a(utils.o) (_ctype_)
C:/ST/STM32CubeIDE_1.19.0/STM32CubeIDE/plugins/com.st.stm32cube.ide.mcu.externaltools.gnu-tools-for-stm32.13.3.rel1.win32_1.0.0.202411081344/tools/bin/../lib/gcc/arm-none-eabi/13.3.1/../../../../arm-none-eabi/lib/thumb/v7e-m+fp/hard\libc_nano.a(libc_a-findfp.o)
                              C:/ST/STM32CubeIDE_1.19.0/STM32CubeIDE/plugins/com.st.stm32cube.ide.mcu.externaltools.gnu-tools-for-stm32.13.3.rel1.win32_1.0.0.202411081344/tools/bin/../lib/gcc/arm-none-eabi/13.3.1/../../../../arm-none-eabi/lib/thumb/v7e-m+fp/hard\libc_nano.a(libc_a-exit.o) (__stdio_exit_handler)
[...]
Memory Configuration

Name             Origin             Length             Attributes
RAM              0x20000000         0x00010000         xrw
RAM2             0x10000000         0x00004000         xrw
FLASH            0x08000000         0x00040000         xr
*default*        0x00000000         0xffffffff

Linker script and memory map

LOAD C:/ST/STM32CubeIDE_1.19.0/STM32CubeIDE/plugins/com.st.stm32cube.ide.mcu.externaltools.gnu-tools-for-stm32.13.3.rel1.win32_1.0.0.202411081344/tools/bin/../lib/gcc/arm-none-eabi/13.3.1/thumb/v7e-m+fp/hard/crti.o
LOAD C:/ST/STM32CubeIDE_1.19.0/STM32CubeIDE/plugins/com.st.stm32cube.ide.mcu.externaltools.gnu-tools-for-stm32.13.3.rel1.win32_1.0.0.202411081344/tools/bin/../lib/gcc/arm-none-eabi/13.3.1/thumb/v7e-m+fp/hard/crtbegin.o
LOAD C:/ST/STM32CubeIDE_1.19.0/STM32CubeIDE/plugins/com.st.stm32cube.ide.mcu.externaltools.gnu-tools-for-stm32.13.3.rel1.win32_1.0.0.202411081344/tools/bin/../lib/gcc/arm-none-eabi/13.3.1/../../../../arm-none-eabi/lib/thumb/v7e-m+fp/hard/crt0.o
LOAD ./App/Src/app.o
LOAD ./App/Src/gpio.o
LOAD ./App/Src/scpi.o
LOAD ./App/Src/uart.o
LOAD ./App/Src/uart_lib.o
LOAD ./Core/Src/dma.o
LOAD ./Core/Src/gpio.o
LOAD ./Core/Src/main.o
LOAD ./Core/Src/stm32l4xx_hal_msp.o
LOAD ./Core/Src/stm32l4xx_it.o
LOAD ./Core/Src/syscalls.o
LOAD ./Core/Src/sysmem.o
LOAD ./Core/Src/system_stm32l4xx.o
LOAD ./Core/Src/tim.o
LOAD ./Core/Src/usart.o
LOAD ./Core/Startup/startup_stm32l432kcux.o
LOAD ./Drivers/STM32L4xx_HAL_Driver/Src/stm32l4xx_hal.o
LOAD ./Drivers/STM32L4xx_HAL_Driver/Src/stm32l4xx_hal_cortex.o
LOAD ./Drivers/STM32L4xx_HAL_Driver/Src/stm32l4xx_hal_dma.o
LOAD ./Drivers/STM32L4xx_HAL_Driver/Src/stm32l4xx_hal_dma_ex.o
LOAD ./Drivers/STM32L4xx_HAL_Driver/Src/stm32l4xx_hal_exti.o
LOAD ./Drivers/STM32L4xx_HAL_Driver/Src/stm32l4xx_hal_flash.o
LOAD ./Drivers/STM32L4xx_HAL_Driver/Src/stm32l4xx_hal_flash_ex.o
LOAD ./Drivers/STM32L4xx_HAL_Driver/Src/stm32l4xx_hal_flash_ramfunc.o
LOAD ./Drivers/STM32L4xx_HAL_Driver/Src/stm32l4xx_hal_gpio.o
LOAD ./Drivers/STM32L4xx_HAL_Driver/Src/stm32l4xx_hal_i2c.o
LOAD ./Drivers/STM32L4xx_HAL_Driver/Src/stm32l4xx_hal_i2c_ex.o
LOAD ./Drivers/STM32L4xx_HAL_Driver/Src/stm32l4xx_hal_pwr.o
LOAD ./Drivers/STM32L4xx_HAL_Driver/Src/stm32l4xx_hal_pwr_ex.o
LOAD ./Drivers/STM32L4xx_HAL_Driver/Src/stm32l4xx_hal_rcc.o
LOAD ./Drivers/STM32L4xx_HAL_Driver/Src/stm32l4xx_hal_rcc_ex.o
LOAD ./Drivers/STM32L4xx_HAL_Driver/Src/stm32l4xx_hal_tim.o
LOAD ./Drivers/STM32L4xx_HAL_Driver/Src/stm32l4xx_hal_tim_ex.o
LOAD ./Drivers/STM32L4xx_HAL_Driver/Src/stm32l4xx_hal_uart.o
LOAD ./Drivers/STM32L4xx_HAL_Driver/Src/stm32l4xx_hal_uart_ex.o
LOAD X:\github\Jigu-GPIO_with_scpilib\Jigu-GPIO\libscpi\dist\libscpi.a
START GROUP
LOAD C:/ST/STM32CubeIDE_1.19.0/STM32CubeIDE/plugins/com.st.stm32cube.ide.mcu.externaltools.gnu-tools-for-stm32.13.3.rel1.win32_1.0.0.202411081344/tools/bin/../lib/gcc/arm-none-eabi/13.3.1/../../../../arm-none-eabi/lib/thumb/v7e-m+fp/hard\libc_nano.a
LOAD C:/ST/STM32CubeIDE_1.19.0/STM32CubeIDE/plugins/com.st.stm32cube.ide.mcu.externaltools.gnu-tools-for-stm32.13.3.rel1.win32_1.0.0.202411081344/tools/bin/../lib/gcc/arm-none-eabi/13.3.1/../../../../arm-none-eabi/lib/thumb/v7e-m+fp/hard\libm.a
END GROUP
START GROUP
LOAD C:/ST/STM32CubeIDE_1.19.0/STM32CubeIDE/plugins/com.st.stm32cube.ide.mcu.externaltools.gnu-tools-for-stm32.13.3.rel1.win32_1.0.0.202411081344/tools/bin/../lib/gcc/arm-none-eabi/13.3.1/thumb/v7e-m+fp/hard\libgcc.a
LOAD C:/ST/STM32CubeIDE_1.19.0/STM32CubeIDE/plugins/com.st.stm32cube.ide.mcu.externaltools.gnu-tools-for-stm32.13.3.rel1.win32_1.0.0.202411081344/tools/bin/../lib/gcc/arm-none-eabi/13.3.1/../../../../arm-none-eabi/lib/thumb/v7e-m+fp/hard\libc_nano.a
END GROUP
START GROUP
LOAD C:/ST/STM32CubeIDE_1.19.0/STM32CubeIDE/plugins/com.st.stm32cube.ide.mcu.externaltools.gnu-tools-for-stm32.13.3.rel1.win32_1.0.0.202411081344/tools/bin/../lib/gcc/arm-none-eabi/13.3.1/thumb/v7e-m+fp/hard\libgcc.a
LOAD C:/ST/STM32CubeIDE_1.19.0/STM32CubeIDE/plugins/com.st.stm32cube.ide.mcu.externaltools.gnu-tools-for-stm32.13.3.rel1.win32_1.0.0.202411081344/tools/bin/../lib/gcc/arm-none-eabi/13.3.1/../../../../arm-none-eabi/lib/thumb/v7e-m+fp/hard\libc_nano.a
LOAD C:/ST/STM32CubeIDE_1.19.0/STM32CubeIDE/plugins/com.st.stm32cube.ide.mcu.externaltools.gnu-tools-for-stm32.13.3.rel1.win32_1.0.0.202411081344/tools/bin/../lib/gcc/arm-none-eabi/13.3.1/../../../../arm-none-eabi/lib/thumb/v7e-m+fp/hard\libnosys.a
END GROUP
START GROUP
LOAD C:/ST/STM32CubeIDE_1.19.0/STM32CubeIDE/plugins/com.st.stm32cube.ide.mcu.externaltools.gnu-tools-for-stm32.13.3.rel1.win32_1.0.0.202411081344/tools/bin/../lib/gcc/arm-none-eabi/13.3.1/thumb/v7e-m+fp/hard\libgcc.a
LOAD C:/ST/STM32CubeIDE_1.19.0/STM32CubeIDE/plugins/com.st.stm32cube.ide.mcu.externaltools.gnu-tools-for-stm32.13.3.rel1.win32_1.0.0.202411081344/tools/bin/../lib/gcc/arm-none-eabi/13.3.1/../../../../arm-none-eabi/lib/thumb/v7e-m+fp/hard\libc_nano.a
LOAD C:/ST/STM32CubeIDE_1.19.0/STM32CubeIDE/plugins/com.st.stm32cube.ide.mcu.externaltools.gnu-tools-for-stm32.13.3.rel1.win32_1.0.0.202411081344/tools/bin/../lib/gcc/arm-none-eabi/13.3.1/../../../../arm-none-eabi/lib/thumb/v7e-m+fp/hard\libnosys.a
END GROUP
LOAD C:/ST/STM32CubeIDE_1.19.0/STM32CubeIDE/plugins/com.st.stm32cube.ide.mcu.externaltools.gnu-tools-for-stm32.13.3.rel1.win32_1.0.0.202411081344/tools/bin/../lib/gcc/arm-none-eabi/13.3.1/thumb/v7e-m+fp/hard/crtend.o
LOAD C:/ST/STM32CubeIDE_1.19.0/STM32CubeIDE/plugins/com.st.stm32cube.ide.mcu.externaltools.gnu-tools-for-stm32.13.3.rel1.win32_1.0.0.202411081344/tools/bin/../lib/gcc/arm-none-eabi/13.3.1/thumb/v7e-m+fp/hard/crtn.o
                0x20010000                        _estack = (ORIGIN (RAM) + LENGTH (RAM))
                0x00000200                        _Min_Heap_Size = 0x200
                0x00000400                        _Min_Stack_Size = 0x400

.isr_vector     0x08000000      0x18c
                0x08000000                        . = ALIGN (0x4)
 *(.isr_vector)
 .isr_vector    0x08000000      0x18c ./Core/Startup/startup_stm32l432kcux.o
                0x08000000                g_pfnVectors
                0x0800018c                        . = ALIGN (0x4)

.text           0x08000190     0xae08
                0x08000190                        . = ALIGN (0x4)
 *(.text)
 .text          0x08000190       0x40 C:/ST/STM32CubeIDE_1.19.0/STM32CubeIDE/plugins/com.st.stm32cube.ide.mcu.externaltools.gnu-tools-for-stm32.13.3.rel1.win32_1.0.0.202411081344/tools/bin/../lib/gcc/arm-none-eabi/13.3.1/thumb/v7e-m+fp/hard/crtbegin.o
 .text          0x080001d0       0x10 C:/ST/STM32CubeIDE_1.19.0/STM32CubeIDE/plugins/com.st.stm32cube.ide.mcu.externaltools.gnu-tools-for-stm32.13.3.rel1.win32_1.0.0.202411081344/tools/bin/../lib/gcc/arm-none-eabi/13.3.1/../../../../arm-none-eabi/lib/thumb/v7e-m+fp/hard\libc_nano.a(libc_a-strlen.o)
                0x080001d0                strlen
 .text          0x080001e0       0xa0 C:/ST/STM32CubeIDE_1.19.0/STM32CubeIDE/plugins/com.st.stm32cube.ide.mcu.externaltools.gnu-tools-for-stm32.13.3.rel1.win32_1.0.0.202411081344/tools/bin/../lib/gcc/arm-none-eabi/13.3.1/../../../../arm-none-eabi/lib/thumb/v7e-m+fp/hard\libc_nano.a(libc_a-memchr.o)
                0x080001e0                memchr
 .text          0x08000280      0x378 C:/ST/STM32CubeIDE_1.19.0/STM32CubeIDE/plugins/com.st.stm32cube.ide.mcu.externaltools.gnu-tools-for-stm32.13.3.rel1.win32_1.0.0.202411081344/tools/bin/../lib/gcc/arm-none-eabi/13.3.1/thumb/v7e-m+fp/hard\libgcc.a(_arm_addsubdf3.o)
                0x08000280                __aeabi_drsub
                0x08000288                __aeabi_dsub
                0x08000288                __subdf3
                0x0800028c                __aeabi_dadd
                0x0800028c                __adddf3
                0x08000504                __floatunsidf
                0x08000504                __aeabi_ui2d
                0x08000524                __floatsidf
                0x08000524                __aeabi_i2d
                0x08000548                __aeabi_f2d
                0x08000548                __extendsfdf2
                0x0800058c                __floatundidf
                0x0800058c                __aeabi_ul2d
                0x0800059c                __floatdidf
                0x0800059c                __aeabi_l2d
 .text          0x080005f8      0x424 C:/ST/STM32CubeIDE_1.19.0/STM32CubeIDE/plugins/com.st.stm32cube.ide.mcu.externaltools.gnu-tools-for-stm32.13.3.rel1.win32_1.0.0.202411081344/tools/bin/../lib/gcc/arm-none-eabi/13.3.1/thumb/v7e-m+fp/hard\libgcc.a(_arm_muldivdf3.o)
                0x080005f8                __aeabi_dmul
                0x080005f8                __muldf3
                0x0800084c                __divdf3
                0x0800084c                __aeabi_ddiv
 .text          0x08000a1c      0x110 C:/ST/STM32CubeIDE_1.19.0/STM32CubeIDE/plugins/com.st.stm32cube.ide.mcu.externaltools.gnu-tools-for-stm32.13.3.rel1.win32_1.0.0.202411081344/tools/bin/../lib/gcc/arm-none-eabi/13.3.1/thumb/v7e-m+fp/hard\libgcc.a(_arm_cmpdf2.o)
                0x08000a1c                __gtdf2
                0x08000a1c                __gedf2
                0x08000a24                __ltdf2
                0x08000a24                __ledf2
                0x08000a2c                __nedf2
                0x08000a2c                __eqdf2
                0x08000a2c                __cmpdf2
                0x08000aa8                __aeabi_cdrcmple
                0x08000ab8                __aeabi_cdcmpeq
                0x08000ab8                __aeabi_cdcmple
                0x08000ac8                __aeabi_dcmpeq
                0x08000adc                __aeabi_dcmplt
                0x08000af0                __aeabi_dcmple
                0x08000b04                __aeabi_dcmpge
                0x08000b18                __aeabi_dcmpgt
 .text          0x08000b2c       0x40 C:/ST/STM32CubeIDE_1.19.0/STM32CubeIDE/plugins/com.st.stm32cube.ide.mcu.externaltools.gnu-tools-for-stm32.13.3.rel1.win32_1.0.0.202411081344/tools/bin/../lib/gcc/arm-none-eabi/13.3.1/thumb/v7e-m+fp/hard\libgcc.a(_arm_fixunsdfsi.o)
                0x08000b2c                __aeabi_d2uiz
                0x08000b2c                __fixunsdfsi
 .text          0x08000b6c       0x30 C:/ST/STM32CubeIDE_1.19.0/STM32CubeIDE/plugins/com.st.stm32cube.ide.mcu.externaltools.gnu-tools-for-stm32.13.3.rel1.win32_1.0.0.202411081344/tools/bin/../lib/gcc/arm-none-eabi/13.3.1/thumb/v7e-m+fp/hard\libgcc.a(_aeabi_uldivmod.o)
                0x08000b6c                __aeabi_uldivmod
 .text          0x08000b9c       0x30 C:/ST/STM32CubeIDE_1.19.0/STM32CubeIDE/plugins/com.st.stm32cube.ide.mcu.externaltools.gnu-tools-for-stm32.13.3.rel1.win32_1.0.0.202411081344/tools/bin/../lib/gcc/arm-none-eabi/13.3.1/thumb/v7e-m+fp/hard\libgcc.a(_fixdfdi.o)
                0x08000b9c                __fixdfdi
                0x08000b9c                __aeabi_d2lz
 .text          0x08000bcc       0x3c C:/ST/STM32CubeIDE_1.19.0/STM32CubeIDE/plugins/com.st.stm32cube.ide.mcu.externaltools.gnu-tools-for-stm32.13.3.rel1.win32_1.0.0.202411081344/tools/bin/../lib/gcc/arm-none-eabi/13.3.1/thumb/v7e-m+fp/hard\libgcc.a(_fixunsdfdi.o)
                0x08000bcc                __fixunsdfdi
                0x08000bcc                __aeabi_d2ulz
 .text          0x08000c08      0x2f8 C:/ST/STM32CubeIDE_1.19.0/STM32CubeIDE/plugins/com.st.stm32cube.ide.mcu.externaltools.gnu-tools-for-stm32.13.3.rel1.win32_1.0.0.202411081344/tools/bin/../lib/gcc/arm-none-eabi/13.3.1/thumb/v7e-m+fp/hard\libgcc.a(_udivmoddi4.o)
                0x08000c08                __udivmoddi4
 .text          0x08000f00        0x4 C:/ST/STM32CubeIDE_1.19.0/STM32CubeIDE/plugins/com.st.stm32cube.ide.mcu.externaltools.gnu-tools-for-stm32.13.3.rel1.win32_1.0.0.202411081344/tools/bin/../lib/gcc/arm-none-eabi/13.3.1/thumb/v7e-m+fp/hard\libgcc.a(_dvmd_tls.o)
                0x08000f00                __aeabi_idiv0
                0x08000f00                __aeabi_ldiv0
 *(.text*)
 .text.app_main
                0x08000f04       0xdc ./App/Src/app.o
                0x08000f04                app_main
 .text.GPIO_Init
                0x08000fe0       0x60 ./App/Src/gpio.o
                0x08000fe0                GPIO_Init
 .text.GPIO_PinConfigSet
                0x08001040       0x38 ./App/Src/gpio.o
                0x08001040                GPIO_PinConfigSet
 .text.GPIO_PinConfigModeGet
                0x08001078       0x10 ./App/Src/gpio.o
                0x08001078                GPIO_PinConfigModeGet
 .text.GPIO_PinConfigPullGet
                0x08001088       0x10 ./App/Src/gpio.o
                0x08001088                GPIO_PinConfigPullGet
 .text.GPIO_PinConfigSpeedGet
                0x08001098       0x10 ./App/Src/gpio.o
                0x08001098                GPIO_PinConfigSpeedGet
 .text.GPIO_PinWrite
                0x080010a8       0x20 ./App/Src/gpio.o
                0x080010a8                GPIO_PinWrite
 .text.GPIO_PinRead
                0x080010c8       0x28 ./App/Src/gpio.o
                0x080010c8                GPIO_PinRead
 .text.GPIO_LedWrite
                0x080010f0       0x14 ./App/Src/gpio.o
                0x080010f0                GPIO_LedWrite
 .text.SCPI_Error
                0x08001104        0x4 ./App/Src/scpi.o
                0x08001104                SCPI_Error
 .text.SCPI_Control
                0x08001108        0x4 ./App/Src/scpi.o
                0x08001108                SCPI_Control
 .text.SCPI_Reset
                0x0800110c        0x4 ./App/Src/scpi.o
                0x0800110c                SCPI_Reset
 .text.SCPI_GpioSelect
                0x08001110       0x60 ./App/Src/scpi.o
 .text.SCPI_PwmStartQ
                0x08001170       0x14 ./App/Src/scpi.o
 .text.SCPI_PwmPolarityQ
                0x08001184       0x14 ./App/Src/scpi.o
 .text.SCPI_PwmStart
                0x08001198       0x60 ./App/Src/scpi.o
 .text.SCPI_PwmWidthQ
                0x080011f8       0x14 ./App/Src/scpi.o
 .text.SCPI_PwmFrequencyQ
                0x0800120c       0x14 ./App/Src/scpi.o
 .text.SCPI_GpioSelectQ
                0x08001220       0x14 ./App/Src/scpi.o
 .text.My_CoreTstQ
                0x08001234        0xc ./App/Src/scpi.o
 .text.SCPI_GpioSpeedQ
                0x08001240       0x38 ./App/Src/scpi.o
 .text.SCPI_GpioSpeed
                0x08001278       0x34 ./App/Src/scpi.o
 .text.SCPI_GpioPull
                0x080012ac       0x34 ./App/Src/scpi.o
 .text.SCPI_GpioDirection
                0x080012e0       0x34 ./App/Src/scpi.o
 .text.SCPI_GpioPullQ
                0x08001314       0x38 ./App/Src/scpi.o
 .text.SCPI_GpioLevelQ
                0x0800134c       0x1c ./App/Src/scpi.o
 .text.SCPI_GpioLevel
                0x08001368       0x2c ./App/Src/scpi.o
 .text.SCPI_GpioDirectionQ
                0x08001394       0x38 ./App/Src/scpi.o
 .text.SCPI_SystemLed
                0x080013cc       0x24 ./App/Src/scpi.o
 .text.SCPI_Write
                0x080013f0        0xe ./App/Src/scpi.o
                0x080013f0                SCPI_Write
 .text.SCPI_Flush
                0x080013fe        0x4 ./App/Src/scpi.o
                0x080013fe                SCPI_Flush
 *fill*         0x08001402        0x2 
 .text.SetPulseCount
                0x08001404       0x10 ./App/Src/scpi.o
                0x08001404                SetPulseCount
 .text.SCPI_PwmCounter
                0x08001414       0x38 ./App/Src/scpi.o
 .text.GetPulseCount
                0x0800144c       0x10 ./App/Src/scpi.o
                0x0800144c                GetPulseCount
 .text.SCPI_PwmCounterQ
                0x0800145c       0x20 ./App/Src/scpi.o
 .text.SCPI_PwmReset
                0x0800147c       0x2c ./App/Src/scpi.o
                0x0800147c                SCPI_PwmReset
 .text.SCPI_PwmPolarity
                0x080014a8       0x2c ./App/Src/scpi.o
 .text.SCPI_PwmWidth
                0x080014d4       0x34 ./App/Src/scpi.o
 .text.SCPI_PwmFrequency
                0x08001508       0x34 ./App/Src/scpi.o
 .text.UART_IsEmpty
                0x0800153c       0x24 ./App/Src/uart.o
                0x0800153c                UART_IsEmpty
 .text.HAL_UART_ErrorCallback
                0x08001560       0x10 ./App/Src/uart.o
                0x08001560                HAL_UART_ErrorCallback
 .text.UART_Read
                0x08001570       0x50 ./App/Src/uart.o
                0x08001570                UART_Read
 .text.UART_Write
                0x080015c0       0x24 ./App/Src/uart.o
                0x080015c0                UART_Write
 .text.UART_Init
                0x080015e4       0x18 ./App/Src/uart.o
                0x080015e4                UART_Init
 .text.UART_EmergencyPrint
                0x080015fc       0x20 ./App/Src/uart.o
                0x080015fc                UART_EmergencyPrint
 .text.UART_Getc
                0x0800161c        0xe ./App/Src/uart_lib.o
                0x0800161c                UART_Getc
 .text.UART_Put
                0x0800162a        0xe ./App/Src/uart_lib.o
                0x0800162a                UART_Put
 .text.UART_Puts
                0x08001638       0x18 ./App/Src/uart_lib.o
                0x08001638                UART_Puts
 .text.UART_Putc
                0x08001650       0x16 ./App/Src/uart_lib.o
                0x08001650                UART_Putc
 *fill*         0x08001666        0x2 
 .text.UART_AssertionFailed
                0x08001668       0x20 ./App/Src/uart_lib.o
                0x08001668                UART_AssertionFailed
 .text.MX_DMA_Init
                0x08001688       0x30 ./Core/Src/dma.o
                0x08001688                MX_DMA_Init
 .text.MX_GPIO_Init
                0x080016b8       0x98 ./Core/Src/gpio.o
                0x080016b8                MX_GPIO_Init
 .text.SystemClock_Config
                0x08001750       0x94 ./Core/Src/main.o
                0x08001750                SystemClock_Config
 .text.startup.main
                0x080017e4       0x20 ./Core/Src/main.o
                0x080017e4                main
 .text.Error_Handler
                0x08001804        0x4 ./Core/Src/main.o
                0x08001804                Error_Handler
 .text.HAL_MspInit
                0x08001808       0x30 ./Core/Src/stm32l4xx_hal_msp.o
                0x08001808                HAL_MspInit
 .text.NMI_Handler
                0x08001838        0x2 ./Core/Src/stm32l4xx_it.o
                0x08001838                NMI_Handler
 .text.HardFault_Handler
                0x0800183a        0x2 ./Core/Src/stm32l4xx_it.o
                0x0800183a                HardFault_Handler
 .text.MemManage_Handler
                0x0800183c        0x2 ./Core/Src/stm32l4xx_it.o
                0x0800183c                MemManage_Handler
 .text.BusFault_Handler
                0x0800183e        0x2 ./Core/Src/stm32l4xx_it.o
                0x0800183e                BusFault_Handler
 .text.UsageFault_Handler
                0x08001840        0x2 ./Core/Src/stm32l4xx_it.o
                0x08001840                UsageFault_Handler
 .text.SVC_Handler
                0x08001842        0x2 ./Core/Src/stm32l4xx_it.o
                0x08001842                SVC_Handler
 .text.DebugMon_Handler
                0x08001844        0x2 ./Core/Src/stm32l4xx_it.o
                0x08001844                DebugMon_Handler
 .text.PendSV_Handler
                0x08001846        0x2 ./Core/Src/stm32l4xx_it.o
                0x08001846                PendSV_Handler
 .text.SysTick_Handler
                0x08001848        0x4 ./Core/Src/stm32l4xx_it.o
                0x08001848                SysTick_Handler
 .text.DMA1_Channel6_IRQHandler
                0x0800184c        0xc ./Core/Src/stm32l4xx_it.o
                0x0800184c                DMA1_Channel6_IRQHandler
 .text.USART2_IRQHandler
                0x08001858        0xc ./Core/Src/stm32l4xx_it.o
                0x08001858                USART2_IRQHandler
 .text._getpid  0x08001864        0x4 ./Core/Src/syscalls.o
                0x08001864                _getpid
 .text._kill    0x08001868       0x10 ./Core/Src/syscalls.o
                0x08001868                _kill
 .text._exit    0x08001878        0xc ./Core/Src/syscalls.o
                0x08001878                _exit
 .text._read    0x08001884       0x1c ./Core/Src/syscalls.o
                0x08001884                _read
 .text._write   0x080018a0       0x1c ./Core/Src/syscalls.o
                0x080018a0                _write
 .text._close   0x080018bc        0x6 ./Core/Src/syscalls.o
                0x080018bc                _close
 .text._fstat   0x080018c2        0xa ./Core/Src/syscalls.o
                0x080018c2                _fstat
 .text._isatty  0x080018cc        0x4 ./Core/Src/syscalls.o
                0x080018cc                _isatty
 .text._lseek   0x080018d0        0x4 ./Core/Src/syscalls.o
                0x080018d0                _lseek
 .text._sbrk    0x080018d4       0x40 ./Core/Src/sysmem.o
                0x080018d4                _sbrk
 .text.SystemInit
                0x08001914       0x14 ./Core/Src/system_stm32l4xx.o
                0x08001914                SystemInit
 .text.HAL_TIM_PWM_MspInit
                0x08001928       0x28 ./Core/Src/tim.o
                0x08001928                HAL_TIM_PWM_MspInit
 .text.HAL_TIM_MspPostInit
                0x08001950       0x50 ./Core/Src/tim.o
                0x08001950                HAL_TIM_MspPostInit
 .text.pwm_setup
                0x080019a0       0xe8 ./Core/Src/tim.o
                0x080019a0                pwm_setup
 .text.MX_TIM1_Init
                0x08001a88       0xbc ./Core/Src/tim.o
                0x08001a88                MX_TIM1_Init
 .text.MX_USART2_UART_Init
                0x08001b44       0x3c ./Core/Src/usart.o
                0x08001b44                MX_USART2_UART_Init
 .text.HAL_UART_MspInit
                0x08001b80       0xdc ./Core/Src/usart.o
                0x08001b80                HAL_UART_MspInit
 .text.Reset_Handler
                0x08001c5c       0x50 ./Core/Startup/startup_stm32l432kcux.o
                0x08001c5c                Reset_Handler
 .text.Default_Handler
                0x08001cac        0x2 ./Core/Startup/startup_stm32l432kcux.o
                0x08001cac                RTC_Alarm_IRQHandler
                0x08001cac                EXTI2_IRQHandler
                0x08001cac                TIM1_CC_IRQHandler
                0x08001cac                TSC_IRQHandler
                0x08001cac                TAMP_STAMP_IRQHandler
                0x08001cac                EXTI3_IRQHandler
                0x08001cac                LPTIM2_IRQHandler
                0x08001cac                I2C3_ER_IRQHandler
                0x08001cac                EXTI0_IRQHandler
                0x08001cac                CAN1_RX0_IRQHandler
                0x08001cac                FPU_IRQHandler
                0x08001cac                TIM1_UP_TIM16_IRQHandler
                0x08001cac                SPI1_IRQHandler
                0x08001cac                TIM6_DAC_IRQHandler
                0x08001cac                DMA2_Channel2_IRQHandler
                0x08001cac                DMA1_Channel4_IRQHandler
                0x08001cac                ADC1_IRQHandler
                0x08001cac                DMA1_Channel7_IRQHandler
                0x08001cac                CAN1_RX1_IRQHandler
                0x08001cac                DMA2_Channel1_IRQHandler
                0x08001cac                QUADSPI_IRQHandler
                0x08001cac                I2C1_EV_IRQHandler
                0x08001cac                DMA2_Channel4_IRQHandler
                0x08001cac                RCC_IRQHandler
                0x08001cac                TIM1_TRG_COM_IRQHandler
                0x08001cac                DMA1_Channel1_IRQHandler
                0x08001cac                Default_Handler
                0x08001cac                DMA2_Channel7_IRQHandler
                0x08001cac                EXTI15_10_IRQHandler
                0x08001cac                TIM7_IRQHandler
                0x08001cac                I2C3_EV_IRQHandler
                0x08001cac                USB_IRQHandler
                0x08001cac                EXTI9_5_IRQHandler
                0x08001cac                RTC_WKUP_IRQHandler
                0x08001cac                PVD_PVM_IRQHandler
                0x08001cac                CAN1_TX_IRQHandler
                0x08001cac                DMA2_Channel5_IRQHandler
                0x08001cac                CRS_IRQHandler
                0x08001cac                DMA1_Channel5_IRQHandler
                0x08001cac                EXTI4_IRQHandler
                0x08001cac                RNG_IRQHandler
                0x08001cac                DMA1_Channel3_IRQHandler
                0x08001cac                COMP_IRQHandler
                0x08001cac                WWDG_IRQHandler
                0x08001cac                LPUART1_IRQHandler
                0x08001cac                DMA2_Channel6_IRQHandler
                0x08001cac                TIM2_IRQHandler
                0x08001cac                EXTI1_IRQHandler
                0x08001cac                DMA1_Channel2_IRQHandler
                0x08001cac                CAN1_SCE_IRQHandler
                0x08001cac                FLASH_IRQHandler
                0x08001cac                USART1_IRQHandler
                0x08001cac                SPI3_IRQHandler
                0x08001cac                I2C1_ER_IRQHandler
                0x08001cac                SWPMI1_IRQHandler
                0x08001cac                LPTIM1_IRQHandler
                0x08001cac                SAI1_IRQHandler
                0x08001cac                DMA2_Channel3_IRQHandler
                0x08001cac                TIM1_BRK_TIM15_IRQHandler
 *fill*         0x08001cae        0x2 
 .text.HAL_InitTick
                0x08001cb0       0x4c ./Drivers/STM32L4xx_HAL_Driver/Src/stm32l4xx_hal.o
                0x08001cb0                HAL_InitTick
 .text.HAL_Init
                0x08001cfc       0x1e ./Drivers/STM32L4xx_HAL_Driver/Src/stm32l4xx_hal.o
                0x08001cfc                HAL_Init
 *fill*         0x08001d1a        0x2 
 .text.HAL_IncTick
                0x08001d1c       0x18 ./Drivers/STM32L4xx_HAL_Driver/Src/stm32l4xx_hal.o
                0x08001d1c                HAL_IncTick
 .text.HAL_GetTick
                0x08001d34        0xc ./Drivers/STM32L4xx_HAL_Driver/Src/stm32l4xx_hal.o
                0x08001d34                HAL_GetTick
 .text.HAL_NVIC_SetPriorityGrouping
                0x08001d40       0x24 ./Drivers/STM32L4xx_HAL_Driver/Src/stm32l4xx_hal_cortex.o
                0x08001d40                HAL_NVIC_SetPriorityGrouping
 .text.HAL_NVIC_SetPriority
                0x08001d64       0x64 ./Drivers/STM32L4xx_HAL_Driver/Src/stm32l4xx_hal_cortex.o
                0x08001d64                HAL_NVIC_SetPriority
 .text.HAL_NVIC_EnableIRQ
                0x08001dc8       0x1c ./Drivers/STM32L4xx_HAL_Driver/Src/stm32l4xx_hal_cortex.o
                0x08001dc8                HAL_NVIC_EnableIRQ
 .text.HAL_SYSTICK_Config
                0x08001de4       0x28 ./Drivers/STM32L4xx_HAL_Driver/Src/stm32l4xx_hal_cortex.o
                0x08001de4                HAL_SYSTICK_Config
 .text.HAL_DMA_Init
                0x08001e0c       0xcc ./Drivers/STM32L4xx_HAL_Driver/Src/stm32l4xx_hal_dma.o
                0x08001e0c                HAL_DMA_Init
 .text.HAL_DMA_Start_IT
                0x08001ed8       0x7c ./Drivers/STM32L4xx_HAL_Driver/Src/stm32l4xx_hal_dma.o
                0x08001ed8                HAL_DMA_Start_IT
 .text.HAL_DMA_Abort
                0x08001f54       0x42 ./Drivers/STM32L4xx_HAL_Driver/Src/stm32l4xx_hal_dma.o
                0x08001f54                HAL_DMA_Abort
 .text.HAL_DMA_Abort_IT
                0x08001f96       0x48 ./Drivers/STM32L4xx_HAL_Driver/Src/stm32l4xx_hal_dma.o
                0x08001f96                HAL_DMA_Abort_IT
 .text.HAL_DMA_IRQHandler
                0x08001fde       0x94 ./Drivers/STM32L4xx_HAL_Driver/Src/stm32l4xx_hal_dma.o
                0x08001fde                HAL_DMA_IRQHandler
 *fill*         0x08002072        0x2 
 .text.HAL_GPIO_Init
                0x08002074      0x170 ./Drivers/STM32L4xx_HAL_Driver/Src/stm32l4xx_hal_gpio.o
                0x08002074                HAL_GPIO_Init
 .text.HAL_GPIO_ReadPin
                0x080021e4        0xc ./Drivers/STM32L4xx_HAL_Driver/Src/stm32l4xx_hal_gpio.o
                0x080021e4                HAL_GPIO_ReadPin
 .text.HAL_GPIO_WritePin
                0x080021f0        0xa ./Drivers/STM32L4xx_HAL_Driver/Src/stm32l4xx_hal_gpio.o
                0x080021f0                HAL_GPIO_WritePin
 *fill*         0x080021fa        0x2 
 .text.HAL_PWR_EnableBkUpAccess
                0x080021fc       0x10 ./Drivers/STM32L4xx_HAL_Driver/Src/stm32l4xx_hal_pwr.o
                0x080021fc                HAL_PWR_EnableBkUpAccess
 .text.HAL_PWREx_GetVoltageRange
                0x0800220c       0x10 ./Drivers/STM32L4xx_HAL_Driver/Src/stm32l4xx_hal_pwr_ex.o
                0x0800220c                HAL_PWREx_GetVoltageRange
 .text.HAL_PWREx_ControlVoltageScaling
                0x0800221c       0x6c ./Drivers/STM32L4xx_HAL_Driver/Src/stm32l4xx_hal_pwr_ex.o
                0x0800221c                HAL_PWREx_ControlVoltageScaling
 .text.RCC_SetFlashLatencyFromMSIRange
                0x08002288       0x84 ./Drivers/STM32L4xx_HAL_Driver/Src/stm32l4xx_hal_rcc.o
 .text.HAL_RCC_GetSysClockFreq
                0x0800230c       0x94 ./Drivers/STM32L4xx_HAL_Driver/Src/stm32l4xx_hal_rcc.o
                0x0800230c                HAL_RCC_GetSysClockFreq
 .text.HAL_RCC_OscConfig
                0x080023a0      0x544 ./Drivers/STM32L4xx_HAL_Driver/Src/stm32l4xx_hal_rcc.o
                0x080023a0                HAL_RCC_OscConfig
 .text.HAL_RCC_ClockConfig
                0x080028e4      0x154 ./Drivers/STM32L4xx_HAL_Driver/Src/stm32l4xx_hal_rcc.o
                0x080028e4                HAL_RCC_ClockConfig
 .text.HAL_RCC_GetPCLK1Freq
                0x08002a38       0x24 ./Drivers/STM32L4xx_HAL_Driver/Src/stm32l4xx_hal_rcc.o
                0x08002a38                HAL_RCC_GetPCLK1Freq
 .text.HAL_RCC_GetPCLK2Freq
                0x08002a5c       0x24 ./Drivers/STM32L4xx_HAL_Driver/Src/stm32l4xx_hal_rcc.o
                0x08002a5c                HAL_RCC_GetPCLK2Freq
 .text.RCCEx_PLLSAI1_Config
                0x08002a80      0x10c ./Drivers/STM32L4xx_HAL_Driver/Src/stm32l4xx_hal_rcc_ex.o
 .text.HAL_RCCEx_PeriphCLKConfig
                0x08002b8c      0x2a0 ./Drivers/STM32L4xx_HAL_Driver/Src/stm32l4xx_hal_rcc_ex.o
                0x08002b8c                HAL_RCCEx_PeriphCLKConfig
 .text.HAL_RCCEx_EnableMSIPLLMode
                0x08002e2c       0x10 ./Drivers/STM32L4xx_HAL_Driver/Src/stm32l4xx_hal_rcc_ex.o
                0x08002e2c                HAL_RCCEx_EnableMSIPLLMode
 .text.TIM_OC1_SetConfig
                0x08002e3c       0x64 ./Drivers/STM32L4xx_HAL_Driver/Src/stm32l4xx_hal_tim.o
 .text.TIM_OC3_SetConfig
                0x08002ea0       0x6c ./Drivers/STM32L4xx_HAL_Driver/Src/stm32l4xx_hal_tim.o
 .text.TIM_OC4_SetConfig
                0x08002f0c       0x58 ./Drivers/STM32L4xx_HAL_Driver/Src/stm32l4xx_hal_tim.o
 .text.TIM_OC5_SetConfig
                0x08002f64       0x58 ./Drivers/STM32L4xx_HAL_Driver/Src/stm32l4xx_hal_tim.o
 .text.TIM_OC6_SetConfig
                0x08002fbc       0x58 ./Drivers/STM32L4xx_HAL_Driver/Src/stm32l4xx_hal_tim.o
 .text.HAL_TIM_Base_Start_IT
                0x08003014       0x54 ./Drivers/STM32L4xx_HAL_Driver/Src/stm32l4xx_hal_tim.o
                0x08003014                HAL_TIM_Base_Start_IT
 .text.HAL_TIM_Base_Stop_IT
                0x08003068       0x30 ./Drivers/STM32L4xx_HAL_Driver/Src/stm32l4xx_hal_tim.o
                0x08003068                HAL_TIM_Base_Stop_IT
 .text.TIM_Base_SetConfig
                0x08003098       0x78 ./Drivers/STM32L4xx_HAL_Driver/Src/stm32l4xx_hal_tim.o
                0x08003098                TIM_Base_SetConfig
 .text.HAL_TIM_PWM_Init
                0x08003110       0x60 ./Drivers/STM32L4xx_HAL_Driver/Src/stm32l4xx_hal_tim.o
                0x08003110                HAL_TIM_PWM_Init
 .text.TIM_OC2_SetConfig
                0x08003170       0x70 ./Drivers/STM32L4xx_HAL_Driver/Src/stm32l4xx_hal_tim.o
                0x08003170                TIM_OC2_SetConfig
 .text.HAL_TIM_PWM_ConfigChannel
                0x080031e0       0xf8 ./Drivers/STM32L4xx_HAL_Driver/Src/stm32l4xx_hal_tim.o
                0x080031e0                HAL_TIM_PWM_ConfigChannel
 .text.TIM_CCxChannelCmd
                0x080032d8       0x1c ./Drivers/STM32L4xx_HAL_Driver/Src/stm32l4xx_hal_tim.o
                0x080032d8                TIM_CCxChannelCmd
 .text.HAL_TIM_OC_Start
                0x080032f4       0xe0 ./Drivers/STM32L4xx_HAL_Driver/Src/stm32l4xx_hal_tim.o
                0x080032f4                HAL_TIM_OC_Start
 .text.HAL_TIM_PWM_Start
                0x080033d4        0x4 ./Drivers/STM32L4xx_HAL_Driver/Src/stm32l4xx_hal_tim.o
                0x080033d4                HAL_TIM_PWM_Start
 .text.HAL_TIM_OC_Stop
                0x080033d8       0xa0 ./Drivers/STM32L4xx_HAL_Driver/Src/stm32l4xx_hal_tim.o
                0x080033d8                HAL_TIM_OC_Stop
 .text.HAL_TIM_PWM_Stop
                0x08003478        0x4 ./Drivers/STM32L4xx_HAL_Driver/Src/stm32l4xx_hal_tim.o
                0x08003478                HAL_TIM_PWM_Stop
 .text.HAL_TIMEx_MasterConfigSynchronization
                0x0800347c       0x64 ./Drivers/STM32L4xx_HAL_Driver/Src/stm32l4xx_hal_tim_ex.o
                0x0800347c                HAL_TIMEx_MasterConfigSynchronization
 .text.HAL_TIMEx_ConfigBreakDeadTime
                0x080034e0       0x7c ./Drivers/STM32L4xx_HAL_Driver/Src/stm32l4xx_hal_tim_ex.o
                0x080034e0                HAL_TIMEx_ConfigBreakDeadTime
 .text.UART_EndRxTransfer
                0x0800355c       0x50 ./Drivers/STM32L4xx_HAL_Driver/Src/stm32l4xx_hal_uart.o
 .text.HAL_UART_TxCpltCallback
                0x080035ac        0x2 ./Drivers/STM32L4xx_HAL_Driver/Src/stm32l4xx_hal_uart.o
                0x080035ac                HAL_UART_TxCpltCallback
 .text.HAL_UART_RxCpltCallback
                0x080035ae        0x2 ./Drivers/STM32L4xx_HAL_Driver/Src/stm32l4xx_hal_uart.o
                0x080035ae                HAL_UART_RxCpltCallback
 .text.HAL_UART_RxHalfCpltCallback
                0x080035b0        0x2 ./Drivers/STM32L4xx_HAL_Driver/Src/stm32l4xx_hal_uart.o
                0x080035b0                HAL_UART_RxHalfCpltCallback
 .text.UART_DMAError
                0x080035b2       0x56 ./Drivers/STM32L4xx_HAL_Driver/Src/stm32l4xx_hal_uart.o
 .text.UART_DMAAbortOnError
                0x08003608       0x14 ./Drivers/STM32L4xx_HAL_Driver/Src/stm32l4xx_hal_uart.o
 .text.HAL_UARTEx_RxEventCallback
                0x0800361c        0x2 ./Drivers/STM32L4xx_HAL_Driver/Src/stm32l4xx_hal_uart.o
                0x0800361c                HAL_UARTEx_RxEventCallback
 *fill*         0x0800361e        0x2 
 .text.HAL_UART_IRQHandler
                0x08003620      0x2a8 ./Drivers/STM32L4xx_HAL_Driver/Src/stm32l4xx_hal_uart.o
                0x08003620                HAL_UART_IRQHandler
 .text.UART_DMARxHalfCplt
                0x080038c8       0x20 ./Drivers/STM32L4xx_HAL_Driver/Src/stm32l4xx_hal_uart.o
 .text.UART_DMAReceiveCplt
                0x080038e8       0x8e ./Drivers/STM32L4xx_HAL_Driver/Src/stm32l4xx_hal_uart.o
 *fill*         0x08003976        0x2 
 .text.UART_SetConfig
                0x08003978      0x1ac ./Drivers/STM32L4xx_HAL_Driver/Src/stm32l4xx_hal_uart.o
                0x08003978                UART_SetConfig
 .text.UART_AdvFeatureConfig
                0x08003b24       0xa8 ./Drivers/STM32L4xx_HAL_Driver/Src/stm32l4xx_hal_uart.o
                0x08003b24                UART_AdvFeatureConfig
 .text.UART_WaitOnFlagUntilTimeout
                0x08003bcc       0x90 ./Drivers/STM32L4xx_HAL_Driver/Src/stm32l4xx_hal_uart.o
                0x08003bcc                UART_WaitOnFlagUntilTimeout
 .text.UART_CheckIdleState
                0x08003c5c       0xb2 ./Drivers/STM32L4xx_HAL_Driver/Src/stm32l4xx_hal_uart.o
                0x08003c5c                UART_CheckIdleState
 .text.HAL_UART_Init
                0x08003d0e       0x5c ./Drivers/STM32L4xx_HAL_Driver/Src/stm32l4xx_hal_uart.o
                0x08003d0e                HAL_UART_Init
 *fill*         0x08003d6a        0x2 
 .text.UART_Start_Receive_DMA
                0x08003d6c       0x9c ./Drivers/STM32L4xx_HAL_Driver/Src/stm32l4xx_hal_uart.o
                0x08003d6c                UART_Start_Receive_DMA
 .text.HAL_UART_Receive_DMA
                0x08003e08       0x44 ./Drivers/STM32L4xx_HAL_Driver/Src/stm32l4xx_hal_uart.o
                0x08003e08                HAL_UART_Receive_DMA
 .text.HAL_UARTEx_WakeupCallback
                0x08003e4c        0x2 ./Drivers/STM32L4xx_HAL_Driver/Src/stm32l4xx_hal_uart_ex.o
                0x08003e4c                HAL_UARTEx_WakeupCallback
 .text.SCPI_RegGet
                0x08003e4e       0x32 X:\github\Jigu-GPIO_with_scpilib\Jigu-GPIO\libscpi\dist\libscpi.a(ieee488.o)
                0x08003e4e                SCPI_RegGet
 .text.writeControl
                0x08003e80       0x44 X:\github\Jigu-GPIO_with_scpilib\Jigu-GPIO\libscpi\dist\libscpi.a(ieee488.o)
 .text.SCPI_RegSet
                0x08003ec4      0x23c X:\github\Jigu-GPIO_with_scpilib\Jigu-GPIO\libscpi\dist\libscpi.a(ieee488.o)
                0x08003ec4                SCPI_RegSet
 .text.SCPI_RegSetBits
                0x08004100       0x36 X:\github\Jigu-GPIO_with_scpilib\Jigu-GPIO\libscpi\dist\libscpi.a(ieee488.o)
                0x08004100                SCPI_RegSetBits
 .text.SCPI_RegClearBits
                0x08004136       0x3e X:\github\Jigu-GPIO_with_scpilib\Jigu-GPIO\libscpi\dist\libscpi.a(ieee488.o)
                0x08004136                SCPI_RegClearBits
 .text.SCPI_CoreCls
                0x08004174       0x4c X:\github\Jigu-GPIO_with_scpilib\Jigu-GPIO\libscpi\dist\libscpi.a(ieee488.o)
                0x08004174                SCPI_CoreCls
 .text.SCPI_CoreEse
                0x080041c0       0x3a X:\github\Jigu-GPIO_with_scpilib\Jigu-GPIO\libscpi\dist\libscpi.a(ieee488.o)
                0x080041c0                SCPI_CoreEse
 .text.SCPI_CoreEseQ
                0x080041fa       0x24 X:\github\Jigu-GPIO_with_scpilib\Jigu-GPIO\libscpi\dist\libscpi.a(ieee488.o)
                0x080041fa                SCPI_CoreEseQ
 .text.SCPI_CoreEsrQ
                0x0800421e       0x2e X:\github\Jigu-GPIO_with_scpilib\Jigu-GPIO\libscpi\dist\libscpi.a(ieee488.o)
                0x0800421e                SCPI_CoreEsrQ
 .text.SCPI_CoreIdnQ
                0x0800424c       0x70 X:\github\Jigu-GPIO_with_scpilib\Jigu-GPIO\libscpi\dist\libscpi.a(ieee488.o)
                0x0800424c                SCPI_CoreIdnQ
 .text.SCPI_CoreOpc
                0x080042bc       0x1c X:\github\Jigu-GPIO_with_scpilib\Jigu-GPIO\libscpi\dist\libscpi.a(ieee488.o)
                0x080042bc                SCPI_CoreOpc
 .text.SCPI_CoreOpcQ
                0x080042d8       0x1a X:\github\Jigu-GPIO_with_scpilib\Jigu-GPIO\libscpi\dist\libscpi.a(ieee488.o)
                0x080042d8                SCPI_CoreOpcQ
 .text.SCPI_CoreRst
                0x080042f2       0x38 X:\github\Jigu-GPIO_with_scpilib\Jigu-GPIO\libscpi\dist\libscpi.a(ieee488.o)
                0x080042f2                SCPI_CoreRst
 .text.SCPI_CoreSre
                0x0800432a       0x3a X:\github\Jigu-GPIO_with_scpilib\Jigu-GPIO\libscpi\dist\libscpi.a(ieee488.o)
                0x0800432a                SCPI_CoreSre
 .text.SCPI_CoreSreQ
                0x08004364       0x24 X:\github\Jigu-GPIO_with_scpilib\Jigu-GPIO\libscpi\dist\libscpi.a(ieee488.o)
                0x08004364                SCPI_CoreSreQ
 .text.SCPI_CoreStbQ
                0x08004388       0x24 X:\github\Jigu-GPIO_with_scpilib\Jigu-GPIO\libscpi\dist\libscpi.a(ieee488.o)
                0x08004388                SCPI_CoreStbQ
 .text.SCPI_CoreWai
                0x080043ac       0x16 X:\github\Jigu-GPIO_with_scpilib\Jigu-GPIO\libscpi\dist\libscpi.a(ieee488.o)
                0x080043ac                SCPI_CoreWai
 *fill*         0x080043c2        0x2 
 .text.SCPI_SystemVersionQ
                0x080043c4       0x20 X:\github\Jigu-GPIO_with_scpilib\Jigu-GPIO\libscpi\dist\libscpi.a(minimal.o)
                0x080043c4                SCPI_SystemVersionQ
 .text.SCPI_SystemErrorNextQ
                0x080043e4       0x2a X:\github\Jigu-GPIO_with_scpilib\Jigu-GPIO\libscpi\dist\libscpi.a(minimal.o)
                0x080043e4                SCPI_SystemErrorNextQ
 .text.SCPI_SystemErrorCountQ
                0x0800440e       0x22 X:\github\Jigu-GPIO_with_scpilib\Jigu-GPIO\libscpi\dist\libscpi.a(minimal.o)
                0x0800440e                SCPI_SystemErrorCountQ
 .text.writeData
                0x08004430       0x34 X:\github\Jigu-GPIO_with_scpilib\Jigu-GPIO\libscpi\dist\libscpi.a(parser.o)
 .text.flushData
                0x08004464       0x38 X:\github\Jigu-GPIO_with_scpilib\Jigu-GPIO\libscpi\dist\libscpi.a(parser.o)
 .text.writeDelimiter
                0x0800449c       0x2c X:\github\Jigu-GPIO_with_scpilib\Jigu-GPIO\libscpi\dist\libscpi.a(parser.o)
 .text.writeNewLine
                0x080044c8       0x3c X:\github\Jigu-GPIO_with_scpilib\Jigu-GPIO\libscpi\dist\libscpi.a(parser.o)
 .text.writeSemicolon
                0x08004504       0x2c X:\github\Jigu-GPIO_with_scpilib\Jigu-GPIO\libscpi\dist\libscpi.a(parser.o)
 .text.processCommand
                0x08004530      0x108 X:\github\Jigu-GPIO_with_scpilib\Jigu-GPIO\libscpi\dist\libscpi.a(parser.o)
 .text.findCommandHeader
                0x08004638       0x70 X:\github\Jigu-GPIO_with_scpilib\Jigu-GPIO\libscpi\dist\libscpi.a(parser.o)
 .text.SCPI_Parse
                0x080046a8      0x158 X:\github\Jigu-GPIO_with_scpilib\Jigu-GPIO\libscpi\dist\libscpi.a(parser.o)
                0x080046a8                SCPI_Parse
 .text.SCPI_Init
                0x08004800       0x72 X:\github\Jigu-GPIO_with_scpilib\Jigu-GPIO\libscpi\dist\libscpi.a(parser.o)
                0x08004800                SCPI_Init
 .text.SCPI_Input
                0x08004872      0x14a X:\github\Jigu-GPIO_with_scpilib\Jigu-GPIO\libscpi\dist\libscpi.a(parser.o)
                0x08004872                SCPI_Input
 .text.SCPI_ResultCharacters
                0x080049bc       0x44 X:\github\Jigu-GPIO_with_scpilib\Jigu-GPIO\libscpi\dist\libscpi.a(parser.o)
                0x080049bc                SCPI_ResultCharacters
 .text.getBasePrefix
                0x08004a00       0x48 X:\github\Jigu-GPIO_with_scpilib\Jigu-GPIO\libscpi\dist\libscpi.a(parser.o)
 .text.resultUInt32BaseSign
                0x08004a48       0x8e X:\github\Jigu-GPIO_with_scpilib\Jigu-GPIO\libscpi\dist\libscpi.a(parser.o)
 .text.SCPI_ResultInt32
                0x08004ad6       0x20 X:\github\Jigu-GPIO_with_scpilib\Jigu-GPIO\libscpi\dist\libscpi.a(parser.o)
                0x08004ad6                SCPI_ResultInt32
 .text.SCPI_ResultUInt32Base
                0x08004af6       0x26 X:\github\Jigu-GPIO_with_scpilib\Jigu-GPIO\libscpi\dist\libscpi.a(parser.o)
                0x08004af6                SCPI_ResultUInt32Base
 .text.SCPI_ResultError
                0x08004b1c      0x214 X:\github\Jigu-GPIO_with_scpilib\Jigu-GPIO\libscpi\dist\libscpi.a(parser.o)
                0x08004b1c                SCPI_ResultError
 .text.SCPI_ResultBool
                0x08004d30       0x24 X:\github\Jigu-GPIO_with_scpilib\Jigu-GPIO\libscpi\dist\libscpi.a(parser.o)
                0x08004d30                SCPI_ResultBool
 .text.invalidateToken
                0x08004d54       0x28 X:\github\Jigu-GPIO_with_scpilib\Jigu-GPIO\libscpi\dist\libscpi.a(parser.o)
 .text.SCPI_Parameter
                0x08004d7c       0xd8 X:\github\Jigu-GPIO_with_scpilib\Jigu-GPIO\libscpi\dist\libscpi.a(parser.o)
                0x08004d7c                SCPI_Parameter
 .text.SCPI_ParamIsNumber
                0x08004e54       0x3c X:\github\Jigu-GPIO_with_scpilib\Jigu-GPIO\libscpi\dist\libscpi.a(parser.o)
                0x08004e54                SCPI_ParamIsNumber
 .text.ParamSignToUInt32
                0x08004e90       0xe8 X:\github\Jigu-GPIO_with_scpilib\Jigu-GPIO\libscpi\dist\libscpi.a(parser.o)
 .text.ParamSignToUInt64
                0x08004f78       0xe8 X:\github\Jigu-GPIO_with_scpilib\Jigu-GPIO\libscpi\dist\libscpi.a(parser.o)
 .text.SCPI_ParamToInt32
                0x08005060       0x22 X:\github\Jigu-GPIO_with_scpilib\Jigu-GPIO\libscpi\dist\libscpi.a(parser.o)
                0x08005060                SCPI_ParamToInt32
 .text.SCPI_ParamToUInt64
                0x08005082       0x22 X:\github\Jigu-GPIO_with_scpilib\Jigu-GPIO\libscpi\dist\libscpi.a(parser.o)
                0x08005082                SCPI_ParamToUInt64
 .text.SCPI_ParamToDouble
                0x080050a4       0x8c X:\github\Jigu-GPIO_with_scpilib\Jigu-GPIO\libscpi\dist\libscpi.a(parser.o)
                0x080050a4                SCPI_ParamToDouble
 .text.ParamSignUInt32
                0x08005130       0xa4 X:\github\Jigu-GPIO_with_scpilib\Jigu-GPIO\libscpi\dist\libscpi.a(parser.o)
 .text.SCPI_ParamInt32
                0x080051d4       0x24 X:\github\Jigu-GPIO_with_scpilib\Jigu-GPIO\libscpi\dist\libscpi.a(parser.o)
                0x080051d4                SCPI_ParamInt32
 .text.SCPI_ParamToChoice
                0x080051f8       0xc8 X:\github\Jigu-GPIO_with_scpilib\Jigu-GPIO\libscpi\dist\libscpi.a(parser.o)
                0x080051f8                SCPI_ParamToChoice
 .text.SCPI_ChoiceToName
                0x080052c0       0x56 X:\github\Jigu-GPIO_with_scpilib\Jigu-GPIO\libscpi\dist\libscpi.a(parser.o)
                0x080052c0                SCPI_ChoiceToName
 *fill*         0x08005316        0x2 
 .text.SCPI_ParamBool
                0x08005318       0xa8 X:\github\Jigu-GPIO_with_scpilib\Jigu-GPIO\libscpi\dist\libscpi.a(parser.o)
                0x08005318                SCPI_ParamBool
 .text.SCPI_ParamChoice
                0x080053c0       0x60 X:\github\Jigu-GPIO_with_scpilib\Jigu-GPIO\libscpi\dist\libscpi.a(parser.o)
                0x080053c0                SCPI_ParamChoice
 .text.scpiParser_parseProgramData
                0x08005420       0xec X:\github\Jigu-GPIO_with_scpilib\Jigu-GPIO\libscpi\dist\libscpi.a(parser.o)
                0x08005420                scpiParser_parseProgramData
 .text.scpiParser_parseAllProgramData
                0x0800550c       0xa0 X:\github\Jigu-GPIO_with_scpilib\Jigu-GPIO\libscpi\dist\libscpi.a(parser.o)
                0x0800550c                scpiParser_parseAllProgramData
 .text.scpiParser_detectProgramMessageUnit
                0x080055ac      0x134 X:\github\Jigu-GPIO_with_scpilib\Jigu-GPIO\libscpi\dist\libscpi.a(parser.o)
                0x080055ac                scpiParser_detectProgramMessageUnit
 .text.translateUnit
                0x080056e0       0x70 X:\github\Jigu-GPIO_with_scpilib\Jigu-GPIO\libscpi\dist\libscpi.a(units.o)
 .text.transformNumber
                0x08005750       0x82 X:\github\Jigu-GPIO_with_scpilib\Jigu-GPIO\libscpi\dist\libscpi.a(units.o)
 *fill*         0x080057d2        0x2 
 .text.SCPI_ParamNumber
                0x080057d4      0x1e8 X:\github\Jigu-GPIO_with_scpilib\Jigu-GPIO\libscpi\dist\libscpi.a(units.o)
                0x080057d4                SCPI_ParamNumber
 .text.strnpbrk
                0x080059bc       0x60 X:\github\Jigu-GPIO_with_scpilib\Jigu-GPIO\libscpi\dist\libscpi.a(utils.o)
                0x080059bc                strnpbrk
 .text.UInt32ToStrBaseSign
                0x08005a1c      0x140 X:\github\Jigu-GPIO_with_scpilib\Jigu-GPIO\libscpi\dist\libscpi.a(utils.o)
                0x08005a1c                UInt32ToStrBaseSign
 .text.strBaseToInt32
                0x08005b5c       0x32 X:\github\Jigu-GPIO_with_scpilib\Jigu-GPIO\libscpi\dist\libscpi.a(utils.o)
                0x08005b5c                strBaseToInt32
 .text.strBaseToUInt32
                0x08005b8e       0x32 X:\github\Jigu-GPIO_with_scpilib\Jigu-GPIO\libscpi\dist\libscpi.a(utils.o)
                0x08005b8e                strBaseToUInt32
 .text.strBaseToInt64
                0x08005bc0       0x36 X:\github\Jigu-GPIO_with_scpilib\Jigu-GPIO\libscpi\dist\libscpi.a(utils.o)
                0x08005bc0                strBaseToInt64
 .text.strBaseToUInt64
                0x08005bf6       0x36 X:\github\Jigu-GPIO_with_scpilib\Jigu-GPIO\libscpi\dist\libscpi.a(utils.o)
                0x08005bf6                strBaseToUInt64
 .text.strToDouble
                0x08005c2c       0x32 X:\github\Jigu-GPIO_with_scpilib\Jigu-GPIO\libscpi\dist\libscpi.a(utils.o)
                0x08005c2c                strToDouble
 .text.compareStr
                0x08005c5e       0x38 X:\github\Jigu-GPIO_with_scpilib\Jigu-GPIO\libscpi\dist\libscpi.a(utils.o)
                0x08005c5e                compareStr
 *fill*         0x08005c96        0x2 
 .text.compareStrAndNum
                0x08005c98       0xb0 X:\github\Jigu-GPIO_with_scpilib\Jigu-GPIO\libscpi\dist\libscpi.a(utils.o)
                0x08005c98                compareStrAndNum
 .text.skipWhitespace
                0x08005d48       0x4c X:\github\Jigu-GPIO_with_scpilib\Jigu-GPIO\libscpi\dist\libscpi.a(utils.o)
                0x08005d48                skipWhitespace
 .text.patternSeparatorShortPos
                0x08005d94       0x58 X:\github\Jigu-GPIO_with_scpilib\Jigu-GPIO\libscpi\dist\libscpi.a(utils.o)
 .text.patternSeparatorPos
                0x08005dec       0x34 X:\github\Jigu-GPIO_with_scpilib\Jigu-GPIO\libscpi\dist\libscpi.a(utils.o)
 .text.cmdSeparatorPos
                0x08005e20       0x38 X:\github\Jigu-GPIO_with_scpilib\Jigu-GPIO\libscpi\dist\libscpi.a(utils.o)
 .text.matchPattern
                0x08005e58       0xb2 X:\github\Jigu-GPIO_with_scpilib\Jigu-GPIO\libscpi\dist\libscpi.a(utils.o)
                0x08005e58                matchPattern
 .text.matchCommand
                0x08005f0a      0x392 X:\github\Jigu-GPIO_with_scpilib\Jigu-GPIO\libscpi\dist\libscpi.a(utils.o)
                0x08005f0a                matchCommand
 .text.composeCompoundCommand
                0x0800629c       0xc8 X:\github\Jigu-GPIO_with_scpilib\Jigu-GPIO\libscpi\dist\libscpi.a(utils.o)
                0x0800629c                composeCompoundCommand
 .text.SCPI_ErrorInit
                0x08006364       0x26 X:\github\Jigu-GPIO_with_scpilib\Jigu-GPIO\libscpi\dist\libscpi.a(error.o)
                0x08006364                SCPI_ErrorInit
 .text.SCPI_ErrorEmitEmpty
                0x0800638a       0x56 X:\github\Jigu-GPIO_with_scpilib\Jigu-GPIO\libscpi\dist\libscpi.a(error.o)
 .text.SCPI_ErrorEmit
                0x080063e0       0x40 X:\github\Jigu-GPIO_with_scpilib\Jigu-GPIO\libscpi\dist\libscpi.a(error.o)
 .text.SCPI_ErrorClear
                0x08006420       0x20 X:\github\Jigu-GPIO_with_scpilib\Jigu-GPIO\libscpi\dist\libscpi.a(error.o)
                0x08006420                SCPI_ErrorClear
 .text.SCPI_ErrorPop
                0x08006440       0x3c X:\github\Jigu-GPIO_with_scpilib\Jigu-GPIO\libscpi\dist\libscpi.a(error.o)
                0x08006440                SCPI_ErrorPop
 .text.SCPI_ErrorCount
                0x0800647c       0x28 X:\github\Jigu-GPIO_with_scpilib\Jigu-GPIO\libscpi\dist\libscpi.a(error.o)
                0x0800647c                SCPI_ErrorCount
 .text.SCPI_ErrorAddInternal
                0x080064a4       0x72 X:\github\Jigu-GPIO_with_scpilib\Jigu-GPIO\libscpi\dist\libscpi.a(error.o)
 *fill*         0x08006516        0x2 
 .text.SCPI_ErrorPushEx
                0x08006518       0xec X:\github\Jigu-GPIO_with_scpilib\Jigu-GPIO\libscpi\dist\libscpi.a(error.o)
                0x08006518                SCPI_ErrorPushEx
 .text.SCPI_ErrorPush
                0x08006604       0x22 X:\github\Jigu-GPIO_with_scpilib\Jigu-GPIO\libscpi\dist\libscpi.a(error.o)
                0x08006604                SCPI_ErrorPush
 *fill*         0x08006626        0x2 
 .text.SCPI_ErrorTranslate
                0x08006628      0x228 X:\github\Jigu-GPIO_with_scpilib\Jigu-GPIO\libscpi\dist\libscpi.a(error.o)
                0x08006628                SCPI_ErrorTranslate
 .text.fifo_init
                0x08006850       0x38 X:\github\Jigu-GPIO_with_scpilib\Jigu-GPIO\libscpi\dist\libscpi.a(fifo.o)
                0x08006850                fifo_init
 .text.fifo_clear
                0x08006888       0x26 X:\github\Jigu-GPIO_with_scpilib\Jigu-GPIO\libscpi\dist\libscpi.a(fifo.o)
                0x08006888                fifo_clear
 .text.fifo_is_empty
                0x080068ae       0x24 X:\github\Jigu-GPIO_with_scpilib\Jigu-GPIO\libscpi\dist\libscpi.a(fifo.o)
                0x080068ae                fifo_is_empty
 .text.fifo_is_full
                0x080068d2       0x2a X:\github\Jigu-GPIO_with_scpilib\Jigu-GPIO\libscpi\dist\libscpi.a(fifo.o)
                0x080068d2                fifo_is_full
 .text.fifo_add
                0x080068fc       0x72 X:\github\Jigu-GPIO_with_scpilib\Jigu-GPIO\libscpi\dist\libscpi.a(fifo.o)
                0x080068fc                fifo_add
 .text.fifo_remove
                0x0800696e       0x6e X:\github\Jigu-GPIO_with_scpilib\Jigu-GPIO\libscpi\dist\libscpi.a(fifo.o)
                0x0800696e                fifo_remove
 .text.fifo_remove_last
                0x080069dc       0x78 X:\github\Jigu-GPIO_with_scpilib\Jigu-GPIO\libscpi\dist\libscpi.a(fifo.o)
                0x080069dc                fifo_remove_last
 .text.fifo_count
                0x08006a54       0x22 X:\github\Jigu-GPIO_with_scpilib\Jigu-GPIO\libscpi\dist\libscpi.a(fifo.o)
                0x08006a54                fifo_count
 .text.isws     0x08006a76       0x26 X:\github\Jigu-GPIO_with_scpilib\Jigu-GPIO\libscpi\dist\libscpi.a(lexer.o)
 .text.isbdigit
                0x08006a9c       0x26 X:\github\Jigu-GPIO_with_scpilib\Jigu-GPIO\libscpi\dist\libscpi.a(lexer.o)
 .text.isqdigit
                0x08006ac2       0x4a X:\github\Jigu-GPIO_with_scpilib\Jigu-GPIO\libscpi\dist\libscpi.a(lexer.o)
 .text.iseos    0x08006b0c       0x2c X:\github\Jigu-GPIO_with_scpilib\Jigu-GPIO\libscpi\dist\libscpi.a(lexer.o)
 .text.scpiLex_IsEos
                0x08006b38       0x18 X:\github\Jigu-GPIO_with_scpilib\Jigu-GPIO\libscpi\dist\libscpi.a(lexer.o)
                0x08006b38                scpiLex_IsEos
 .text.ischr    0x08006b50       0x2a X:\github\Jigu-GPIO_with_scpilib\Jigu-GPIO\libscpi\dist\libscpi.a(lexer.o)
 .text.isplusmn
                0x08006b7a       0x26 X:\github\Jigu-GPIO_with_scpilib\Jigu-GPIO\libscpi\dist\libscpi.a(lexer.o)
 .text.isH      0x08006ba0       0x26 X:\github\Jigu-GPIO_with_scpilib\Jigu-GPIO\libscpi\dist\libscpi.a(lexer.o)
 .text.isB      0x08006bc6       0x26 X:\github\Jigu-GPIO_with_scpilib\Jigu-GPIO\libscpi\dist\libscpi.a(lexer.o)
 .text.isQ      0x08006bec       0x26 X:\github\Jigu-GPIO_with_scpilib\Jigu-GPIO\libscpi\dist\libscpi.a(lexer.o)
 .text.isE      0x08006c12       0x26 X:\github\Jigu-GPIO_with_scpilib\Jigu-GPIO\libscpi\dist\libscpi.a(lexer.o)
 .text.skipWs   0x08006c38       0x46 X:\github\Jigu-GPIO_with_scpilib\Jigu-GPIO\libscpi\dist\libscpi.a(lexer.o)
 *fill*         0x08006c7e        0x2 
 .text.skipDigit
                0x08006c80       0x48 X:\github\Jigu-GPIO_with_scpilib\Jigu-GPIO\libscpi\dist\libscpi.a(lexer.o)
 .text.skipNumbers
                0x08006cc8       0x50 X:\github\Jigu-GPIO_with_scpilib\Jigu-GPIO\libscpi\dist\libscpi.a(lexer.o)
 .text.skipPlusmn
                0x08006d18       0x3e X:\github\Jigu-GPIO_with_scpilib\Jigu-GPIO\libscpi\dist\libscpi.a(lexer.o)
 *fill*         0x08006d56        0x2 
 .text.skipAlpha
                0x08006d58       0x50 X:\github\Jigu-GPIO_with_scpilib\Jigu-GPIO\libscpi\dist\libscpi.a(lexer.o)
 .text.skipChr  0x08006da8       0x40 X:\github\Jigu-GPIO_with_scpilib\Jigu-GPIO\libscpi\dist\libscpi.a(lexer.o)
 .text.skipSlashDot
                0x08006de8       0x46 X:\github\Jigu-GPIO_with_scpilib\Jigu-GPIO\libscpi\dist\libscpi.a(lexer.o)
 .text.skipStar
                0x08006e2e       0x3a X:\github\Jigu-GPIO_with_scpilib\Jigu-GPIO\libscpi\dist\libscpi.a(lexer.o)
 .text.skipColon
                0x08006e68       0x3a X:\github\Jigu-GPIO_with_scpilib\Jigu-GPIO\libscpi\dist\libscpi.a(lexer.o)
 *fill*         0x08006ea2        0x2 
 .text.skipProgramMnemonic
                0x08006ea4       0xa0 X:\github\Jigu-GPIO_with_scpilib\Jigu-GPIO\libscpi\dist\libscpi.a(lexer.o)
 .text.scpiLex_WhiteSpace
                0x08006f44       0x48 X:\github\Jigu-GPIO_with_scpilib\Jigu-GPIO\libscpi\dist\libscpi.a(lexer.o)
                0x08006f44                scpiLex_WhiteSpace
 .text.skipCommonProgramHeader
                0x08006f8c       0x58 X:\github\Jigu-GPIO_with_scpilib\Jigu-GPIO\libscpi\dist\libscpi.a(lexer.o)
 .text.skipCompoundProgramHeader
                0x08006fe4       0x6e X:\github\Jigu-GPIO_with_scpilib\Jigu-GPIO\libscpi\dist\libscpi.a(lexer.o)
 .text.scpiLex_ProgramHeader
                0x08007052       0xc2 X:\github\Jigu-GPIO_with_scpilib\Jigu-GPIO\libscpi\dist\libscpi.a(lexer.o)
                0x08007052                scpiLex_ProgramHeader
 .text.scpiLex_CharacterProgramData
                0x08007114       0xb0 X:\github\Jigu-GPIO_with_scpilib\Jigu-GPIO\libscpi\dist\libscpi.a(lexer.o)
                0x08007114                scpiLex_CharacterProgramData
 .text.skipMantisa
                0x080071c4       0x46 X:\github\Jigu-GPIO_with_scpilib\Jigu-GPIO\libscpi\dist\libscpi.a(lexer.o)
 .text.skipExponent
                0x0800720a       0x52 X:\github\Jigu-GPIO_with_scpilib\Jigu-GPIO\libscpi\dist\libscpi.a(lexer.o)
 .text.scpiLex_DecimalNumericProgramData
                0x0800725c       0x76 X:\github\Jigu-GPIO_with_scpilib\Jigu-GPIO\libscpi\dist\libscpi.a(lexer.o)
                0x0800725c                scpiLex_DecimalNumericProgramData
 .text.scpiLex_SuffixProgramData
                0x080072d2       0x94 X:\github\Jigu-GPIO_with_scpilib\Jigu-GPIO\libscpi\dist\libscpi.a(lexer.o)
                0x080072d2                scpiLex_SuffixProgramData
 *fill*         0x08007366        0x2 
 .text.skipHexNum
                0x08007368       0x50 X:\github\Jigu-GPIO_with_scpilib\Jigu-GPIO\libscpi\dist\libscpi.a(lexer.o)
 .text.skipOctNum
                0x080073b8       0x46 X:\github\Jigu-GPIO_with_scpilib\Jigu-GPIO\libscpi\dist\libscpi.a(lexer.o)
 .text.skipBinNum
                0x080073fe       0x46 X:\github\Jigu-GPIO_with_scpilib\Jigu-GPIO\libscpi\dist\libscpi.a(lexer.o)
 .text.scpiLex_NondecimalNumericData
                0x08007444      0x100 X:\github\Jigu-GPIO_with_scpilib\Jigu-GPIO\libscpi\dist\libscpi.a(lexer.o)
                0x08007444                scpiLex_NondecimalNumericData
 .text.isascii7bit
                0x08007544       0x26 X:\github\Jigu-GPIO_with_scpilib\Jigu-GPIO\libscpi\dist\libscpi.a(lexer.o)
 .text.skipQuoteProgramData
                0x0800756a       0xa2 X:\github\Jigu-GPIO_with_scpilib\Jigu-GPIO\libscpi\dist\libscpi.a(lexer.o)
 .text.skipDoubleQuoteProgramData
                0x0800760c       0x18 X:\github\Jigu-GPIO_with_scpilib\Jigu-GPIO\libscpi\dist\libscpi.a(lexer.o)
 .text.skipSingleQuoteProgramData
                0x08007624       0x18 X:\github\Jigu-GPIO_with_scpilib\Jigu-GPIO\libscpi\dist\libscpi.a(lexer.o)
 .text.scpiLex_StringProgramData
                0x0800763c      0x11a X:\github\Jigu-GPIO_with_scpilib\Jigu-GPIO\libscpi\dist\libscpi.a(lexer.o)
                0x0800763c                scpiLex_StringProgramData
 *fill*         0x08007756        0x2 
 .text.isNonzeroDigit
                0x08007758       0x38 X:\github\Jigu-GPIO_with_scpilib\Jigu-GPIO\libscpi\dist\libscpi.a(lexer.o)
 .text.scpiLex_ArbitraryBlockProgramData
                0x08007790      0x180 X:\github\Jigu-GPIO_with_scpilib\Jigu-GPIO\libscpi\dist\libscpi.a(lexer.o)
                0x08007790                scpiLex_ArbitraryBlockProgramData
 .text.isProgramExpression
                0x08007910       0x4a X:\github\Jigu-GPIO_with_scpilib\Jigu-GPIO\libscpi\dist\libscpi.a(lexer.o)
 .text.skipProgramExpression
                0x0800795a       0x3a X:\github\Jigu-GPIO_with_scpilib\Jigu-GPIO\libscpi\dist\libscpi.a(lexer.o)
 .text.scpiLex_ProgramExpression
                0x08007994       0xa6 X:\github\Jigu-GPIO_with_scpilib\Jigu-GPIO\libscpi\dist\libscpi.a(lexer.o)
                0x08007994                scpiLex_ProgramExpression
 .text.scpiLex_Comma
                0x08007a3a       0x46 X:\github\Jigu-GPIO_with_scpilib\Jigu-GPIO\libscpi\dist\libscpi.a(lexer.o)
                0x08007a3a                scpiLex_Comma
 .text.scpiLex_Semicolon
                0x08007a80       0x46 X:\github\Jigu-GPIO_with_scpilib\Jigu-GPIO\libscpi\dist\libscpi.a(lexer.o)
                0x08007a80                scpiLex_Semicolon
 .text.scpiLex_NewLine
                0x08007ac6       0x60 X:\github\Jigu-GPIO_with_scpilib\Jigu-GPIO\libscpi\dist\libscpi.a(lexer.o)
                0x08007ac6                scpiLex_NewLine
 .text.sulp     0x08007b26       0x3c C:/ST/STM32CubeIDE_1.19.0/STM32CubeIDE/plugins/com.st.stm32cube.ide.mcu.externaltools.gnu-tools-for-stm32.13.3.rel1.win32_1.0.0.202411081344/tools/bin/../lib/gcc/arm-none-eabi/13.3.1/../../../../arm-none-eabi/lib/thumb/v7e-m+fp/hard\libc_nano.a(libc_a-strtod.o)
 *fill*         0x08007b62        0x6 
 .text._strtod_l
                0x08007b68      0xbc8 C:/ST/STM32CubeIDE_1.19.0/STM32CubeIDE/plugins/com.st.stm32cube.ide.mcu.externaltools.gnu-tools-for-stm32.13.3.rel1.win32_1.0.0.202411081344/tools/bin/../lib/gcc/arm-none-eabi/13.3.1/../../../../arm-none-eabi/lib/thumb/v7e-m+fp/hard\libc_nano.a(libc_a-strtod.o)
                0x08007b68                _strtod_l
 .text.strtod   0x08008730       0x18 C:/ST/STM32CubeIDE_1.19.0/STM32CubeIDE/plugins/com.st.stm32cube.ide.mcu.externaltools.gnu-tools-for-stm32.13.3.rel1.win32_1.0.0.202411081344/tools/bin/../lib/gcc/arm-none-eabi/13.3.1/../../../../arm-none-eabi/lib/thumb/v7e-m+fp/hard\libc_nano.a(libc_a-strtod.o)
                0x08008730                strtod
 .text._strtol_l.isra.0
                0x08008748       0xf4 C:/ST/STM32CubeIDE_1.19.0/STM32CubeIDE/plugins/com.st.stm32cube.ide.mcu.externaltools.gnu-tools-for-stm32.13.3.rel1.win32_1.0.0.202411081344/tools/bin/../lib/gcc/arm-none-eabi/13.3.1/../../../../arm-none-eabi/lib/thumb/v7e-m+fp/hard\libc_nano.a(libc_a-strtol.o)
 .text.strtol   0x0800883c       0x14 C:/ST/STM32CubeIDE_1.19.0/STM32CubeIDE/plugins/com.st.stm32cube.ide.mcu.externaltools.gnu-tools-for-stm32.13.3.rel1.win32_1.0.0.202411081344/tools/bin/../lib/gcc/arm-none-eabi/13.3.1/../../../../arm-none-eabi/lib/thumb/v7e-m+fp/hard\libc_nano.a(libc_a-strtol.o)
                0x0800883c                strtol
 .text._strtoul_l.isra.0
                0x08008850       0xdc C:/ST/STM32CubeIDE_1.19.0/STM32CubeIDE/plugins/com.st.stm32cube.ide.mcu.externaltools.gnu-tools-for-stm32.13.3.rel1.win32_1.0.0.202411081344/tools/bin/../lib/gcc/arm-none-eabi/13.3.1/../../../../arm-none-eabi/lib/thumb/v7e-m+fp/hard\libc_nano.a(libc_a-strtoul.o)
 .text.strtoul  0x0800892c       0x14 C:/ST/STM32CubeIDE_1.19.0/STM32CubeIDE/plugins/com.st.stm32cube.ide.mcu.externaltools.gnu-tools-for-stm32.13.3.rel1.win32_1.0.0.202411081344/tools/bin/../lib/gcc/arm-none-eabi/13.3.1/../../../../arm-none-eabi/lib/thumb/v7e-m+fp/hard\libc_nano.a(libc_a-strtoul.o)
                0x0800892c                strtoul
 .text._strtoll_l.isra.0
                0x08008940      0x11c C:/ST/STM32CubeIDE_1.19.0/STM32CubeIDE/plugins/com.st.stm32cube.ide.mcu.externaltools.gnu-tools-for-stm32.13.3.rel1.win32_1.0.0.202411081344/tools/bin/../lib/gcc/arm-none-eabi/13.3.1/../../../../arm-none-eabi/lib/thumb/v7e-m+fp/hard\libc_nano.a(libc_a-strtoll.o)
 .text.strtoll  0x08008a5c       0x14 C:/ST/STM32CubeIDE_1.19.0/STM32CubeIDE/plugins/com.st.stm32cube.ide.mcu.externaltools.gnu-tools-for-stm32.13.3.rel1.win32_1.0.0.202411081344/tools/bin/../lib/gcc/arm-none-eabi/13.3.1/../../../../arm-none-eabi/lib/thumb/v7e-m+fp/hard\libc_nano.a(libc_a-strtoll.o)
                0x08008a5c                strtoll
 .text._strtoull_l.isra.0
                0x08008a70      0x12c C:/ST/STM32CubeIDE_1.19.0/STM32CubeIDE/plugins/com.st.stm32cube.ide.mcu.externaltools.gnu-tools-for-stm32.13.3.rel1.win32_1.0.0.202411081344/tools/bin/../lib/gcc/arm-none-eabi/13.3.1/../../../../arm-none-eabi/lib/thumb/v7e-m+fp/hard\libc_nano.a(libc_a-strtoull.o)
 .text.strtoull
                0x08008b9c       0x14 C:/ST/STM32CubeIDE_1.19.0/STM32CubeIDE/plugins/com.st.stm32cube.ide.mcu.externaltools.gnu-tools-for-stm32.13.3.rel1.win32_1.0.0.202411081344/tools/bin/../lib/gcc/arm-none-eabi/13.3.1/../../../../arm-none-eabi/lib/thumb/v7e-m+fp/hard\libc_nano.a(libc_a-strtoull.o)
                0x08008b9c                strtoull
 .text.std      0x08008bb0       0x6c C:/ST/STM32CubeIDE_1.19.0/STM32CubeIDE/plugins/com.st.stm32cube.ide.mcu.externaltools.gnu-tools-for-stm32.13.3.rel1.win32_1.0.0.202411081344/tools/bin/../lib/gcc/arm-none-eabi/13.3.1/../../../../arm-none-eabi/lib/thumb/v7e-m+fp/hard\libc_nano.a(libc_a-findfp.o)
 .text.stdio_exit_handler
                0x08008c1c       0x18 C:/ST/STM32CubeIDE_1.19.0/STM32CubeIDE/plugins/com.st.stm32cube.ide.mcu.externaltools.gnu-tools-for-stm32.13.3.rel1.win32_1.0.0.202411081344/tools/bin/../lib/gcc/arm-none-eabi/13.3.1/../../../../arm-none-eabi/lib/thumb/v7e-m+fp/hard\libc_nano.a(libc_a-findfp.o)
 .text.cleanup_stdio
                0x08008c34       0x40 C:/ST/STM32CubeIDE_1.19.0/STM32CubeIDE/plugins/com.st.stm32cube.ide.mcu.externaltools.gnu-tools-for-stm32.13.3.rel1.win32_1.0.0.202411081344/tools/bin/../lib/gcc/arm-none-eabi/13.3.1/../../../../arm-none-eabi/lib/thumb/v7e-m+fp/hard\libc_nano.a(libc_a-findfp.o)
 .text.global_stdio_init.part.0
                0x08008c74       0x3c C:/ST/STM32CubeIDE_1.19.0/STM32CubeIDE/plugins/com.st.stm32cube.ide.mcu.externaltools.gnu-tools-for-stm32.13.3.rel1.win32_1.0.0.202411081344/tools/bin/../lib/gcc/arm-none-eabi/13.3.1/../../../../arm-none-eabi/lib/thumb/v7e-m+fp/hard\libc_nano.a(libc_a-findfp.o)
 .text.__sfp_lock_acquire
                0x08008cb0        0xc C:/ST/STM32CubeIDE_1.19.0/STM32CubeIDE/plugins/com.st.stm32cube.ide.mcu.externaltools.gnu-tools-for-stm32.13.3.rel1.win32_1.0.0.202411081344/tools/bin/../lib/gcc/arm-none-eabi/13.3.1/../../../../arm-none-eabi/lib/thumb/v7e-m+fp/hard\libc_nano.a(libc_a-findfp.o)
                0x08008cb0                __sfp_lock_acquire
 .text.__sfp_lock_release
                0x08008cbc        0xc C:/ST/STM32CubeIDE_1.19.0/STM32CubeIDE/plugins/com.st.stm32cube.ide.mcu.externaltools.gnu-tools-for-stm32.13.3.rel1.win32_1.0.0.202411081344/tools/bin/../lib/gcc/arm-none-eabi/13.3.1/../../../../arm-none-eabi/lib/thumb/v7e-m+fp/hard\libc_nano.a(libc_a-findfp.o)
                0x08008cbc                __sfp_lock_release
 .text.__sinit  0x08008cc8       0x30 C:/ST/STM32CubeIDE_1.19.0/STM32CubeIDE/plugins/com.st.stm32cube.ide.mcu.externaltools.gnu-tools-for-stm32.13.3.rel1.win32_1.0.0.202411081344/tools/bin/../lib/gcc/arm-none-eabi/13.3.1/../../../../arm-none-eabi/lib/thumb/v7e-m+fp/hard\libc_nano.a(libc_a-findfp.o)
                0x08008cc8                __sinit
 .text._fwalk_sglue
                0x08008cf8       0x3c C:/ST/STM32CubeIDE_1.19.0/STM32CubeIDE/plugins/com.st.stm32cube.ide.mcu.externaltools.gnu-tools-for-stm32.13.3.rel1.win32_1.0.0.202411081344/tools/bin/../lib/gcc/arm-none-eabi/13.3.1/../../../../arm-none-eabi/lib/thumb/v7e-m+fp/hard\libc_nano.a(libc_a-fwalk.o)
                0x08008cf8                _fwalk_sglue
 .text.snprintf
                0x08008d34       0x6c C:/ST/STM32CubeIDE_1.19.0/STM32CubeIDE/plugins/com.st.stm32cube.ide.mcu.externaltools.gnu-tools-for-stm32.13.3.rel1.win32_1.0.0.202411081344/tools/bin/../lib/gcc/arm-none-eabi/13.3.1/../../../../arm-none-eabi/lib/thumb/v7e-m+fp/hard\libc_nano.a(libc_a-snprintf.o)
                0x08008d34                sniprintf
                0x08008d34                snprintf
 .text.__sread  0x08008da0       0x22 C:/ST/STM32CubeIDE_1.19.0/STM32CubeIDE/plugins/com.st.stm32cube.ide.mcu.externaltools.gnu-tools-for-stm32.13.3.rel1.win32_1.0.0.202411081344/tools/bin/../lib/gcc/arm-none-eabi/13.3.1/../../../../arm-none-eabi/lib/thumb/v7e-m+fp/hard\libc_nano.a(libc_a-stdio.o)
                0x08008da0                __sread
 .text.__swrite
                0x08008dc2       0x38 C:/ST/STM32CubeIDE_1.19.0/STM32CubeIDE/plugins/com.st.stm32cube.ide.mcu.externaltools.gnu-tools-for-stm32.13.3.rel1.win32_1.0.0.202411081344/tools/bin/../lib/gcc/arm-none-eabi/13.3.1/../../../../arm-none-eabi/lib/thumb/v7e-m+fp/hard\libc_nano.a(libc_a-stdio.o)
                0x08008dc2                __swrite
 .text.__sseek  0x08008dfa       0x24 C:/ST/STM32CubeIDE_1.19.0/STM32CubeIDE/plugins/com.st.stm32cube.ide.mcu.externaltools.gnu-tools-for-stm32.13.3.rel1.win32_1.0.0.202411081344/tools/bin/../lib/gcc/arm-none-eabi/13.3.1/../../../../arm-none-eabi/lib/thumb/v7e-m+fp/hard\libc_nano.a(libc_a-stdio.o)
                0x08008dfa                __sseek
 .text.__sclose
                0x08008e1e        0x8 C:/ST/STM32CubeIDE_1.19.0/STM32CubeIDE/plugins/com.st.stm32cube.ide.mcu.externaltools.gnu-tools-for-stm32.13.3.rel1.win32_1.0.0.202411081344/tools/bin/../lib/gcc/arm-none-eabi/13.3.1/../../../../arm-none-eabi/lib/thumb/v7e-m+fp/hard\libc_nano.a(libc_a-stdio.o)
                0x08008e1e                __sclose
 .text.memmove  0x08008e26       0x34 C:/ST/STM32CubeIDE_1.19.0/STM32CubeIDE/plugins/com.st.stm32cube.ide.mcu.externaltools.gnu-tools-for-stm32.13.3.rel1.win32_1.0.0.202411081344/tools/bin/../lib/gcc/arm-none-eabi/13.3.1/../../../../arm-none-eabi/lib/thumb/v7e-m+fp/hard\libc_nano.a(libc_a-memmove.o)
                0x08008e26                memmove
 .text.memset   0x08008e5a       0x10 C:/ST/STM32CubeIDE_1.19.0/STM32CubeIDE/plugins/com.st.stm32cube.ide.mcu.externaltools.gnu-tools-for-stm32.13.3.rel1.win32_1.0.0.202411081344/tools/bin/../lib/gcc/arm-none-eabi/13.3.1/../../../../arm-none-eabi/lib/thumb/v7e-m+fp/hard\libc_nano.a(libc_a-memset.o)
                0x08008e5a                memset
 *fill*         0x08008e6a        0x2 
 .text.strncasecmp
                0x08008e6c       0x40 C:/ST/STM32CubeIDE_1.19.0/STM32CubeIDE/plugins/com.st.stm32cube.ide.mcu.externaltools.gnu-tools-for-stm32.13.3.rel1.win32_1.0.0.202411081344/tools/bin/../lib/gcc/arm-none-eabi/13.3.1/../../../../arm-none-eabi/lib/thumb/v7e-m+fp/hard\libc_nano.a(libc_a-strncasecmp.o)
                0x08008e6c                strncasecmp
 .text.strncmp  0x08008eac       0x24 C:/ST/STM32CubeIDE_1.19.0/STM32CubeIDE/plugins/com.st.stm32cube.ide.mcu.externaltools.gnu-tools-for-stm32.13.3.rel1.win32_1.0.0.202411081344/tools/bin/../lib/gcc/arm-none-eabi/13.3.1/../../../../arm-none-eabi/lib/thumb/v7e-m+fp/hard\libc_nano.a(libc_a-strncmp.o)
                0x08008eac                strncmp
 .text.strnlen  0x08008ed0       0x18 C:/ST/STM32CubeIDE_1.19.0/STM32CubeIDE/plugins/com.st.stm32cube.ide.mcu.externaltools.gnu-tools-for-stm32.13.3.rel1.win32_1.0.0.202411081344/tools/bin/../lib/gcc/arm-none-eabi/13.3.1/../../../../arm-none-eabi/lib/thumb/v7e-m+fp/hard\libc_nano.a(libc_a-strnlen.o)
                0x08008ed0                strnlen
 .text._close_r
                0x08008ee8       0x20 C:/ST/STM32CubeIDE_1.19.0/STM32CubeIDE/plugins/com.st.stm32cube.ide.mcu.externaltools.gnu-tools-for-stm32.13.3.rel1.win32_1.0.0.202411081344/tools/bin/../lib/gcc/arm-none-eabi/13.3.1/../../../../arm-none-eabi/lib/thumb/v7e-m+fp/hard\libc_nano.a(libc_a-closer.o)
                0x08008ee8                _close_r
 .text._lseek_r
                0x08008f08       0x24 C:/ST/STM32CubeIDE_1.19.0/STM32CubeIDE/plugins/com.st.stm32cube.ide.mcu.externaltools.gnu-tools-for-stm32.13.3.rel1.win32_1.0.0.202411081344/tools/bin/../lib/gcc/arm-none-eabi/13.3.1/../../../../arm-none-eabi/lib/thumb/v7e-m+fp/hard\libc_nano.a(libc_a-lseekr.o)
                0x08008f08                _lseek_r
 .text._read_r  0x08008f2c       0x24 C:/ST/STM32CubeIDE_1.19.0/STM32CubeIDE/plugins/com.st.stm32cube.ide.mcu.externaltools.gnu-tools-for-stm32.13.3.rel1.win32_1.0.0.202411081344/tools/bin/../lib/gcc/arm-none-eabi/13.3.1/../../../../arm-none-eabi/lib/thumb/v7e-m+fp/hard\libc_nano.a(libc_a-readr.o)
                0x08008f2c                _read_r
 .text._write_r
                0x08008f50       0x24 C:/ST/STM32CubeIDE_1.19.0/STM32CubeIDE/plugins/com.st.stm32cube.ide.mcu.externaltools.gnu-tools-for-stm32.13.3.rel1.win32_1.0.0.202411081344/tools/bin/../lib/gcc/arm-none-eabi/13.3.1/../../../../arm-none-eabi/lib/thumb/v7e-m+fp/hard\libc_nano.a(libc_a-writer.o)
                0x08008f50                _write_r
 .text.__errno  0x08008f74        0xc C:/ST/STM32CubeIDE_1.19.0/STM32CubeIDE/plugins/com.st.stm32cube.ide.mcu.externaltools.gnu-tools-for-stm32.13.3.rel1.win32_1.0.0.202411081344/tools/bin/../lib/gcc/arm-none-eabi/13.3.1/../../../../arm-none-eabi/lib/thumb/v7e-m+fp/hard\libc_nano.a(libc_a-errno.o)
                0x08008f74                __errno
 .text.__libc_init_array
                0x08008f80       0x48 C:/ST/STM32CubeIDE_1.19.0/STM32CubeIDE/plugins/com.st.stm32cube.ide.mcu.externaltools.gnu-tools-for-stm32.13.3.rel1.win32_1.0.0.202411081344/tools/bin/../lib/gcc/arm-none-eabi/13.3.1/../../../../arm-none-eabi/lib/thumb/v7e-m+fp/hard\libc_nano.a(libc_a-init.o)
                0x08008f80                __libc_init_array
 .text.__retarget_lock_init_recursive
                0x08008fc8        0x2 C:/ST/STM32CubeIDE_1.19.0/STM32CubeIDE/plugins/com.st.stm32cube.ide.mcu.externaltools.gnu-tools-for-stm32.13.3.rel1.win32_1.0.0.202411081344/tools/bin/../lib/gcc/arm-none-eabi/13.3.1/../../../../arm-none-eabi/lib/thumb/v7e-m+fp/hard\libc_nano.a(libc_a-lock.o)
                0x08008fc8                __retarget_lock_init_recursive
 .text.__retarget_lock_acquire_recursive
                0x08008fca        0x2 C:/ST/STM32CubeIDE_1.19.0/STM32CubeIDE/plugins/com.st.stm32cube.ide.mcu.externaltools.gnu-tools-for-stm32.13.3.rel1.win32_1.0.0.202411081344/tools/bin/../lib/gcc/arm-none-eabi/13.3.1/../../../../arm-none-eabi/lib/thumb/v7e-m+fp/hard\libc_nano.a(libc_a-lock.o)
                0x08008fca                __retarget_lock_acquire_recursive
 .text.__retarget_lock_release_recursive
                0x08008fcc        0x2 C:/ST/STM32CubeIDE_1.19.0/STM32CubeIDE/plugins/com.st.stm32cube.ide.mcu.externaltools.gnu-tools-for-stm32.13.3.rel1.win32_1.0.0.202411081344/tools/bin/../lib/gcc/arm-none-eabi/13.3.1/../../../../arm-none-eabi/lib/thumb/v7e-m+fp/hard\libc_nano.a(libc_a-lock.o)
                0x08008fcc                __retarget_lock_release_recursive
 .text.memcpy   0x08008fce       0x1c C:/ST/STM32CubeIDE_1.19.0/STM32CubeIDE/plugins/com.st.stm32cube.ide.mcu.externaltools.gnu-tools-for-stm32.13.3.rel1.win32_1.0.0.202411081344/tools/bin/../lib/gcc/arm-none-eabi/13.3.1/../../../../arm-none-eabi/lib/thumb/v7e-m+fp/hard\libc_nano.a(libc_a-memcpy-stub.o)
                0x08008fce                memcpy
 *fill*         0x08008fea        0x6 
 .text.nan      0x08008ff0       0x10 C:/ST/STM32CubeIDE_1.19.0/STM32CubeIDE/plugins/com.st.stm32cube.ide.mcu.externaltools.gnu-tools-for-stm32.13.3.rel1.win32_1.0.0.202411081344/tools/bin/../lib/gcc/arm-none-eabi/13.3.1/../../../../arm-none-eabi/lib/thumb/v7e-m+fp/hard\libc_nano.a(libm_a-s_nan.o)
                0x08008ff0                nan
 .text._free_r  0x08009000       0x94 C:/ST/STM32CubeIDE_1.19.0/STM32CubeIDE/plugins/com.st.stm32cube.ide.mcu.externaltools.gnu-tools-for-stm32.13.3.rel1.win32_1.0.0.202411081344/tools/bin/../lib/gcc/arm-none-eabi/13.3.1/../../../../arm-none-eabi/lib/thumb/v7e-m+fp/hard\libc_nano.a(libc_a-freer.o)
                0x08009000                _free_r
 .text.rshift   0x08009094       0xa4 C:/ST/STM32CubeIDE_1.19.0/STM32CubeIDE/plugins/com.st.stm32cube.ide.mcu.externaltools.gnu-tools-for-stm32.13.3.rel1.win32_1.0.0.202411081344/tools/bin/../lib/gcc/arm-none-eabi/13.3.1/../../../../arm-none-eabi/lib/thumb/v7e-m+fp/hard\libc_nano.a(libc_a-gdtoa-gethex.o)
 .text.__hexdig_fun
                0x08009138       0x2a C:/ST/STM32CubeIDE_1.19.0/STM32CubeIDE/plugins/com.st.stm32cube.ide.mcu.externaltools.gnu-tools-for-stm32.13.3.rel1.win32_1.0.0.202411081344/tools/bin/../lib/gcc/arm-none-eabi/13.3.1/../../../../arm-none-eabi/lib/thumb/v7e-m+fp/hard\libc_nano.a(libc_a-gdtoa-gethex.o)
                0x08009138                __hexdig_fun
 *fill*         0x08009162        0x2 
 .text.__gethex
                0x08009164      0x420 C:/ST/STM32CubeIDE_1.19.0/STM32CubeIDE/plugins/com.st.stm32cube.ide.mcu.externaltools.gnu-tools-for-stm32.13.3.rel1.win32_1.0.0.202411081344/tools/bin/../lib/gcc/arm-none-eabi/13.3.1/../../../../arm-none-eabi/lib/thumb/v7e-m+fp/hard\libc_nano.a(libc_a-gdtoa-gethex.o)
                0x08009164                __gethex
 .text.L_shift  0x08009584       0x24 C:/ST/STM32CubeIDE_1.19.0/STM32CubeIDE/plugins/com.st.stm32cube.ide.mcu.externaltools.gnu-tools-for-stm32.13.3.rel1.win32_1.0.0.202411081344/tools/bin/../lib/gcc/arm-none-eabi/13.3.1/../../../../arm-none-eabi/lib/thumb/v7e-m+fp/hard\libc_nano.a(libc_a-gdtoa-hexnan.o)
 .text.__match  0x080095a8       0x28 C:/ST/STM32CubeIDE_1.19.0/STM32CubeIDE/plugins/com.st.stm32cube.ide.mcu.externaltools.gnu-tools-for-stm32.13.3.rel1.win32_1.0.0.202411081344/tools/bin/../lib/gcc/arm-none-eabi/13.3.1/../../../../arm-none-eabi/lib/thumb/v7e-m+fp/hard\libc_nano.a(libc_a-gdtoa-hexnan.o)
                0x080095a8                __match
 .text.__hexnan
                0x080095d0      0x136 C:/ST/STM32CubeIDE_1.19.0/STM32CubeIDE/plugins/com.st.stm32cube.ide.mcu.externaltools.gnu-tools-for-stm32.13.3.rel1.win32_1.0.0.202411081344/tools/bin/../lib/gcc/arm-none-eabi/13.3.1/../../../../arm-none-eabi/lib/thumb/v7e-m+fp/hard\libc_nano.a(libc_a-gdtoa-hexnan.o)
                0x080095d0                __hexnan
 *fill*         0x08009706        0x2 
 .text.sbrk_aligned
                0x08009708       0x44 C:/ST/STM32CubeIDE_1.19.0/STM32CubeIDE/plugins/com.st.stm32cube.ide.mcu.externaltools.gnu-tools-for-stm32.13.3.rel1.win32_1.0.0.202411081344/tools/bin/../lib/gcc/arm-none-eabi/13.3.1/../../../../arm-none-eabi/lib/thumb/v7e-m+fp/hard\libc_nano.a(libc_a-mallocr.o)
 .text._malloc_r
                0x0800974c      0x100 C:/ST/STM32CubeIDE_1.19.0/STM32CubeIDE/plugins/com.st.stm32cube.ide.mcu.externaltools.gnu-tools-for-stm32.13.3.rel1.win32_1.0.0.202411081344/tools/bin/../lib/gcc/arm-none-eabi/13.3.1/../../../../arm-none-eabi/lib/thumb/v7e-m+fp/hard\libc_nano.a(libc_a-mallocr.o)
                0x0800974c                _malloc_r
 .text.__ascii_mbtowc
                0x0800984c       0x24 C:/ST/STM32CubeIDE_1.19.0/STM32CubeIDE/plugins/com.st.stm32cube.ide.mcu.externaltools.gnu-tools-for-stm32.13.3.rel1.win32_1.0.0.202411081344/tools/bin/../lib/gcc/arm-none-eabi/13.3.1/../../../../arm-none-eabi/lib/thumb/v7e-m+fp/hard\libc_nano.a(libc_a-mbtowc_r.o)
                0x0800984c                __ascii_mbtowc
 .text.__malloc_lock
                0x08009870        0xc C:/ST/STM32CubeIDE_1.19.0/STM32CubeIDE/plugins/com.st.stm32cube.ide.mcu.externaltools.gnu-tools-for-stm32.13.3.rel1.win32_1.0.0.202411081344/tools/bin/../lib/gcc/arm-none-eabi/13.3.1/../../../../arm-none-eabi/lib/thumb/v7e-m+fp/hard\libc_nano.a(libc_a-mlock.o)
                0x08009870                __malloc_lock
 .text.__malloc_unlock
                0x0800987c        0xc C:/ST/STM32CubeIDE_1.19.0/STM32CubeIDE/plugins/com.st.stm32cube.ide.mcu.externaltools.gnu-tools-for-stm32.13.3.rel1.win32_1.0.0.202411081344/tools/bin/../lib/gcc/arm-none-eabi/13.3.1/../../../../arm-none-eabi/lib/thumb/v7e-m+fp/hard\libc_nano.a(libc_a-mlock.o)
                0x0800987c                __malloc_unlock
 .text._Balloc  0x08009888       0x80 C:/ST/STM32CubeIDE_1.19.0/STM32CubeIDE/plugins/com.st.stm32cube.ide.mcu.externaltools.gnu-tools-for-stm32.13.3.rel1.win32_1.0.0.202411081344/tools/bin/../lib/gcc/arm-none-eabi/13.3.1/../../../../arm-none-eabi/lib/thumb/v7e-m+fp/hard\libc_nano.a(libc_a-mprec.o)
                0x08009888                _Balloc
 .text._Bfree   0x08009908       0x44 C:/ST/STM32CubeIDE_1.19.0/STM32CubeIDE/plugins/com.st.stm32cube.ide.mcu.externaltools.gnu-tools-for-stm32.13.3.rel1.win32_1.0.0.202411081344/tools/bin/../lib/gcc/arm-none-eabi/13.3.1/../../../../arm-none-eabi/lib/thumb/v7e-m+fp/hard\libc_nano.a(libc_a-mprec.o)
                0x08009908                _Bfree
 .text.__multadd
                0x0800994c       0x8c C:/ST/STM32CubeIDE_1.19.0/STM32CubeIDE/plugins/com.st.stm32cube.ide.mcu.externaltools.gnu-tools-for-stm32.13.3.rel1.win32_1.0.0.202411081344/tools/bin/../lib/gcc/arm-none-eabi/13.3.1/../../../../arm-none-eabi/lib/thumb/v7e-m+fp/hard\libc_nano.a(libc_a-mprec.o)
                0x0800994c                __multadd
 .text.__s2b    0x080099d8       0x94 C:/ST/STM32CubeIDE_1.19.0/STM32CubeIDE/plugins/com.st.stm32cube.ide.mcu.externaltools.gnu-tools-for-stm32.13.3.rel1.win32_1.0.0.202411081344/tools/bin/../lib/gcc/arm-none-eabi/13.3.1/../../../../arm-none-eabi/lib/thumb/v7e-m+fp/hard\libc_nano.a(libc_a-mprec.o)
                0x080099d8                __s2b
 .text.__hi0bits
                0x08009a6c       0x3e C:/ST/STM32CubeIDE_1.19.0/STM32CubeIDE/plugins/com.st.stm32cube.ide.mcu.externaltools.gnu-tools-for-stm32.13.3.rel1.win32_1.0.0.202411081344/tools/bin/../lib/gcc/arm-none-eabi/13.3.1/../../../../arm-none-eabi/lib/thumb/v7e-m+fp/hard\libc_nano.a(libc_a-mprec.o)
                0x08009a6c                __hi0bits
 .text.__lo0bits
                0x08009aaa       0x5a C:/ST/STM32CubeIDE_1.19.0/STM32CubeIDE/plugins/com.st.stm32cube.ide.mcu.externaltools.gnu-tools-for-stm32.13.3.rel1.win32_1.0.0.202411081344/tools/bin/../lib/gcc/arm-none-eabi/13.3.1/../../../../arm-none-eabi/lib/thumb/v7e-m+fp/hard\libc_nano.a(libc_a-mprec.o)
                0x08009aaa                __lo0bits
 .text.__i2b    0x08009b04       0x2c C:/ST/STM32CubeIDE_1.19.0/STM32CubeIDE/plugins/com.st.stm32cube.ide.mcu.externaltools.gnu-tools-for-stm32.13.3.rel1.win32_1.0.0.202411081344/tools/bin/../lib/gcc/arm-none-eabi/13.3.1/../../../../arm-none-eabi/lib/thumb/v7e-m+fp/hard\libc_nano.a(libc_a-mprec.o)
                0x08009b04                __i2b
 .text.__multiply
                0x08009b30      0x144 C:/ST/STM32CubeIDE_1.19.0/STM32CubeIDE/plugins/com.st.stm32cube.ide.mcu.externaltools.gnu-tools-for-stm32.13.3.rel1.win32_1.0.0.202411081344/tools/bin/../lib/gcc/arm-none-eabi/13.3.1/../../../../arm-none-eabi/lib/thumb/v7e-m+fp/hard\libc_nano.a(libc_a-mprec.o)
                0x08009b30                __multiply
 .text.__pow5mult
                0x08009c74       0xb4 C:/ST/STM32CubeIDE_1.19.0/STM32CubeIDE/plugins/com.st.stm32cube.ide.mcu.externaltools.gnu-tools-for-stm32.13.3.rel1.win32_1.0.0.202411081344/tools/bin/../lib/gcc/arm-none-eabi/13.3.1/../../../../arm-none-eabi/lib/thumb/v7e-m+fp/hard\libc_nano.a(libc_a-mprec.o)
                0x08009c74                __pow5mult
 .text.__lshift
                0x08009d28       0xd8 C:/ST/STM32CubeIDE_1.19.0/STM32CubeIDE/plugins/com.st.stm32cube.ide.mcu.externaltools.gnu-tools-for-stm32.13.3.rel1.win32_1.0.0.202411081344/tools/bin/../lib/gcc/arm-none-eabi/13.3.1/../../../../arm-none-eabi/lib/thumb/v7e-m+fp/hard\libc_nano.a(libc_a-mprec.o)
                0x08009d28                __lshift
 .text.__mcmp   0x08009e00       0x36 C:/ST/STM32CubeIDE_1.19.0/STM32CubeIDE/plugins/com.st.stm32cube.ide.mcu.externaltools.gnu-tools-for-stm32.13.3.rel1.win32_1.0.0.202411081344/tools/bin/../lib/gcc/arm-none-eabi/13.3.1/../../../../arm-none-eabi/lib/thumb/v7e-m+fp/hard\libc_nano.a(libc_a-mprec.o)
                0x08009e00                __mcmp
 *fill*         0x08009e36        0x2 
 .text.__mdiff  0x08009e38      0x128 C:/ST/STM32CubeIDE_1.19.0/STM32CubeIDE/plugins/com.st.stm32cube.ide.mcu.externaltools.gnu-tools-for-stm32.13.3.rel1.win32_1.0.0.202411081344/tools/bin/../lib/gcc/arm-none-eabi/13.3.1/../../../../arm-none-eabi/lib/thumb/v7e-m+fp/hard\libc_nano.a(libc_a-mprec.o)
                0x08009e38                __mdiff
 .text.__ulp    0x08009f60       0x4c C:/ST/STM32CubeIDE_1.19.0/STM32CubeIDE/plugins/com.st.stm32cube.ide.mcu.externaltools.gnu-tools-for-stm32.13.3.rel1.win32_1.0.0.202411081344/tools/bin/../lib/gcc/arm-none-eabi/13.3.1/../../../../arm-none-eabi/lib/thumb/v7e-m+fp/hard\libc_nano.a(libc_a-mprec.o)
                0x08009f60                __ulp
 .text.__b2d    0x08009fac       0x94 C:/ST/STM32CubeIDE_1.19.0/STM32CubeIDE/plugins/com.st.stm32cube.ide.mcu.externaltools.gnu-tools-for-stm32.13.3.rel1.win32_1.0.0.202411081344/tools/bin/../lib/gcc/arm-none-eabi/13.3.1/../../../../arm-none-eabi/lib/thumb/v7e-m+fp/hard\libc_nano.a(libc_a-mprec.o)
                0x08009fac                __b2d
 .text.__d2b    0x0800a040       0xb0 C:/ST/STM32CubeIDE_1.19.0/STM32CubeIDE/plugins/com.st.stm32cube.ide.mcu.externaltools.gnu-tools-for-stm32.13.3.rel1.win32_1.0.0.202411081344/tools/bin/../lib/gcc/arm-none-eabi/13.3.1/../../../../arm-none-eabi/lib/thumb/v7e-m+fp/hard\libc_nano.a(libc_a-mprec.o)
                0x0800a040                __d2b
 .text.__ratio  0x0800a0f0       0x64 C:/ST/STM32CubeIDE_1.19.0/STM32CubeIDE/plugins/com.st.stm32cube.ide.mcu.externaltools.gnu-tools-for-stm32.13.3.rel1.win32_1.0.0.202411081344/tools/bin/../lib/gcc/arm-none-eabi/13.3.1/../../../../arm-none-eabi/lib/thumb/v7e-m+fp/hard\libc_nano.a(libc_a-mprec.o)
                0x0800a0f0                __ratio
 .text.__copybits
                0x0800a154       0x46 C:/ST/STM32CubeIDE_1.19.0/STM32CubeIDE/plugins/com.st.stm32cube.ide.mcu.externaltools.gnu-tools-for-stm32.13.3.rel1.win32_1.0.0.202411081344/tools/bin/../lib/gcc/arm-none-eabi/13.3.1/../../../../arm-none-eabi/lib/thumb/v7e-m+fp/hard\libc_nano.a(libc_a-mprec.o)
                0x0800a154                __copybits
 .text.__any_on
                0x0800a19a       0x42 C:/ST/STM32CubeIDE_1.19.0/STM32CubeIDE/plugins/com.st.stm32cube.ide.mcu.externaltools.gnu-tools-for-stm32.13.3.rel1.win32_1.0.0.202411081344/tools/bin/../lib/gcc/arm-none-eabi/13.3.1/../../../../arm-none-eabi/lib/thumb/v7e-m+fp/hard\libc_nano.a(libc_a-mprec.o)
                0x0800a19a                __any_on
 .text.__ascii_wctomb
                0x0800a1dc       0x1a C:/ST/STM32CubeIDE_1.19.0/STM32CubeIDE/plugins/com.st.stm32cube.ide.mcu.externaltools.gnu-tools-for-stm32.13.3.rel1.win32_1.0.0.202411081344/tools/bin/../lib/gcc/arm-none-eabi/13.3.1/../../../../arm-none-eabi/lib/thumb/v7e-m+fp/hard\libc_nano.a(libc_a-wctomb_r.o)
                0x0800a1dc                __ascii_wctomb
 .text.__ssputs_r
                0x0800a1f6       0xb6 C:/ST/STM32CubeIDE_1.19.0/STM32CubeIDE/plugins/com.st.stm32cube.ide.mcu.externaltools.gnu-tools-for-stm32.13.3.rel1.win32_1.0.0.202411081344/tools/bin/../lib/gcc/arm-none-eabi/13.3.1/../../../../arm-none-eabi/lib/thumb/v7e-m+fp/hard\libc_nano.a(libc_a-nano-svfprintf.o)
                0x0800a1f6                __ssputs_r
 .text._svfprintf_r
                0x0800a2ac      0x1f8 C:/ST/STM32CubeIDE_1.19.0/STM32CubeIDE/plugins/com.st.stm32cube.ide.mcu.externaltools.gnu-tools-for-stm32.13.3.rel1.win32_1.0.0.202411081344/tools/bin/../lib/gcc/arm-none-eabi/13.3.1/../../../../arm-none-eabi/lib/thumb/v7e-m+fp/hard\libc_nano.a(libc_a-nano-svfprintf.o)
                0x0800a2ac                _svfiprintf_r
                0x0800a2ac                _svfprintf_r
 .text._printf_common
                0x0800a4a4       0xda C:/ST/STM32CubeIDE_1.19.0/STM32CubeIDE/plugins/com.st.stm32cube.ide.mcu.externaltools.gnu-tools-for-stm32.13.3.rel1.win32_1.0.0.202411081344/tools/bin/../lib/gcc/arm-none-eabi/13.3.1/../../../../arm-none-eabi/lib/thumb/v7e-m+fp/hard\libc_nano.a(libc_a-nano-vfprintf_i.o)
                0x0800a4a4                _printf_common
 *fill*         0x0800a57e        0x2 
 .text._printf_i
                0x0800a580      0x23c C:/ST/STM32CubeIDE_1.19.0/STM32CubeIDE/plugins/com.st.stm32cube.ide.mcu.externaltools.gnu-tools-for-stm32.13.3.rel1.win32_1.0.0.202411081344/tools/bin/../lib/gcc/arm-none-eabi/13.3.1/../../../../arm-none-eabi/lib/thumb/v7e-m+fp/hard\libc_nano.a(libc_a-nano-vfprintf_i.o)
                0x0800a580                _printf_i
 .text.__sflush_r
                0x0800a7bc      0x108 C:/ST/STM32CubeIDE_1.19.0/STM32CubeIDE/plugins/com.st.stm32cube.ide.mcu.externaltools.gnu-tools-for-stm32.13.3.rel1.win32_1.0.0.202411081344/tools/bin/../lib/gcc/arm-none-eabi/13.3.1/../../../../arm-none-eabi/lib/thumb/v7e-m+fp/hard\libc_nano.a(libc_a-fflush.o)
                0x0800a7bc                __sflush_r
 .text._fflush_r
                0x0800a8c4       0x50 C:/ST/STM32CubeIDE_1.19.0/STM32CubeIDE/plugins/com.st.stm32cube.ide.mcu.externaltools.gnu-tools-for-stm32.13.3.rel1.win32_1.0.0.202411081344/tools/bin/../lib/gcc/arm-none-eabi/13.3.1/../../../../arm-none-eabi/lib/thumb/v7e-m+fp/hard\libc_nano.a(libc_a-fflush.o)
                0x0800a8c4                _fflush_r
 .text._sbrk_r  0x0800a914       0x20 C:/ST/STM32CubeIDE_1.19.0/STM32CubeIDE/plugins/com.st.stm32cube.ide.mcu.externaltools.gnu-tools-for-stm32.13.3.rel1.win32_1.0.0.202411081344/tools/bin/../lib/gcc/arm-none-eabi/13.3.1/../../../../arm-none-eabi/lib/thumb/v7e-m+fp/hard\libc_nano.a(libc_a-sbrkr.o)
                0x0800a914                _sbrk_r
 .text.__assert_func
                0x0800a934       0x3c C:/ST/STM32CubeIDE_1.19.0/STM32CubeIDE/plugins/com.st.stm32cube.ide.mcu.externaltools.gnu-tools-for-stm32.13.3.rel1.win32_1.0.0.202411081344/tools/bin/../lib/gcc/arm-none-eabi/13.3.1/../../../../arm-none-eabi/lib/thumb/v7e-m+fp/hard\libc_nano.a(libc_a-assert.o)
                0x0800a934                __assert_func
 .text._calloc_r
                0x0800a970       0x28 C:/ST/STM32CubeIDE_1.19.0/STM32CubeIDE/plugins/com.st.stm32cube.ide.mcu.externaltools.gnu-tools-for-stm32.13.3.rel1.win32_1.0.0.202411081344/tools/bin/../lib/gcc/arm-none-eabi/13.3.1/../../../../arm-none-eabi/lib/thumb/v7e-m+fp/hard\libc_nano.a(libc_a-callocr.o)
                0x0800a970                _calloc_r
 .text.malloc   0x0800a998       0x10 C:/ST/STM32CubeIDE_1.19.0/STM32CubeIDE/plugins/com.st.stm32cube.ide.mcu.externaltools.gnu-tools-for-stm32.13.3.rel1.win32_1.0.0.202411081344/tools/bin/../lib/gcc/arm-none-eabi/13.3.1/../../../../arm-none-eabi/lib/thumb/v7e-m+fp/hard\libc_nano.a(libc_a-malloc.o)
                0x0800a998                malloc
 .text._realloc_r
                0x0800a9a8       0x5c C:/ST/STM32CubeIDE_1.19.0/STM32CubeIDE/plugins/com.st.stm32cube.ide.mcu.externaltools.gnu-tools-for-stm32.13.3.rel1.win32_1.0.0.202411081344/tools/bin/../lib/gcc/arm-none-eabi/13.3.1/../../../../arm-none-eabi/lib/thumb/v7e-m+fp/hard\libc_nano.a(libc_a-reallocr.o)
                0x0800a9a8                _realloc_r
 .text.fprintf  0x0800aa04       0x24 C:/ST/STM32CubeIDE_1.19.0/STM32CubeIDE/plugins/com.st.stm32cube.ide.mcu.externaltools.gnu-tools-for-stm32.13.3.rel1.win32_1.0.0.202411081344/tools/bin/../lib/gcc/arm-none-eabi/13.3.1/../../../../arm-none-eabi/lib/thumb/v7e-m+fp/hard\libc_nano.a(libc_a-fprintf.o)
                0x0800aa04                fiprintf
                0x0800aa04                fprintf
 .text.abort    0x0800aa28        0xe C:/ST/STM32CubeIDE_1.19.0/STM32CubeIDE/plugins/com.st.stm32cube.ide.mcu.externaltools.gnu-tools-for-stm32.13.3.rel1.win32_1.0.0.202411081344/tools/bin/../lib/gcc/arm-none-eabi/13.3.1/../../../../arm-none-eabi/lib/thumb/v7e-m+fp/hard\libc_nano.a(libc_a-abort.o)
                0x0800aa28                abort
 .text._malloc_usable_size_r
                0x0800aa36       0x10 C:/ST/STM32CubeIDE_1.19.0/STM32CubeIDE/plugins/com.st.stm32cube.ide.mcu.externaltools.gnu-tools-for-stm32.13.3.rel1.win32_1.0.0.202411081344/tools/bin/../lib/gcc/arm-none-eabi/13.3.1/../../../../arm-none-eabi/lib/thumb/v7e-m+fp/hard\libc_nano.a(libc_a-msizer.o)
                0x0800aa36                _malloc_usable_size_r
 .text.__sfputc_r
                0x0800aa46       0x2e C:/ST/STM32CubeIDE_1.19.0/STM32CubeIDE/plugins/com.st.stm32cube.ide.mcu.externaltools.gnu-tools-for-stm32.13.3.rel1.win32_1.0.0.202411081344/tools/bin/../lib/gcc/arm-none-eabi/13.3.1/../../../../arm-none-eabi/lib/thumb/v7e-m+fp/hard\libc_nano.a(libc_a-nano-vfprintf.o)
 .text.__sfputs_r
                0x0800aa74       0x24 C:/ST/STM32CubeIDE_1.19.0/STM32CubeIDE/plugins/com.st.stm32cube.ide.mcu.externaltools.gnu-tools-for-stm32.13.3.rel1.win32_1.0.0.202411081344/tools/bin/../lib/gcc/arm-none-eabi/13.3.1/../../../../arm-none-eabi/lib/thumb/v7e-m+fp/hard\libc_nano.a(libc_a-nano-vfprintf.o)
                0x0800aa74                __sfputs_r
 .text._vfprintf_r
                0x0800aa98      0x230 C:/ST/STM32CubeIDE_1.19.0/STM32CubeIDE/plugins/com.st.stm32cube.ide.mcu.externaltools.gnu-tools-for-stm32.13.3.rel1.win32_1.0.0.202411081344/tools/bin/../lib/gcc/arm-none-eabi/13.3.1/../../../../arm-none-eabi/lib/thumb/v7e-m+fp/hard\libc_nano.a(libc_a-nano-vfprintf.o)
                0x0800aa98                _vfprintf_r
                0x0800aa98                _vfiprintf_r
 .text.__swbuf_r
                0x0800acc8       0x7c C:/ST/STM32CubeIDE_1.19.0/STM32CubeIDE/plugins/com.st.stm32cube.ide.mcu.externaltools.gnu-tools-for-stm32.13.3.rel1.win32_1.0.0.202411081344/tools/bin/../lib/gcc/arm-none-eabi/13.3.1/../../../../arm-none-eabi/lib/thumb/v7e-m+fp/hard\libc_nano.a(libc_a-wbuf.o)
                0x0800acc8                __swbuf_r
 .text.__swsetup_r