Archive member included to satisfy reference by file (symbol)

X:\github\Jigu-GPIO_with_scpilib\Jigu-GPIO\libscpi\dist\libscpi.a(ieee488.o)
                              ./App/Src/scpi.o (SCPI_CoreCls)
X:\github\Jigu-GPIO_with_scpilib\Jigu-GPIO\libscpi\dist\libscpi.a(minimal.o)
                              ./App/Src/scpi.o (SCPI_SystemVersionQ)
X:\github\Jigu-GPIO_with_scpilib\Jigu-GPIO\libscpi\dist\libscpi.a(parser.o)
                              ./App/Src/app.o (SCPI_Init)
X:\github\Jigu-GPIO_with_scpilib\Jigu-GPIO\libscpi\dist\libscpi.a(units.o)
                              ./App/Src/app.o (scpi_units_def)
X:\github\Jigu-GPIO_with_scpilib\Jigu-GPIO\libscpi\dist\libscpi.a(utils.o)
                              X:\github\Jigu-GPIO_with_scpilib\Jigu-GPIO\libscpi\dist\libscpi.a(parser.o) (strnpbrk)
X:\github\Jigu-GPIO_with_scpilib\Jigu-GPIO\libscpi\dist\libscpi.a(error.o)
                              X:\github\Jigu-GPIO_with_scpilib\Jigu-GPIO\libscpi\dist\libscpi.a(parser.o) (SCPI_ErrorInit)
X:\github\Jigu-GPIO_with_scpilib\Jigu-GPIO\libscpi\dist\libscpi.a(fifo.o)
                              X:\github\Jigu-GPIO_with_scpilib\Jigu-GPIO\libscpi\dist\libscpi.a(error.o) (fifo_init)
X:\github\Jigu-GPIO_with_scpilib\Jigu-GPIO\libscpi\dist\libscpi.a(lexer.o)
                              X:\github\Jigu-GPIO_with_scpilib\Jigu-GPIO\libscpi\dist\libscpi.a(parser.o) (scpiLex_IsEos)
C:/ST/STM32CubeIDE_1.19.0/STM32CubeIDE/plugins/com.st.stm32cube.ide.mcu.externaltools.gnu-tools-for-stm32.13.3.rel1.win32_1.0.0.202411081344/tools/bin/../lib/gcc/arm-none-eabi/13.3.1/../../../../arm-none-eabi/lib/thumb/v7e-m+fp/hard\libc_nano.a(libc_a-exit.o)
                              C:/ST/STM32CubeIDE_1.19.0/STM32CubeIDE/plugins/com.st.stm32cube.ide.mcu.externaltools.gnu-tools-for-stm32.13.3.rel1.win32_1.0.0.202411081344/tools/bin/../lib/gcc/arm-none-eabi/13.3.1/../../../../arm-none-eabi/lib/thumb/v7e-m+fp/hard/crt0.o (exit)
C:/ST/STM32CubeIDE_1.19.0/STM32CubeIDE/plugins/com.st.stm32cube.ide.mcu.externaltools.gnu-tools-for-stm32.13.3.rel1.win32_1.0.0.202411081344/tools/bin/../lib/gcc/arm-none-eabi/13.3.1/../../../../arm-none-eabi/lib/thumb/v7e-m+fp/hard\libc_nano.a(libc_a-strtod.o)
                              X:\github\Jigu-GPIO_with_scpilib\Jigu-GPIO\libscpi\dist\libscpi.a(utils.o) (strtod)
C:/ST/STM32CubeIDE_1.19.0/STM32CubeIDE/plugins/com.st.stm32cube.ide.mcu.externaltools.gnu-tools-for-stm32.13.3.rel1.win32_1.0.0.202411081344/tools/bin/../lib/gcc/arm-none-eabi/13.3.1/../../../../arm-none-eabi/lib/thumb/v7e-m+fp/hard\libc_nano.a(libc_a-strtol.o)
                              X:\github\Jigu-GPIO_with_scpilib\Jigu-GPIO\libscpi\dist\libscpi.a(utils.o) (strtol)
C:/ST/STM32CubeIDE_1.19.0/STM32CubeIDE/plugins/com.st.stm32cube.ide.mcu.externaltools.gnu-tools-for-stm32.13.3.rel1.win32_1.0.0.202411081344/tools/bin/../lib/gcc/arm-none-eabi/13.3.1/../../../../arm-none-eabi/lib/thumb/v7e-m+fp/hard\libc_nano.a(libc_a-strtoul.o)
                              X:\github\Jigu-GPIO_with_scpilib\Jigu-GPIO\libscpi\dist\libscpi.a(utils.o) (strtoul)
C:/ST/STM32CubeIDE_1.19.0/STM32CubeIDE/plugins/com.st.stm32cube.ide.mcu.externaltools.gnu-tools-for-stm32.13.3.rel1.win32_1.0.0.202411081344/tools/bin/../lib/gcc/arm-none-eabi/13.3.1/../../../../arm-none-eabi/lib/thumb/v7e-m+fp/hard\libc_nano.a(libc_a-strtoll.o)
                              X:\github\Jigu-GPIO_with_scpilib\Jigu-GPIO\libscpi\dist\libscpi.a(utils.o) (strtoll)
C:/ST/STM32CubeIDE_1.19.0/STM32CubeIDE/plugins/com.st.stm32cube.ide.mcu.externaltools.gnu-tools-for-stm32.13.3.rel1.win32_1.0.0.202411081344/tools/bin/../lib/gcc/arm-none-eabi/13.3.1/../../../../arm-none-eabi/lib/thumb/v7e-m+fp/hard\libc_nano.a(libc_a-strtoull.o)
                              X:\github\Jigu-GPIO_with_scpilib\Jigu-GPIO\libscpi\dist\libscpi.a(utils.o) (strtoull)
C:/ST/STM32CubeIDE_1.19.0/STM32CubeIDE/plugins/com.st.stm32cube.ide.mcu.externaltools.gnu-tools-for-stm32.13.3.rel1.win32_1.0.0.202411081344/tools/bin/../lib/gcc/arm-none-eabi/13.3.1/../../../../arm-none-eabi/lib/thumb/v7e-m+fp/hard\libc_nano.a(libc_a-ctype_.o)
                              X:\github\Jigu-GPIO_with_scpilib\Jigu-GPIO\libscpi\dist\libscpi.a(utils.o) (_ctype_)
C:/ST/STM32CubeIDE_1.19.0/STM32CubeIDE/plugins/com.st.stm32cube.ide.mcu.externaltools.gnu-tools-for-stm32.13.3.rel1.win32_1.0.0.202411081344/tools/bin/../lib/gcc/arm-none-eabi/13.3.1/../../../../arm-none-eabi/lib/thumb/v7e-m+fp/hard\libc_nano.a(libc_a-findfp.o)
                              C:/ST/STM32CubeIDE_1.19.0/STM32CubeIDE/plugins/com.st.stm32cube.ide.mcu.externaltools.gnu-tools-for-stm32.13.3.rel1.win32_1.0.0.202411081344/tools/bin/../lib/gcc/arm-none-eabi/13.3.1/../../../../arm-none-eabi/lib/thumb/v7e-m+fp/hard\libc_nano.a(libc_a-exit.o) (__stdio_exit_handler)
[...]
Memory Configuration

Name             Origin             Length             Attributes
RAM              0x20000000         0x00010000         xrw
RAM2             0x10000000         0x00004000         xrw
FLASH            0x08000000         0x00040000         xr
*default*        0x00000000         0xffffffff

Linker script and memory map

LOAD C:/ST/STM32CubeIDE_1.19.0/STM32CubeIDE/plugins/com.st.stm32cube.ide.mcu.externaltools.gnu-tools-for-stm32.13.3.rel1.win32_1.0.0.202411081344/tools/bin/../lib/gcc/arm-none-eabi/13.3.1/thumb/v7e-m+fp/hard/crti.o
LOAD C:/ST/STM32CubeIDE_1.19.0/STM32CubeIDE/plugins/com.st.stm32cube.ide.mcu.externaltools.gnu-tools-for-stm32.13.3.rel1.win32_1.0.0.202411081344/tools/bin/../lib/gcc/arm-none-eabi/13.3.1/thumb/v7e-m+fp/hard/crtbegin.o
LOAD C:/ST/STM32CubeIDE_1.19.0/STM32CubeIDE/plugins/com.st.stm32cube.ide.mcu.externaltools.gnu-tools-for-stm32.13.3.rel1.win32_1.0.0.202411081344/tools/bin/../lib/gcc/arm-none-eabi/13.3.1/../../../../arm-none-eabi/lib/thumb/v7e-m+fp/hard/crt0.o
LOAD ./App/Src/app.o
LOAD ./App/Src/gpio.o
LOAD ./App/Src/scpi.o
LOAD ./App/Src/uart.o
LOAD ./App/Src/uart_lib.o
LOAD ./Core/Src/dma.o
LOAD ./Core/Src/gpio.o
LOAD ./Core/Src/main.o
LOAD ./Core/Src/stm32l4xx_hal_msp.o
LOAD ./Core/Src/stm32l4xx_it.o
LOAD ./Core/Src/syscalls.o
LOAD ./Core/Src/sysmem.o
LOAD ./Core/Src/system_stm32l4xx.o
LOAD ./Core/Src/tim.o
LOAD ./Core/Src/usart.o
LOAD ./Core/Startup/startup_stm32l432kcux.o
LOAD ./Drivers/STM32L4xx_HAL_Driver/Src/stm32l4xx_hal.o
LOAD ./Drivers/STM32L4xx_HAL_Driver/Src/stm32l4xx_hal_cortex.o
LOAD ./Drivers/STM32L4xx_HAL_Driver/Src/stm32l4xx_hal_dma.o
LOAD ./Drivers/STM32L4xx_HAL_Driver/Src/stm32l4xx_hal_dma_ex.o
LOAD ./Drivers/STM32L4xx_HAL_Driver/Src/stm32l4xx_hal_exti.o
LOAD ./Drivers/STM32L4xx_HAL_Driver/Src/stm32l4xx_hal_flash.o
LOAD ./Drivers/STM32L4xx_HAL_Driver/Src/stm32l4xx_hal_flash_ex.o
LOAD ./Drivers/STM32L4xx_HAL_Driver/Src/stm32l4xx_hal_flash_ramfunc.o
LOAD ./Drivers/STM32L4xx_HAL_Driver/Src/stm32l4xx_hal_gpio.o
LOAD ./Drivers/STM32L4xx_HAL_Driver/Src/stm32l4xx_hal_i2c.o
LOAD ./Drivers/STM32L4xx_HAL_Driver/Src/stm32l4xx_hal_i2c_ex.o
LOAD ./Drivers/STM32L4xx_HAL_Driver/Src/stm32l4xx_hal_pwr.o
LOAD ./Drivers/STM32L4xx_HAL_Driver/Src/stm32l4xx_hal_pwr_ex.o
LOAD ./Drivers/STM32L4xx_HAL_Driver/Src/stm32l4xx_hal_rcc.o
LOAD ./Drivers/STM32L4xx_HAL_Driver/Src/stm32l4xx_hal_rcc_ex.o
LOAD ./Drivers/STM32L4xx_HAL_Driver/Src/stm32l4xx_hal_tim.o
LOAD ./Drivers/STM32L4xx_HAL_Driver/Src/stm32l4xx_hal_tim_ex.o
LOAD ./Drivers/STM32L4xx_HAL_Driver/Src/stm32l4xx_hal_uart.o
LOAD ./Drivers/STM32L4xx_HAL_Driver/Src/stm32l4xx_hal_uart_ex.o
LOAD X:\github\Jigu-GPIO_with_scpilib\Jigu-GPIO\libscpi\dist\libscpi.a
START GROUP
LOAD C:/ST/STM32CubeIDE_1.19.0/STM32CubeIDE/plugins/com.st.stm32cube.ide.mcu.externaltools.gnu-tools-for-stm32.13.3.rel1.win32_1.0.0.202411081344/tools/bin/../lib/gcc/arm-none-eabi/13.3.1/../../../../arm-none-eabi/lib/thumb/v7e-m+fp/hard\libc_nano.a
LOAD C:/ST/STM32CubeIDE_1.19.0/STM32CubeIDE/plugins/com.st.stm32cube.ide.mcu.externaltools.gnu-tools-for-stm32.13.3.rel1.win32_1.0.0.202411081344/tools/bin/../lib/gcc/arm-none-eabi/13.3.1/../../../../arm-none-eabi/lib/thumb/v7e-m+fp/hard\libm.a
END GROUP
START GROUP
LOAD C:/ST/STM32CubeIDE_1.19.0/STM32CubeIDE/plugins/com.st.stm32cube.ide.mcu.externaltools.gnu-tools-for-stm32.13.3.rel1.win32_1.0.0.202411081344/tools/bin/../lib/gcc/arm-none-eabi/13.3.1/thumb/v7e-m+fp/hard\libgcc.a
LOAD C:/ST/STM32CubeIDE_1.19.0/STM32CubeIDE/plugins/com.st.stm32cube.ide.mcu.externaltools.gnu-tools-for-stm32.13.3.rel1.win32_1.0.0.202411081344/tools/bin/../lib/gcc/arm-none-eabi/13.3.1/../../../../arm-none-eabi/lib/thumb/v7e-m+fp/hard\libc_nano.a
END GROUP
START GROUP
LOAD C:/ST/STM32CubeIDE_1.19.0/STM32CubeIDE/plugins/com.st.stm32cube.ide.mcu.externaltools.gnu-tools-for-stm32.13.3.rel1.win32_1.0.0.202411081344/tools/bin/../lib/gcc/arm-none-eabi/13.3.1/thumb/v7e-m+fp/hard\libgcc.a
LOAD C:/ST/STM32CubeIDE_1.19.0/STM32CubeIDE/plugins/com.st.stm32cube.ide.mcu.externaltools.gnu-tools-for-stm32.13.3.rel1.win32_1.0.0.202411081344/tools/bin/../lib/gcc/arm-none-eabi/13.3.1/../../../../arm-none-eabi/lib/thumb/v7e-m+fp/hard\libc_nano.a
LOAD C:/ST/STM32CubeIDE_1.19.0/STM32CubeIDE/plugins/com.st.stm32cube.ide.mcu.externaltools.gnu-tools-for-stm32.13.3.rel1.win32_1.0.0.202411081344/tools/bin/../lib/gcc/arm-none-eabi/13.3.1/../../../../arm-none-eabi/lib/thumb/v7e-m+fp/hard\libnosys.a
END GROUP
START GROUP
LOAD C:/ST/STM32CubeIDE_1.19.0/STM32CubeIDE/plugins/com.st.stm32cube.ide.mcu.externaltools.gnu-tools-for-stm32.13.3.rel1.win32_1.0.0.202411081344/tools/bin/../lib/gcc/arm-none-eabi/13.3.1/thumb/v7e-m+fp/hard\libgcc.a
LOAD C:/ST/STM32CubeIDE_1.19.0/STM32CubeIDE/plugins/com.st.stm32cube.ide.mcu.externaltools.gnu-tools-for-stm32.13.3.rel1.win32_1.0.0.202411081344/tools/bin/../lib/gcc/arm-none-eabi/13.3.1/../../../../arm-none-eabi/lib/thumb/v7e-m+fp/hard\libc_nano.a
LOAD C:/ST/STM32CubeIDE_1.19.0/STM32CubeIDE/plugins/com.st.stm32cube.ide.mcu.externaltools.gnu-tools-for-stm32.13.3.rel1.win32_1.0.0.202411081344/tools/bin/../lib/gcc/arm-none-eabi/13.3.1/../../../../arm-none-eabi/lib/thumb/v7e-m+fp/hard\libnosys.a
END GROUP
LOAD C:/ST/STM32CubeIDE_1.19.0/STM32CubeIDE/plugins/com.st.stm32cube.ide.mcu.externaltools.gnu-tools-for-stm32.13.3.rel1.win32_1.0.0.202411081344/tools/bin/../lib/gcc/arm-none-eabi/13.3.1/thumb/v7e-m+fp/hard/crtend.o
LOAD C:/ST/STM32CubeIDE_1.19.0/STM32CubeIDE/plugins/com.st.stm32cube.ide.mcu.externaltools.gnu-tools-for-stm32.13.3.rel1.win32_1.0.0.202411081344/tools/bin/../lib/gcc/arm-none-eabi/13.3.1/thumb/v7e-m+fp/hard/crtn.o
                0x20010000                        _estack = (ORIGIN (RAM) + LENGTH (RAM))
                0x00000200                        _Min_Heap_Size = 0x200
                0x00000400                        _Min_Stack_Size = 0x400

.isr_vector     0x08000000      0x18c
                0x08000000                        . = ALIGN (0x4)
 *(.isr_vector)
 .isr_vector    0x08000000      0x18c ./Core/Startup/startup_stm32l432kcux.o
                0x08000000                g_pfnVectors
                0x0800018c                        . = ALIGN (0x4)

.text           0x08000190     0xb560
                0x08000190                        . = ALIGN (0x4)
 *(.text)
 .text          0x08000190       0x40 C:/ST/STM32CubeIDE_1.19.0/STM32CubeIDE/plugins/com.st.stm32cube.ide.mcu.externaltools.gnu-tools-for-stm32.13.3.rel1.win32_1.0.0.202411081344/tools/bin/../lib/gcc/arm-none-eabi/13.3.1/thumb/v7e-m+fp/hard/crtbegin.o
 .text          0x080001d0       0x10 C:/ST/STM32CubeIDE_1.19.0/STM32CubeIDE/plugins/com.st.stm32cube.ide.mcu.externaltools.gnu-tools-for-stm32.13.3.rel1.win32_1.0.0.202411081344/tools/bin/../lib/gcc/arm-none-eabi/13.3.1/../../../../arm-none-eabi/lib/thumb/v7e-m+fp/hard\libc_nano.a(libc_a-strlen.o)
                0x080001d0                strlen
 .text          0x080001e0       0xa0 C:/ST/STM32CubeIDE_1.19.0/STM32CubeIDE/plugins/com.st.stm32cube.ide.mcu.externaltools.gnu-tools-for-stm32.13.3.rel1.win32_1.0.0.202411081344/tools/bin/../lib/gcc/arm-none-eabi/13.3.1/../../../../arm-none-eabi/lib/thumb/v7e-m+fp/hard\libc_nano.a(libc_a-memchr.o)
                0x080001e0                memchr
 .text          0x08000280      0x378 C:/ST/STM32CubeIDE_1.19.0/STM32CubeIDE/plugins/com.st.stm32cube.ide.mcu.externaltools.gnu-tools-for-stm32.13.3.rel1.win32_1.0.0.202411081344/tools/bin/../lib/gcc/arm-none-eabi/13.3.1/thumb/v7e-m+fp/hard\libgcc.a(_arm_addsubdf3.o)
                0x08000280                __aeabi_drsub
                0x08000288                __aeabi_dsub
                0x08000288                __subdf3
                0x0800028c                __aeabi_dadd
                0x0800028c                __adddf3
                0x08000504                __floatunsidf
                0x08000504                __aeabi_ui2d
                0x08000524                __floatsidf
                0x08000524                __aeabi_i2d
                0x08000548                __aeabi_f2d
                0x08000548                __extendsfdf2
                0x0800058c                __floatundidf
                0x0800058c                __aeabi_ul2d
                0x0800059c                __floatdidf
                0x0800059c                __aeabi_l2d
 .text          0x080005f8      0x424 C:/ST/STM32CubeIDE_1.19.0/STM32CubeIDE/plugins/com.st.stm32cube.ide.mcu.externaltools.gnu-tools-for-stm32.13.3.rel1.win32_1.0.0.202411081344/tools/bin/../lib/gcc/arm-none-eabi/13.3.1/thumb/v7e-m+fp/hard\libgcc.a(_arm_muldivdf3.o)
                0x080005f8                __aeabi_dmul
                0x080005f8                __muldf3
                0x0800084c                __divdf3
                0x0800084c                __aeabi_ddiv
 .text          0x08000a1c      0x110 C:/ST/STM32CubeIDE_1.19.0/STM32CubeIDE/plugins/com.st.stm32cube.ide.mcu.externaltools.gnu-tools-for-stm32.13.3.rel1.win32_1.0.0.202411081344/tools/bin/../lib/gcc/arm-none-eabi/13.3.1/thumb/v7e-m+fp/hard\libgcc.a(_arm_cmpdf2.o)
                0x08000a1c                __gtdf2
                0x08000a1c                __gedf2
                0x08000a24                __ltdf2
                0x08000a24                __ledf2
                0x08000a2c                __nedf2
                0x08000a2c                __eqdf2
                0x08000a2c                __cmpdf2
                0x08000aa8                __aeabi_cdrcmple
                0x08000ab8                __aeabi_cdcmpeq
                0x08000ab8                __aeabi_cdcmple
                0x08000ac8                __aeabi_dcmpeq
                0x08000adc                __aeabi_dcmplt
                0x08000af0                __aeabi_dcmple
                0x08000b04                __aeabi_dcmpge
                0x08000b18                __aeabi_dcmpgt
 .text          0x08000b2c       0x40 C:/ST/STM32CubeIDE_1.19.0/STM32CubeIDE/plugins/com.st.stm32cube.ide.mcu.externaltools.gnu-tools-for-stm32.13.3.rel1.win32_1.0.0.202411081344/tools/bin/../lib/gcc/arm-none-eabi/13.3.1/thumb/v7e-m+fp/hard\libgcc.a(_arm_fixunsdfsi.o)
                0x08000b2c                __aeabi_d2uiz
                0x08000b2c                __fixunsdfsi
 .text          0x08000b6c       0x30 C:/ST/STM32CubeIDE_1.19.0/STM32CubeIDE/plugins/com.st.stm32cube.ide.mcu.externaltools.gnu-tools-for-stm32.13.3.rel1.win32_1.0.0.202411081344/tools/bin/../lib/gcc/arm-none-eabi/13.3.1/thumb/v7e-m+fp/hard\libgcc.a(_aeabi_uldivmod.o)
                0x08000b6c                __aeabi_uldivmod
 .text          0x08000b9c       0x30 C:/ST/STM32CubeIDE_1.19.0/STM32CubeIDE/plugins/com.st.stm32cube.ide.mcu.externaltools.gnu-tools-for-stm32.13.3.rel1.win32_1.0.0.202411081344/tools/bin/../lib/gcc/arm-none-eabi/13.3.1/thumb/v7e-m+fp/hard\libgcc.a(_fixdfdi.o)
                0x08000b9c                __fixdfdi
                0x08000b9c                __aeabi_d2lz
 .text          0x08000bcc       0x3c C:/ST/STM32CubeIDE_1.19.0/STM32CubeIDE/plugins/com.st.stm32cube.ide.mcu.externaltools.gnu-tools-for-stm32.13.3.rel1.win32_1.0.0.202411081344/tools/bin/../lib/gcc/arm-none-eabi/13.3.1/thumb/v7e-m+fp/hard\libgcc.a(_fixunsdfdi.o)
                0x08000bcc                __fixunsdfdi
                0x08000bcc                __aeabi_d2ulz
 .text          0x08000c08      0x2f8 C:/ST/STM32CubeIDE_1.19.0/STM32CubeIDE/plugins/com.st.stm32cube.ide.mcu.externaltools.gnu-tools-for-stm32.13.3.rel1.win32_1.0.0.202411081344/tools/bin/../lib/gcc/arm-none-eabi/13.3.1/thumb/v7e-m+fp/hard\libgcc.a(_udivmoddi4.o)
                0x08000c08                __udivmoddi4
 .text          0x08000f00        0x4 C:/ST/STM32CubeIDE_1.19.0/STM32CubeIDE/plugins/com.st.stm32cube.ide.mcu.externaltools.gnu-tools-for-stm32.13.3.rel1.win32_1.0.0.202411081344/tools/bin/../lib/gcc/arm-none-eabi/13.3.1/thumb/v7e-m+fp/hard\libgcc.a(_dvmd_tls.o)
                0x08000f00                __aeabi_idiv0
                0x08000f00                __aeabi_ldiv0
 *(.text*)
 .text.app_main
                0x08000f04       0xdc ./App/Src/app.o
                0x08000f04                app_main
 .text.GPIO_Init
                0x08000fe0       0x60 ./App/Src/gpio.o
                0x08000fe0                GPIO_Init
 .text.GPIO_PinConfigSet
                0x08001040       0x38 ./App/Src/gpio.o
                0x08001040                GPIO_PinConfigSet
 .text.GPIO_PinConfigModeGet
                0x08001078       0x10 ./App/Src/gpio.o
                0x08001078                GPIO_PinConfigModeGet
 .text.GPIO_PinConfigPullGet
                0x08001088       0x10 ./App/Src/gpio.o
                0x08001088                GPIO_PinConfigPullGet
 .text.GPIO_PinConfigSpeedGet
                0x08001098       0x10 ./App/Src/gpio.o
                0x08001098                GPIO_PinConfigSpeedGet
 .text.GPIO_PinWrite
                0x080010a8       0x20 ./App/Src/gpio.o
                0x080010a8                GPIO_PinWrite
 .text.GPIO_PinRead
                0x080010c8       0x28 ./App/Src/gpio.o
                0x080010c8                GPIO_PinRead
 .text.GPIO_LedWrite
                0x080010f0       0x14 ./App/Src/gpio.o
                0x080010f0                GPIO_LedWrite
 .text.SCPI_Error
                0x08001104        0x4 ./App/Src/scpi.o
                0x08001104                SCPI_Error
 .text.SCPI_Control
                0x08001108        0x4 ./App/Src/scpi.o
                0x08001108                SCPI_Control
 .text.SCPI_Reset
                0x0800110c        0x4 ./App/Src/scpi.o
                0x0800110c                SCPI_Reset
 .text.SCPI_PwmNumbersQ
                0x08001110       0x14 ./App/Src/scpi.o
 .text.SCPI_PwmNumbers
                0x08001124       0x44 ./App/Src/scpi.o
 .text.SCPI_GpioSelect
                0x08001168       0x60 ./App/Src/scpi.o
 .text.SCPI_PwmStartQ
                0x080011c8       0x14 ./App/Src/scpi.o
 .text.SCPI_PwmPolarityQ
                0x080011dc       0x14 ./App/Src/scpi.o
 .text.SCPI_PwmStart
                0x080011f0       0x98 ./App/Src/scpi.o
 .text.SCPI_PwmWidthQ
                0x08001288       0x14 ./App/Src/scpi.o
 .text.SCPI_PwmFrequencyQ
                0x0800129c       0x14 ./App/Src/scpi.o
 .text.SCPI_GpioSelectQ
                0x080012b0       0x14 ./App/Src/scpi.o
 .text.My_CoreTstQ
                0x080012c4        0xc ./App/Src/scpi.o
 .text.SCPI_GpioSpeedQ
                0x080012d0       0x38 ./App/Src/scpi.o
 .text.SCPI_GpioSpeed
                0x08001308       0x34 ./App/Src/scpi.o
 .text.SCPI_GpioPull
                0x0800133c       0x34 ./App/Src/scpi.o
 .text.SCPI_GpioDirection
                0x08001370       0x34 ./App/Src/scpi.o
 .text.SCPI_GpioPullQ
                0x080013a4       0x38 ./App/Src/scpi.o
 .text.SCPI_GpioLevelQ
                0x080013dc       0x1c ./App/Src/scpi.o
 .text.SCPI_GpioLevel
                0x080013f8       0x2c ./App/Src/scpi.o
 .text.SCPI_GpioDirectionQ
                0x08001424       0x38 ./App/Src/scpi.o
 .text.SCPI_SystemLed
                0x0800145c       0x24 ./App/Src/scpi.o
 .text.SCPI_Write
                0x08001480        0xe ./App/Src/scpi.o
                0x08001480                SCPI_Write
 .text.SCPI_Flush
                0x0800148e        0x4 ./App/Src/scpi.o
                0x0800148e                SCPI_Flush
 *fill*         0x08001492        0x2 
 .text.SetPulseCount
                0x08001494       0x10 ./App/Src/scpi.o
                0x08001494                SetPulseCount
 .text.SCPI_PwmCounter
                0x080014a4       0x38 ./App/Src/scpi.o
 .text.GetPulseCount
                0x080014dc       0x10 ./App/Src/scpi.o
                0x080014dc                GetPulseCount
 .text.SCPI_PwmCounterQ
                0x080014ec       0x20 ./App/Src/scpi.o
 .text.pwm_start_state_set
                0x0800150c        0xc ./App/Src/scpi.o
                0x0800150c                pwm_start_state_set
 .text.SCPI_PwmReset
                0x08001518       0x34 ./App/Src/scpi.o
                0x08001518                SCPI_PwmReset
 .text.SCPI_PwmPolarity
                0x0800154c       0x2c ./App/Src/scpi.o
 .text.SCPI_PwmWidth
                0x08001578       0x34 ./App/Src/scpi.o
 .text.SCPI_PwmFrequency
                0x080015ac       0x34 ./App/Src/scpi.o
 .text.UART_IsEmpty
                0x080015e0       0x24 ./App/Src/uart.o
                0x080015e0                UART_IsEmpty
 .text.HAL_UART_ErrorCallback
                0x08001604       0x10 ./App/Src/uart.o
                0x08001604                HAL_UART_ErrorCallback
 .text.UART_Read
                0x08001614       0x50 ./App/Src/uart.o
                0x08001614                UART_Read
 .text.UART_Write
                0x08001664       0x24 ./App/Src/uart.o
                0x08001664                UART_Write
 .text.UART_Init
                0x08001688       0x18 ./App/Src/uart.o
                0x08001688                UART_Init
 .text.UART_EmergencyPrint
                0x080016a0       0x20 ./App/Src/uart.o
                0x080016a0                UART_EmergencyPrint
 .text.UART_Getc
                0x080016c0        0xe ./App/Src/uart_lib.o
                0x080016c0                UART_Getc
 .text.UART_Put
                0x080016ce        0xe ./App/Src/uart_lib.o
                0x080016ce                UART_Put
 .text.UART_Puts
                0x080016dc       0x18 ./App/Src/uart_lib.o
                0x080016dc                UART_Puts
 .text.UART_Putc
                0x080016f4       0x16 ./App/Src/uart_lib.o
                0x080016f4                UART_Putc
 *fill*         0x0800170a        0x2 
 .text.UART_AssertionFailed
                0x0800170c       0x20 ./App/Src/uart_lib.o
                0x0800170c                UART_AssertionFailed
 .text.MX_DMA_Init
                0x0800172c       0x30 ./Core/Src/dma.o
                0x0800172c                MX_DMA_Init
 .text.MX_GPIO_Init
                0x0800175c       0x98 ./Core/Src/gpio.o
                0x0800175c                MX_GPIO_Init
 .text.SystemClock_Config
                0x080017f4       0x94 ./Core/Src/main.o
                0x080017f4                SystemClock_Config
 .text.startup.main
                0x08001888       0x24 ./Core/Src/main.o
                0x08001888                main
 .text.Error_Handler
                0x080018ac        0x4 ./Core/Src/main.o
                0x080018ac                Error_Handler
 .text.HAL_MspInit
                0x080018b0       0x30 ./Core/Src/stm32l4xx_hal_msp.o
                0x080018b0                HAL_MspInit
 .text.NMI_Handler
                0x080018e0        0x2 ./Core/Src/stm32l4xx_it.o
                0x080018e0                NMI_Handler
 .text.HardFault_Handler
                0x080018e2        0x2 ./Core/Src/stm32l4xx_it.o
                0x080018e2                HardFault_Handler
 .text.MemManage_Handler
                0x080018e4        0x2 ./Core/Src/stm32l4xx_it.o
                0x080018e4                MemManage_Handler
 .text.BusFault_Handler
                0x080018e6        0x2 ./Core/Src/stm32l4xx_it.o
                0x080018e6                BusFault_Handler
 .text.UsageFault_Handler
                0x080018e8        0x2 ./Core/Src/stm32l4xx_it.o
                0x080018e8                UsageFault_Handler
 .text.SVC_Handler
                0x080018ea        0x2 ./Core/Src/stm32l4xx_it.o
                0x080018ea                SVC_Handler
 .text.DebugMon_Handler
                0x080018ec        0x2 ./Core/Src/stm32l4xx_it.o
                0x080018ec                DebugMon_Handler
 .text.PendSV_Handler
                0x080018ee        0x2 ./Core/Src/stm32l4xx_it.o
                0x080018ee                PendSV_Handler
 .text.SysTick_Handler
                0x080018f0        0x4 ./Core/Src/stm32l4xx_it.o
                0x080018f0                SysTick_Handler
 .text.DMA1_Channel6_IRQHandler
                0x080018f4        0xc ./Core/Src/stm32l4xx_it.o
                0x080018f4                DMA1_Channel6_IRQHandler
 .text.TIM1_UP_TIM16_IRQHandler
                0x08001900        0xc ./Core/Src/stm32l4xx_it.o
                0x08001900                TIM1_UP_TIM16_IRQHandler
 .text.TIM2_IRQHandler
                0x0800190c        0xc ./Core/Src/stm32l4xx_it.o
                0x0800190c                TIM2_IRQHandler
 .text.USART2_IRQHandler
                0x08001918        0xc ./Core/Src/stm32l4xx_it.o
                0x08001918                USART2_IRQHandler
 .text._getpid  0x08001924        0x4 ./Core/Src/syscalls.o
                0x08001924                _getpid
 .text._kill    0x08001928       0x10 ./Core/Src/syscalls.o
                0x08001928                _kill
 .text._exit    0x08001938        0xc ./Core/Src/syscalls.o
                0x08001938                _exit
 .text._read    0x08001944       0x1c ./Core/Src/syscalls.o
                0x08001944                _read
 .text._write   0x08001960       0x1c ./Core/Src/syscalls.o
                0x08001960                _write
 .text._close   0x0800197c        0x6 ./Core/Src/syscalls.o
                0x0800197c                _close
 .text._fstat   0x08001982        0xa ./Core/Src/syscalls.o
                0x08001982                _fstat
 .text._isatty  0x0800198c        0x4 ./Core/Src/syscalls.o
                0x0800198c                _isatty
 .text._lseek   0x08001990        0x4 ./Core/Src/syscalls.o
                0x08001990                _lseek
 .text._sbrk    0x08001994       0x40 ./Core/Src/sysmem.o
                0x08001994                _sbrk
 .text.SystemInit
                0x080019d4       0x14 ./Core/Src/system_stm32l4xx.o
                0x080019d4                SystemInit
 .text.pwm_numbers_set
                0x080019e8        0xc ./Core/Src/tim.o
                0x080019e8                pwm_numbers_set
 .text.pwm_shot_count_reset
                0x080019f4        0xc ./Core/Src/tim.o
                0x080019f4                pwm_shot_count_reset
 .text.pwm_run_state_set
                0x08001a00        0xc ./Core/Src/tim.o
                0x08001a00                pwm_run_state_set
 .text.MX_TIM2_Init
                0x08001a0c       0x6c ./Core/Src/tim.o
                0x08001a0c                MX_TIM2_Init
 .text.HAL_TIM_Base_MspInit
                0x08001a78       0x98 ./Core/Src/tim.o
                0x08001a78                HAL_TIM_Base_MspInit
 .text.HAL_TIM_MspPostInit
                0x08001b10       0x50 ./Core/Src/tim.o
                0x08001b10                HAL_TIM_MspPostInit
 .text.pwm_setup
                0x08001b60      0x190 ./Core/Src/tim.o
                0x08001b60                pwm_setup
 .text.MX_TIM1_Init
                0x08001cf0       0xec ./Core/Src/tim.o
                0x08001cf0                MX_TIM1_Init
 .text.pwm_service
                0x08001ddc       0x24 ./Core/Src/tim.o
                0x08001ddc                pwm_service
 .text.HAL_TIM_PeriodElapsedCallback
                0x08001e00       0x54 ./Core/Src/tim.o
                0x08001e00                HAL_TIM_PeriodElapsedCallback
 .text.MX_USART2_UART_Init
                0x08001e54       0x3c ./Core/Src/usart.o
                0x08001e54                MX_USART2_UART_Init
 .text.HAL_UART_MspInit
                0x08001e90       0xdc ./Core/Src/usart.o
                0x08001e90                HAL_UART_MspInit
 .text.Reset_Handler
                0x08001f6c       0x50 ./Core/Startup/startup_stm32l432kcux.o
                0x08001f6c                Reset_Handler
 .text.Default_Handler
                0x08001fbc        0x2 ./Core/Startup/startup_stm32l432kcux.o
                0x08001fbc                RTC_Alarm_IRQHandler
                0x08001fbc                EXTI2_IRQHandler
                0x08001fbc                TIM1_CC_IRQHandler
                0x08001fbc                TSC_IRQHandler
                0x08001fbc                TAMP_STAMP_IRQHandler
                0x08001fbc                EXTI3_IRQHandler
                0x08001fbc                LPTIM2_IRQHandler
                0x08001fbc                I2C3_ER_IRQHandler
                0x08001fbc                EXTI0_IRQHandler
                0x08001fbc                CAN1_RX0_IRQHandler
                0x08001fbc                FPU_IRQHandler
                0x08001fbc                SPI1_IRQHandler
                0x08001fbc                TIM6_DAC_IRQHandler
                0x08001fbc                DMA2_Channel2_IRQHandler
                0x08001fbc                DMA1_Channel4_IRQHandler
                0x08001fbc                ADC1_IRQHandler
                0x08001fbc                DMA1_Channel7_IRQHandler
                0x08001fbc                CAN1_RX1_IRQHandler
                0x08001fbc                DMA2_Channel1_IRQHandler
                0x08001fbc                QUADSPI_IRQHandler
                0x08001fbc                I2C1_EV_IRQHandler
                0x08001fbc                DMA2_Channel4_IRQHandler
                0x08001fbc                RCC_IRQHandler
                0x08001fbc                TIM1_TRG_COM_IRQHandler
                0x08001fbc                DMA1_Channel1_IRQHandler
                0x08001fbc                Default_Handler
                0x08001fbc                DMA2_Channel7_IRQHandler
                0x08001fbc                EXTI15_10_IRQHandler
                0x08001fbc                TIM7_IRQHandler
                0x08001fbc                I2C3_EV_IRQHandler
                0x08001fbc                USB_IRQHandler
                0x08001fbc                EXTI9_5_IRQHandler
                0x08001fbc                RTC_WKUP_IRQHandler
                0x08001fbc                PVD_PVM_IRQHandler
                0x08001fbc                CAN1_TX_IRQHandler
                0x08001fbc                DMA2_Channel5_IRQHandler
                0x08001fbc                CRS_IRQHandler
                0x08001fbc                DMA1_Channel5_IRQHandler
                0x08001fbc                EXTI4_IRQHandler
                0x08001fbc                RNG_IRQHandler
                0x08001fbc                DMA1_Channel3_IRQHandler
                0x08001fbc                COMP_IRQHandler
                0x08001fbc                WWDG_IRQHandler
                0x08001fbc                LPUART1_IRQHandler
                0x08001fbc                DMA2_Channel6_IRQHandler
                0x08001fbc                EXTI1_IRQHandler
                0x08001fbc                DMA1_Channel2_IRQHandler
                0x08001fbc                CAN1_SCE_IRQHandler
                0x08001fbc                FLASH_IRQHandler
                0x08001fbc                USART1_IRQHandler
                0x08001fbc                SPI3_IRQHandler
                0x08001fbc                I2C1_ER_IRQHandler
                0x08001fbc                SWPMI1_IRQHandler
                0x08001fbc                LPTIM1_IRQHandler
                0x08001fbc                SAI1_IRQHandler
                0x08001fbc                DMA2_Channel3_IRQHandler
                0x08001fbc                TIM1_BRK_TIM15_IRQHandler
 *fill*         0x08001fbe        0x2 
 .text.HAL_InitTick
                0x08001fc0       0x4c ./Drivers/STM32L4xx_HAL_Driver/Src/stm32l4xx_hal.o
                0x08001fc0                HAL_InitTick
 .text.HAL_Init
                0x0800200c       0x1e ./Drivers/STM32L4xx_HAL_Driver/Src/stm32l4xx_hal.o
                0x0800200c                HAL_Init
 *fill*         0x0800202a        0x2 
 .text.HAL_IncTick
                0x0800202c       0x18 ./Drivers/STM32L4xx_HAL_Driver/Src/stm32l4xx_hal.o
                0x0800202c                HAL_IncTick
 .text.HAL_GetTick
                0x08002044        0xc ./Drivers/STM32L4xx_HAL_Driver/Src/stm32l4xx_hal.o
                0x08002044                HAL_GetTick
 .text.HAL_NVIC_SetPriorityGrouping
                0x08002050       0x24 ./Drivers/STM32L4xx_HAL_Driver/Src/stm32l4xx_hal_cortex.o
                0x08002050                HAL_NVIC_SetPriorityGrouping
 .text.HAL_NVIC_SetPriority
                0x08002074       0x64 ./Drivers/STM32L4xx_HAL_Driver/Src/stm32l4xx_hal_cortex.o
                0x08002074                HAL_NVIC_SetPriority
 .text.HAL_NVIC_EnableIRQ
                0x080020d8       0x1c ./Drivers/STM32L4xx_HAL_Driver/Src/stm32l4xx_hal_cortex.o
                0x080020d8                HAL_NVIC_EnableIRQ
 .text.HAL_SYSTICK_Config
                0x080020f4       0x28 ./Drivers/STM32L4xx_HAL_Driver/Src/stm32l4xx_hal_cortex.o
                0x080020f4                HAL_SYSTICK_Config
 .text.HAL_DMA_Init
                0x0800211c       0xcc ./Drivers/STM32L4xx_HAL_Driver/Src/stm32l4xx_hal_dma.o
                0x0800211c                HAL_DMA_Init
 .text.HAL_DMA_Start_IT
                0x080021e8       0x7c ./Drivers/STM32L4xx_HAL_Driver/Src/stm32l4xx_hal_dma.o
                0x080021e8                HAL_DMA_Start_IT
 .text.HAL_DMA_Abort
                0x08002264       0x42 ./Drivers/STM32L4xx_HAL_Driver/Src/stm32l4xx_hal_dma.o
                0x08002264                HAL_DMA_Abort
 .text.HAL_DMA_Abort_IT
                0x080022a6       0x48 ./Drivers/STM32L4xx_HAL_Driver/Src/stm32l4xx_hal_dma.o
                0x080022a6                HAL_DMA_Abort_IT
 .text.HAL_DMA_IRQHandler
                0x080022ee       0x94 ./Drivers/STM32L4xx_HAL_Driver/Src/stm32l4xx_hal_dma.o
                0x080022ee                HAL_DMA_IRQHandler
 *fill*         0x08002382        0x2 
 .text.HAL_GPIO_Init
                0x08002384      0x170 ./Drivers/STM32L4xx_HAL_Driver/Src/stm32l4xx_hal_gpio.o
                0x08002384                HAL_GPIO_Init
 .text.HAL_GPIO_ReadPin
                0x080024f4        0xc ./Drivers/STM32L4xx_HAL_Driver/Src/stm32l4xx_hal_gpio.o
                0x080024f4                HAL_GPIO_ReadPin
 .text.HAL_GPIO_WritePin
                0x08002500        0xa ./Drivers/STM32L4xx_HAL_Driver/Src/stm32l4xx_hal_gpio.o
                0x08002500                HAL_GPIO_WritePin
 *fill*         0x0800250a        0x2 
 .text.HAL_PWR_EnableBkUpAccess
                0x0800250c       0x10 ./Drivers/STM32L4xx_HAL_Driver/Src/stm32l4xx_hal_pwr.o
                0x0800250c                HAL_PWR_EnableBkUpAccess
 .text.HAL_PWREx_GetVoltageRange
                0x0800251c       0x10 ./Drivers/STM32L4xx_HAL_Driver/Src/stm32l4xx_hal_pwr_ex.o
                0x0800251c                HAL_PWREx_GetVoltageRange
 .text.HAL_PWREx_ControlVoltageScaling
                0x0800252c       0x6c ./Drivers/STM32L4xx_HAL_Driver/Src/stm32l4xx_hal_pwr_ex.o
                0x0800252c                HAL_PWREx_ControlVoltageScaling
 .text.RCC_SetFlashLatencyFromMSIRange
                0x08002598       0x84 ./Drivers/STM32L4xx_HAL_Driver/Src/stm32l4xx_hal_rcc.o
 .text.HAL_RCC_GetSysClockFreq
                0x0800261c       0x94 ./Drivers/STM32L4xx_HAL_Driver/Src/stm32l4xx_hal_rcc.o
                0x0800261c                HAL_RCC_GetSysClockFreq
 .text.HAL_RCC_OscConfig
                0x080026b0      0x544 ./Drivers/STM32L4xx_HAL_Driver/Src/stm32l4xx_hal_rcc.o
                0x080026b0                HAL_RCC_OscConfig
 .text.HAL_RCC_ClockConfig
                0x08002bf4      0x154 ./Drivers/STM32L4xx_HAL_Driver/Src/stm32l4xx_hal_rcc.o
                0x08002bf4                HAL_RCC_ClockConfig
 .text.HAL_RCC_GetPCLK1Freq
                0x08002d48       0x24 ./Drivers/STM32L4xx_HAL_Driver/Src/stm32l4xx_hal_rcc.o
                0x08002d48                HAL_RCC_GetPCLK1Freq
 .text.HAL_RCC_GetPCLK2Freq
                0x08002d6c       0x24 ./Drivers/STM32L4xx_HAL_Driver/Src/stm32l4xx_hal_rcc.o
                0x08002d6c                HAL_RCC_GetPCLK2Freq
 .text.HAL_RCC_GetClockConfig
                0x08002d90       0x3c ./Drivers/STM32L4xx_HAL_Driver/Src/stm32l4xx_hal_rcc.o
                0x08002d90                HAL_RCC_GetClockConfig
 .text.RCCEx_PLLSAI1_Config
                0x08002dcc      0x10c ./Drivers/STM32L4xx_HAL_Driver/Src/stm32l4xx_hal_rcc_ex.o
 .text.HAL_RCCEx_PeriphCLKConfig
                0x08002ed8      0x2a0 ./Drivers/STM32L4xx_HAL_Driver/Src/stm32l4xx_hal_rcc_ex.o
                0x08002ed8                HAL_RCCEx_PeriphCLKConfig
 .text.HAL_RCCEx_EnableMSIPLLMode
                0x08003178       0x10 ./Drivers/STM32L4xx_HAL_Driver/Src/stm32l4xx_hal_rcc_ex.o
                0x08003178                HAL_RCCEx_EnableMSIPLLMode
 .text.TIM_OC1_SetConfig
                0x08003188       0x64 ./Drivers/STM32L4xx_HAL_Driver/Src/stm32l4xx_hal_tim.o
 .text.TIM_OC3_SetConfig
                0x080031ec       0x6c ./Drivers/STM32L4xx_HAL_Driver/Src/stm32l4xx_hal_tim.o
 .text.TIM_OC4_SetConfig
                0x08003258       0x58 ./Drivers/STM32L4xx_HAL_Driver/Src/stm32l4xx_hal_tim.o
 .text.TIM_OC5_SetConfig
                0x080032b0       0x58 ./Drivers/STM32L4xx_HAL_Driver/Src/stm32l4xx_hal_tim.o
 .text.TIM_OC6_SetConfig
                0x08003308       0x58 ./Drivers/STM32L4xx_HAL_Driver/Src/stm32l4xx_hal_tim.o
 .text.HAL_TIM_Base_Start_IT
                0x08003360       0x54 ./Drivers/STM32L4xx_HAL_Driver/Src/stm32l4xx_hal_tim.o
                0x08003360                HAL_TIM_Base_Start_IT
 .text.HAL_TIM_Base_Stop_IT
                0x080033b4       0x30 ./Drivers/STM32L4xx_HAL_Driver/Src/stm32l4xx_hal_tim.o
                0x080033b4                HAL_TIM_Base_Stop_IT
 .text.HAL_TIM_PWM_MspInit
                0x080033e4        0x2 ./Drivers/STM32L4xx_HAL_Driver/Src/stm32l4xx_hal_tim.o
                0x080033e4                HAL_TIM_PWM_MspInit
 .text.HAL_TIM_OC_DelayElapsedCallback
                0x080033e6        0x2 ./Drivers/STM32L4xx_HAL_Driver/Src/stm32l4xx_hal_tim.o
                0x080033e6                HAL_TIM_OC_DelayElapsedCallback
 .text.HAL_TIM_IC_CaptureCallback
                0x080033e8        0x2 ./Drivers/STM32L4xx_HAL_Driver/Src/stm32l4xx_hal_tim.o
                0x080033e8                HAL_TIM_IC_CaptureCallback
 .text.HAL_TIM_PWM_PulseFinishedCallback
                0x080033ea        0x2 ./Drivers/STM32L4xx_HAL_Driver/Src/stm32l4xx_hal_tim.o
                0x080033ea                HAL_TIM_PWM_PulseFinishedCallback
 .text.HAL_TIM_TriggerCallback
                0x080033ec        0x2 ./Drivers/STM32L4xx_HAL_Driver/Src/stm32l4xx_hal_tim.o
                0x080033ec                HAL_TIM_TriggerCallback
 .text.HAL_TIM_IRQHandler
                0x080033ee      0x140 ./Drivers/STM32L4xx_HAL_Driver/Src/stm32l4xx_hal_tim.o
                0x080033ee                HAL_TIM_IRQHandler
 *fill*         0x0800352e        0x2 
 .text.TIM_Base_SetConfig
                0x08003530       0x78 ./Drivers/STM32L4xx_HAL_Driver/Src/stm32l4xx_hal_tim.o
                0x08003530                TIM_Base_SetConfig
 .text.HAL_TIM_Base_Init
                0x080035a8       0x60 ./Drivers/STM32L4xx_HAL_Driver/Src/stm32l4xx_hal_tim.o
                0x080035a8                HAL_TIM_Base_Init
 .text.HAL_TIM_PWM_Init
                0x08003608       0x60 ./Drivers/STM32L4xx_HAL_Driver/Src/stm32l4xx_hal_tim.o
                0x08003608                HAL_TIM_PWM_Init
 .text.TIM_OC2_SetConfig
                0x08003668       0x70 ./Drivers/STM32L4xx_HAL_Driver/Src/stm32l4xx_hal_tim.o
                0x08003668                TIM_OC2_SetConfig
 .text.HAL_TIM_PWM_ConfigChannel
                0x080036d8       0xf8 ./Drivers/STM32L4xx_HAL_Driver/Src/stm32l4xx_hal_tim.o
                0x080036d8                HAL_TIM_PWM_ConfigChannel
 .text.TIM_ETR_SetConfig
                0x080037d0       0x14 ./Drivers/STM32L4xx_HAL_Driver/Src/stm32l4xx_hal_tim.o
                0x080037d0                TIM_ETR_SetConfig
 .text.HAL_TIM_ConfigClockSource
                0x080037e4      0x134 ./Drivers/STM32L4xx_HAL_Driver/Src/stm32l4xx_hal_tim.o
                0x080037e4                HAL_TIM_ConfigClockSource
 .text.TIM_SlaveTimer_SetConfig.constprop.0
                0x08003918       0xc4 ./Drivers/STM32L4xx_HAL_Driver/Src/stm32l4xx_hal_tim.o
 .text.HAL_TIM_SlaveConfigSynchro
                0x080039dc       0x4e ./Drivers/STM32L4xx_HAL_Driver/Src/stm32l4xx_hal_tim.o
                0x080039dc                HAL_TIM_SlaveConfigSynchro
 .text.TIM_CCxChannelCmd
                0x08003a2a       0x1c ./Drivers/STM32L4xx_HAL_Driver/Src/stm32l4xx_hal_tim.o
                0x08003a2a                TIM_CCxChannelCmd
 *fill*         0x08003a46        0x2 
 .text.HAL_TIM_OC_Start
                0x08003a48       0xe0 ./Drivers/STM32L4xx_HAL_Driver/Src/stm32l4xx_hal_tim.o
                0x08003a48                HAL_TIM_OC_Start
 .text.HAL_TIM_PWM_Start
                0x08003b28        0x4 ./Drivers/STM32L4xx_HAL_Driver/Src/stm32l4xx_hal_tim.o
                0x08003b28                HAL_TIM_PWM_Start
 .text.HAL_TIM_OC_Stop
                0x08003b2c       0xa0 ./Drivers/STM32L4xx_HAL_Driver/Src/stm32l4xx_hal_tim.o
                0x08003b2c                HAL_TIM_OC_Stop
 .text.HAL_TIM_PWM_Stop
                0x08003bcc        0x4 ./Drivers/STM32L4xx_HAL_Driver/Src/stm32l4xx_hal_tim.o
                0x08003bcc                HAL_TIM_PWM_Stop
 .text.HAL_TIMEx_MasterConfigSynchronization
                0x08003bd0       0x64 ./Drivers/STM32L4xx_HAL_Driver/Src/stm32l4xx_hal_tim_ex.o
                0x08003bd0                HAL_TIMEx_MasterConfigSynchronization
 .text.HAL_TIMEx_ConfigBreakDeadTime
                0x08003c34       0x7c ./Drivers/STM32L4xx_HAL_Driver/Src/stm32l4xx_hal_tim_ex.o
                0x08003c34                HAL_TIMEx_ConfigBreakDeadTime
 .text.HAL_TIMEx_CommutCallback
                0x08003cb0        0x2 ./Drivers/STM32L4xx_HAL_Driver/Src/stm32l4xx_hal_tim_ex.o
                0x08003cb0                HAL_TIMEx_CommutCallback
 .text.HAL_TIMEx_BreakCallback
                0x08003cb2        0x2 ./Drivers/STM32L4xx_HAL_Driver/Src/stm32l4xx_hal_tim_ex.o
                0x08003cb2                HAL_TIMEx_BreakCallback
 .text.HAL_TIMEx_Break2Callback
                0x08003cb4        0x2 ./Drivers/STM32L4xx_HAL_Driver/Src/stm32l4xx_hal_tim_ex.o
                0x08003cb4                HAL_TIMEx_Break2Callback
 .text.UART_EndRxTransfer
                0x08003cb6       0x50 ./Drivers/STM32L4xx_HAL_Driver/Src/stm32l4xx_hal_uart.o
 .text.HAL_UART_TxCpltCallback
                0x08003d06        0x2 ./Drivers/STM32L4xx_HAL_Driver/Src/stm32l4xx_hal_uart.o
                0x08003d06                HAL_UART_TxCpltCallback
 .text.HAL_UART_RxCpltCallback
                0x08003d08        0x2 ./Drivers/STM32L4xx_HAL_Driver/Src/stm32l4xx_hal_uart.o
                0x08003d08                HAL_UART_RxCpltCallback
 .text.HAL_UART_RxHalfCpltCallback
                0x08003d0a        0x2 ./Drivers/STM32L4xx_HAL_Driver/Src/stm32l4xx_hal_uart.o
                0x08003d0a                HAL_UART_RxHalfCpltCallback
 .text.UART_DMAError
                0x08003d0c       0x56 ./Drivers/STM32L4xx_HAL_Driver/Src/stm32l4xx_hal_uart.o
 .text.UART_DMAAbortOnError
                0x08003d62       0x14 ./Drivers/STM32L4xx_HAL_Driver/Src/stm32l4xx_hal_uart.o
 .text.HAL_UARTEx_RxEventCallback
                0x08003d76        0x2 ./Drivers/STM32L4xx_HAL_Driver/Src/stm32l4xx_hal_uart.o
                0x08003d76                HAL_UARTEx_RxEventCallback
 .text.HAL_UART_IRQHandler
                0x08003d78      0x2a8 ./Drivers/STM32L4xx_HAL_Driver/Src/stm32l4xx_hal_uart.o
                0x08003d78                HAL_UART_IRQHandler
 .text.UART_DMARxHalfCplt
                0x08004020       0x20 ./Drivers/STM32L4xx_HAL_Driver/Src/stm32l4xx_hal_uart.o
 .text.UART_DMAReceiveCplt
                0x08004040       0x8e ./Drivers/STM32L4xx_HAL_Driver/Src/stm32l4xx_hal_uart.o
 *fill*         0x080040ce        0x2 
 .text.UART_SetConfig
                0x080040d0      0x1ac ./Drivers/STM32L4xx_HAL_Driver/Src/stm32l4xx_hal_uart.o
                0x080040d0                UART_SetConfig
 .text.UART_AdvFeatureConfig
                0x0800427c       0xa8 ./Drivers/STM32L4xx_HAL_Driver/Src/stm32l4xx_hal_uart.o
                0x0800427c                UART_AdvFeatureConfig
 .text.UART_WaitOnFlagUntilTimeout
                0x08004324       0x90 ./Drivers/STM32L4xx_HAL_Driver/Src/stm32l4xx_hal_uart.o
                0x08004324                UART_WaitOnFlagUntilTimeout
 .text.UART_CheckIdleState
                0x080043b4       0xb2 ./Drivers/STM32L4xx_HAL_Driver/Src/stm32l4xx_hal_uart.o
                0x080043b4                UART_CheckIdleState
 .text.HAL_UART_Init
                0x08004466       0x5c ./Drivers/STM32L4xx_HAL_Driver/Src/stm32l4xx_hal_uart.o
                0x08004466                HAL_UART_Init
 *fill*         0x080044c2        0x2 
 .text.UART_Start_Receive_DMA
                0x080044c4       0x9c ./Drivers/STM32L4xx_HAL_Driver/Src/stm32l4xx_hal_uart.o
                0x080044c4                UART_Start_Receive_DMA
 .text.HAL_UART_Receive_DMA
                0x08004560       0x44 ./Drivers/STM32L4xx_HAL_Driver/Src/stm32l4xx_hal_uart.o
                0x08004560                HAL_UART_Receive_DMA
 .text.HAL_UARTEx_WakeupCallback
                0x080045a4        0x2 ./Drivers/STM32L4xx_HAL_Driver/Src/stm32l4xx_hal_uart_ex.o
                0x080045a4                HAL_UARTEx_WakeupCallback
 .text.SCPI_RegGet
                0x080045a6       0x32 X:\github\Jigu-GPIO_with_scpilib\Jigu-GPIO\libscpi\dist\libscpi.a(ieee488.o)
                0x080045a6                SCPI_RegGet
 .text.writeControl
                0x080045d8       0x44 X:\github\Jigu-GPIO_with_scpilib\Jigu-GPIO\libscpi\dist\libscpi.a(ieee488.o)
 .text.SCPI_RegSet
                0x0800461c      0x23c X:\github\Jigu-GPIO_with_scpilib\Jigu-GPIO\libscpi\dist\libscpi.a(ieee488.o)
                0x0800461c                SCPI_RegSet
 .text.SCPI_RegSetBits
                0x08004858       0x36 X:\github\Jigu-GPIO_with_scpilib\Jigu-GPIO\libscpi\dist\libscpi.a(ieee488.o)
                0x08004858                SCPI_RegSetBits
 .text.SCPI_RegClearBits
                0x0800488e       0x3e X:\github\Jigu-GPIO_with_scpilib\Jigu-GPIO\libscpi\dist\libscpi.a(ieee488.o)
                0x0800488e                SCPI_RegClearBits
 .text.SCPI_CoreCls
                0x080048cc       0x4c X:\github\Jigu-GPIO_with_scpilib\Jigu-GPIO\libscpi\dist\libscpi.a(ieee488.o)
                0x080048cc                SCPI_CoreCls
 .text.SCPI_CoreEse
                0x08004918       0x3a X:\github\Jigu-GPIO_with_scpilib\Jigu-GPIO\libscpi\dist\libscpi.a(ieee488.o)
                0x08004918                SCPI_CoreEse
 .text.SCPI_CoreEseQ
                0x08004952       0x24 X:\github\Jigu-GPIO_with_scpilib\Jigu-GPIO\libscpi\dist\libscpi.a(ieee488.o)
                0x08004952                SCPI_CoreEseQ
 .text.SCPI_CoreEsrQ
                0x08004976       0x2e X:\github\Jigu-GPIO_with_scpilib\Jigu-GPIO\libscpi\dist\libscpi.a(ieee488.o)
                0x08004976                SCPI_CoreEsrQ
 .text.SCPI_CoreIdnQ
                0x080049a4       0x70 X:\github\Jigu-GPIO_with_scpilib\Jigu-GPIO\libscpi\dist\libscpi.a(ieee488.o)
                0x080049a4                SCPI_CoreIdnQ
 .text.SCPI_CoreOpc
                0x08004a14       0x1c X:\github\Jigu-GPIO_with_scpilib\Jigu-GPIO\libscpi\dist\libscpi.a(ieee488.o)
                0x08004a14                SCPI_CoreOpc
 .text.SCPI_CoreOpcQ
                0x08004a30       0x1a X:\github\Jigu-GPIO_with_scpilib\Jigu-GPIO\libscpi\dist\libscpi.a(ieee488.o)
                0x08004a30                SCPI_CoreOpcQ
 .text.SCPI_CoreRst
                0x08004a4a       0x38 X:\github\Jigu-GPIO_with_scpilib\Jigu-GPIO\libscpi\dist\libscpi.a(ieee488.o)
                0x08004a4a                SCPI_CoreRst
 .text.SCPI_CoreSre
                0x08004a82       0x3a X:\github\Jigu-GPIO_with_scpilib\Jigu-GPIO\libscpi\dist\libscpi.a(ieee488.o)
                0x08004a82                SCPI_CoreSre
 .text.SCPI_CoreSreQ
                0x08004abc       0x24 X:\github\Jigu-GPIO_with_scpilib\Jigu-GPIO\libscpi\dist\libscpi.a(ieee488.o)
                0x08004abc                SCPI_CoreSreQ
 .text.SCPI_CoreStbQ
                0x08004ae0       0x24 X:\github\Jigu-GPIO_with_scpilib\Jigu-GPIO\libscpi\dist\libscpi.a(ieee488.o)
                0x08004ae0                SCPI_CoreStbQ
 .text.SCPI_CoreWai
                0x08004b04       0x16 X:\github\Jigu-GPIO_with_scpilib\Jigu-GPIO\libscpi\dist\libscpi.a(ieee488.o)
                0x08004b04                SCPI_CoreWai
 *fill*         0x08004b1a        0x2 
 .text.SCPI_SystemVersionQ
                0x08004b1c       0x20 X:\github\Jigu-GPIO_with_scpilib\Jigu-GPIO\libscpi\dist\libscpi.a(minimal.o)
                0x08004b1c                SCPI_SystemVersionQ
 .text.SCPI_SystemErrorNextQ
                0x08004b3c       0x2a X:\github\Jigu-GPIO_with_scpilib\Jigu-GPIO\libscpi\dist\libscpi.a(minimal.o)
                0x08004b3c                SCPI_SystemErrorNextQ
 .text.SCPI_SystemErrorCountQ
                0x08004b66       0x22 X:\github\Jigu-GPIO_with_scpilib\Jigu-GPIO\libscpi\dist\libscpi.a(minimal.o)
                0x08004b66                SCPI_SystemErrorCountQ
 .text.writeData
                0x08004b88       0x34 X:\github\Jigu-GPIO_with_scpilib\Jigu-GPIO\libscpi\dist\libscpi.a(parser.o)
 .text.flushData
                0x08004bbc       0x38 X:\github\Jigu-GPIO_with_scpilib\Jigu-GPIO\libscpi\dist\libscpi.a(parser.o)
 .text.writeDelimiter
                0x08004bf4       0x2c X:\github\Jigu-GPIO_with_scpilib\Jigu-GPIO\libscpi\dist\libscpi.a(parser.o)
 .text.writeNewLine
                0x08004c20       0x3c X:\github\Jigu-GPIO_with_scpilib\Jigu-GPIO\libscpi\dist\libscpi.a(parser.o)
 .text.writeSemicolon
                0x08004c5c       0x2c X:\github\Jigu-GPIO_with_scpilib\Jigu-GPIO\libscpi\dist\libscpi.a(parser.o)
 .text.processCommand
                0x08004c88      0x108 X:\github\Jigu-GPIO_with_scpilib\Jigu-GPIO\libscpi\dist\libscpi.a(parser.o)
 .text.findCommandHeader
                0x08004d90       0x70 X:\github\Jigu-GPIO_with_scpilib\Jigu-GPIO\libscpi\dist\libscpi.a(parser.o)
 .text.SCPI_Parse
                0x08004e00      0x158 X:\github\Jigu-GPIO_with_scpilib\Jigu-GPIO\libscpi\dist\libscpi.a(parser.o)
                0x08004e00                SCPI_Parse
 .text.SCPI_Init
                0x08004f58       0x72 X:\github\Jigu-GPIO_with_scpilib\Jigu-GPIO\libscpi\dist\libscpi.a(parser.o)
                0x08004f58                SCPI_Init
 .text.SCPI_Input
                0x08004fca      0x14a X:\github\Jigu-GPIO_with_scpilib\Jigu-GPIO\libscpi\dist\libscpi.a(parser.o)
                0x08004fca                SCPI_Input
 .text.SCPI_ResultCharacters
                0x08005114       0x44 X:\github\Jigu-GPIO_with_scpilib\Jigu-GPIO\libscpi\dist\libscpi.a(parser.o)
                0x08005114                SCPI_ResultCharacters
 .text.getBasePrefix
                0x08005158       0x48 X:\github\Jigu-GPIO_with_scpilib\Jigu-GPIO\libscpi\dist\libscpi.a(parser.o)
 .text.resultUInt32BaseSign
                0x080051a0       0x8e X:\github\Jigu-GPIO_with_scpilib\Jigu-GPIO\libscpi\dist\libscpi.a(parser.o)
 .text.SCPI_ResultInt32
                0x0800522e       0x20 X:\github\Jigu-GPIO_with_scpilib\Jigu-GPIO\libscpi\dist\libscpi.a(parser.o)
                0x0800522e                SCPI_ResultInt32
 .text.SCPI_ResultUInt32Base
                0x0800524e       0x26 X:\github\Jigu-GPIO_with_scpilib\Jigu-GPIO\libscpi\dist\libscpi.a(parser.o)
                0x0800524e                SCPI_ResultUInt32Base
 .text.SCPI_ResultError
                0x08005274      0x214 X:\github\Jigu-GPIO_with_scpilib\Jigu-GPIO\libscpi\dist\libscpi.a(parser.o)
                0x08005274                SCPI_ResultError
 .text.SCPI_ResultBool
                0x08005488       0x24 X:\github\Jigu-GPIO_with_scpilib\Jigu-GPIO\libscpi\dist\libscpi.a(parser.o)
                0x08005488                SCPI_ResultBool
 .text.invalidateToken
                0x080054ac       0x28 X:\github\Jigu-GPIO_with_scpilib\Jigu-GPIO\libscpi\dist\libscpi.a(parser.o)
 .text.SCPI_Parameter
                0x080054d4       0xd8 X:\github\Jigu-GPIO_with_scpilib\Jigu-GPIO\libscpi\dist\libscpi.a(parser.o)
                0x080054d4                SCPI_Parameter
 .text.SCPI_ParamIsNumber
                0x080055ac       0x3c X:\github\Jigu-GPIO_with_scpilib\Jigu-GPIO\libscpi\dist\libscpi.a(parser.o)
                0x080055ac                SCPI_ParamIsNumber
 .text.ParamSignToUInt32
                0x080055e8       0xe8 X:\github\Jigu-GPIO_with_scpilib\Jigu-GPIO\libscpi\dist\libscpi.a(parser.o)
 .text.ParamSignToUInt64
                0x080056d0       0xe8 X:\github\Jigu-GPIO_with_scpilib\Jigu-GPIO\libscpi\dist\libscpi.a(parser.o)
 .text.SCPI_ParamToInt32
                0x080057b8       0x22 X:\github\Jigu-GPIO_with_scpilib\Jigu-GPIO\libscpi\dist\libscpi.a(parser.o)
                0x080057b8                SCPI_ParamToInt32
 .text.SCPI_ParamToUInt64
                0x080057da       0x22 X:\github\Jigu-GPIO_with_scpilib\Jigu-GPIO\libscpi\dist\libscpi.a(parser.o)
                0x080057da                SCPI_ParamToUInt64
 .text.SCPI_ParamToDouble
                0x080057fc       0x8c X:\github\Jigu-GPIO_with_scpilib\Jigu-GPIO\libscpi\dist\libscpi.a(parser.o)
                0x080057fc                SCPI_ParamToDouble
 .text.ParamSignUInt32
                0x08005888       0xa4 X:\github\Jigu-GPIO_with_scpilib\Jigu-GPIO\libscpi\dist\libscpi.a(parser.o)
 .text.SCPI_ParamInt32
                0x0800592c       0x24 X:\github\Jigu-GPIO_with_scpilib\Jigu-GPIO\libscpi\dist\libscpi.a(parser.o)
                0x0800592c                SCPI_ParamInt32
 .text.SCPI_ParamToChoice
                0x08005950       0xc8 X:\github\Jigu-GPIO_with_scpilib\Jigu-GPIO\libscpi\dist\libscpi.a(parser.o)
                0x08005950                SCPI_ParamToChoice
 .text.SCPI_ChoiceToName
                0x08005a18       0x56 X:\github\Jigu-GPIO_with_scpilib\Jigu-GPIO\libscpi\dist\libscpi.a(parser.o)
                0x08005a18                SCPI_ChoiceToName
 *fill*         0x08005a6e        0x2 
 .text.SCPI_ParamBool
                0x08005a70       0xa8 X:\github\Jigu-GPIO_with_scpilib\Jigu-GPIO\libscpi\dist\libscpi.a(parser.o)
                0x08005a70                SCPI_ParamBool
 .text.SCPI_ParamChoice
                0x08005b18       0x60 X:\github\Jigu-GPIO_with_scpilib\Jigu-GPIO\libscpi\dist\libscpi.a(parser.o)
                0x08005b18                SCPI_ParamChoice
 .text.scpiParser_parseProgramData
                0x08005b78       0xec X:\github\Jigu-GPIO_with_scpilib\Jigu-GPIO\libscpi\dist\libscpi.a(parser.o)
                0x08005b78                scpiParser_parseProgramData
 .text.scpiParser_parseAllProgramData
                0x08005c64       0xa0 X:\github\Jigu-GPIO_with_scpilib\Jigu-GPIO\libscpi\dist\libscpi.a(parser.o)
                0x08005c64                scpiParser_parseAllProgramData
 .text.scpiParser_detectProgramMessageUnit
                0x08005d04      0x134 X:\github\Jigu-GPIO_with_scpilib\Jigu-GPIO\libscpi\dist\libscpi.a(parser.o)
                0x08005d04                scpiParser_detectProgramMessageUnit
 .text.translateUnit
                0x08005e38       0x70 X:\github\Jigu-GPIO_with_scpilib\Jigu-GPIO\libscpi\dist\libscpi.a(units.o)
 .text.transformNumber
                0x08005ea8       0x82 X:\github\Jigu-GPIO_with_scpilib\Jigu-GPIO\libscpi\dist\libscpi.a(units.o)
 *fill*         0x08005f2a        0x2 
 .text.SCPI_ParamNumber
                0x08005f2c      0x1e8 X:\github\Jigu-GPIO_with_scpilib\Jigu-GPIO\libscpi\dist\libscpi.a(units.o)
                0x08005f2c                SCPI_ParamNumber
 .text.strnpbrk
                0x08006114       0x60 X:\github\Jigu-GPIO_with_scpilib\Jigu-GPIO\libscpi\dist\libscpi.a(utils.o)
                0x08006114                strnpbrk
 .text.UInt32ToStrBaseSign
                0x08006174      0x140 X:\github\Jigu-GPIO_with_scpilib\Jigu-GPIO\libscpi\dist\libscpi.a(utils.o)
                0x08006174                UInt32ToStrBaseSign
 .text.strBaseToInt32
                0x080062b4       0x32 X:\github\Jigu-GPIO_with_scpilib\Jigu-GPIO\libscpi\dist\libscpi.a(utils.o)
                0x080062b4                strBaseToInt32
 .text.strBaseToUInt32
                0x080062e6       0x32 X:\github\Jigu-GPIO_with_scpilib\Jigu-GPIO\libscpi\dist\libscpi.a(utils.o)
                0x080062e6                strBaseToUInt32
 .text.strBaseToInt64
                0x08006318       0x36 X:\github\Jigu-GPIO_with_scpilib\Jigu-GPIO\libscpi\dist\libscpi.a(utils.o)
                0x08006318                strBaseToInt64
 .text.strBaseToUInt64
                0x0800634e       0x36 X:\github\Jigu-GPIO_with_scpilib\Jigu-GPIO\libscpi\dist\libscpi.a(utils.o)
                0x0800634e                strBaseToUInt64
 .text.strToDouble
                0x08006384       0x32 X:\github\Jigu-GPIO_with_scpilib\Jigu-GPIO\libscpi\dist\libscpi.a(utils.o)
                0x08006384                strToDouble
 .text.compareStr
                0x080063b6       0x38 X:\github\Jigu-GPIO_with_scpilib\Jigu-GPIO\libscpi\dist\libscpi.a(utils.o)
                0x080063b6                compareStr
 *fill*         0x080063ee        0x2 
 .text.compareStrAndNum
                0x080063f0       0xb0 X:\github\Jigu-GPIO_with_scpilib\Jigu-GPIO\libscpi\dist\libscpi.a(utils.o)
                0x080063f0                compareStrAndNum
 .text.skipWhitespace
                0x080064a0       0x4c X:\github\Jigu-GPIO_with_scpilib\Jigu-GPIO\libscpi\dist\libscpi.a(utils.o)
                0x080064a0                skipWhitespace
 .text.patternSeparatorShortPos
                0x080064ec       0x58 X:\github\Jigu-GPIO_with_scpilib\Jigu-GPIO\libscpi\dist\libscpi.a(utils.o)
 .text.patternSeparatorPos
                0x08006544       0x34 X:\github\Jigu-GPIO_with_scpilib\Jigu-GPIO\libscpi\dist\libscpi.a(utils.o)
 .text.cmdSeparatorPos
                0x08006578       0x38 X:\github\Jigu-GPIO_with_scpilib\Jigu-GPIO\libscpi\dist\libscpi.a(utils.o)
 .text.matchPattern
                0x080065b0       0xb2 X:\github\Jigu-GPIO_with_scpilib\Jigu-GPIO\libscpi\dist\libscpi.a(utils.o)
                0x080065b0                matchPattern
 .text.matchCommand
                0x08006662      0x392 X:\github\Jigu-GPIO_with_scpilib\Jigu-GPIO\libscpi\dist\libscpi.a(utils.o)
                0x08006662                matchCommand
 .text.composeCompoundCommand
                0x080069f4       0xc8 X:\github\Jigu-GPIO_with_scpilib\Jigu-GPIO\libscpi\dist\libscpi.a(utils.o)
                0x080069f4                composeCompoundCommand
 .text.SCPI_ErrorInit
                0x08006abc       0x26 X:\github\Jigu-GPIO_with_scpilib\Jigu-GPIO\libscpi\dist\libscpi.a(error.o)
                0x08006abc                SCPI_ErrorInit
 .text.SCPI_ErrorEmitEmpty
                0x08006ae2       0x56 X:\github\Jigu-GPIO_with_scpilib\Jigu-GPIO\libscpi\dist\libscpi.a(error.o)
 .text.SCPI_ErrorEmit
                0x08006b38       0x40 X:\github\Jigu-GPIO_with_scpilib\Jigu-GPIO\libscpi\dist\libscpi.a(error.o)
 .text.SCPI_ErrorClear
                0x08006b78       0x20 X:\github\Jigu-GPIO_with_scpilib\Jigu-GPIO\libscpi\dist\libscpi.a(error.o)
                0x08006b78                SCPI_ErrorClear
 .text.SCPI_ErrorPop
                0x08006b98       0x3c X:\github\Jigu-GPIO_with_scpilib\Jigu-GPIO\libscpi\dist\libscpi.a(error.o)
                0x08006b98                SCPI_ErrorPop
 .text.SCPI_ErrorCount
                0x08006bd4       0x28 X:\github\Jigu-GPIO_with_scpilib\Jigu-GPIO\libscpi\dist\libscpi.a(error.o)
                0x08006bd4                SCPI_ErrorCount
 .text.SCPI_ErrorAddInternal
                0x08006bfc       0x72 X:\github\Jigu-GPIO_with_scpilib\Jigu-GPIO\libscpi\dist\libscpi.a(error.o)
 *fill*         0x08006c6e        0x2 
 .text.SCPI_ErrorPushEx
                0x08006c70       0xec X:\github\Jigu-GPIO_with_scpilib\Jigu-GPIO\libscpi\dist\libscpi.a(error.o)
                0x08006c70                SCPI_ErrorPushEx
 .text.SCPI_ErrorPush
                0x08006d5c       0x22 X:\github\Jigu-GPIO_with_scpilib\Jigu-GPIO\libscpi\dist\libscpi.a(error.o)
                0x08006d5c                SCPI_ErrorPush
 *fill*         0x08006d7e        0x2 
 .text.SCPI_ErrorTranslate
                0x08006d80      0x228 X:\github\Jigu-GPIO_with_scpilib\Jigu-GPIO\libscpi\dist\libscpi.a(error.o)
                0x08006d80                SCPI_ErrorTranslate
 .text.fifo_init
                0x08006fa8       0x38 X:\github\Jigu-GPIO_with_scpilib\Jigu-GPIO\libscpi\dist\libscpi.a(fifo.o)
                0x08006fa8                fifo_init
 .text.fifo_clear
                0x08006fe0       0x26 X:\github\Jigu-GPIO_with_scpilib\Jigu-GPIO\libscpi\dist\libscpi.a(fifo.o)
                0x08006fe0                fifo_clear
 .text.fifo_is_empty
                0x08007006       0x24 X:\github\Jigu-GPIO_with_scpilib\Jigu-GPIO\libscpi\dist\libscpi.a(fifo.o)
                0x08007006                fifo_is_empty
 .text.fifo_is_full
                0x0800702a       0x2a X:\github\Jigu-GPIO_with_scpilib\Jigu-GPIO\libscpi\dist\libscpi.a(fifo.o)
                0x0800702a                fifo_is_full
 .text.fifo_add
                0x08007054       0x72 X:\github\Jigu-GPIO_with_scpilib\Jigu-GPIO\libscpi\dist\libscpi.a(fifo.o)
                0x08007054                fifo_add
 .text.fifo_remove
                0x080070c6       0x6e X:\github\Jigu-GPIO_with_scpilib\Jigu-GPIO\libscpi\dist\libscpi.a(fifo.o)
                0x080070c6                fifo_remove
 .text.fifo_remove_last
                0x08007134       0x78 X:\github\Jigu-GPIO_with_scpilib\Jigu-GPIO\libscpi\dist\libscpi.a(fifo.o)
                0x08007134                fifo_remove_last
 .text.fifo_count
                0x080071ac       0x22 X:\github\Jigu-GPIO_with_scpilib\Jigu-GPIO\libscpi\dist\libscpi.a(fifo.o)
                0x080071ac                fifo_count
 .text.isws     0x080071ce       0x26 X:\github\Jigu-GPIO_with_scpilib\Jigu-GPIO\libscpi\dist\libscpi.a(lexer.o)
 .text.isbdigit
                0x080071f4       0x26 X:\github\Jigu-GPIO_with_scpilib\Jigu-GPIO\libscpi\dist\libscpi.a(lexer.o)
 .text.isqdigit
                0x0800721a       0x4a X:\github\Jigu-GPIO_with_scpilib\Jigu-GPIO\libscpi\dist\libscpi.a(lexer.o)
 .text.iseos    0x08007264       0x2c X:\github\Jigu-GPIO_with_scpilib\Jigu-GPIO\libscpi\dist\libscpi.a(lexer.o)
 .text.scpiLex_IsEos
                0x08007290       0x18 X:\github\Jigu-GPIO_with_scpilib\Jigu-GPIO\libscpi\dist\libscpi.a(lexer.o)
                0x08007290                scpiLex_IsEos
 .text.ischr    0x080072a8       0x2a X:\github\Jigu-GPIO_with_scpilib\Jigu-GPIO\libscpi\dist\libscpi.a(lexer.o)
 .text.isplusmn
                0x080072d2       0x26 X:\github\Jigu-GPIO_with_scpilib\Jigu-GPIO\libscpi\dist\libscpi.a(lexer.o)
 .text.isH      0x080072f8       0x26 X:\github\Jigu-GPIO_with_scpilib\Jigu-GPIO\libscpi\dist\libscpi.a(lexer.o)
 .text.isB      0x0800731e       0x26 X:\github\Jigu-GPIO_with_scpilib\Jigu-GPIO\libscpi\dist\libscpi.a(lexer.o)
 .text.isQ      0x08007344       0x26 X:\github\Jigu-GPIO_with_scpilib\Jigu-GPIO\libscpi\dist\libscpi.a(lexer.o)
 .text.isE      0x0800736a       0x26 X:\github\Jigu-GPIO_with_scpilib\Jigu-GPIO\libscpi\dist\libscpi.a(lexer.o)
 .text.skipWs   0x08007390       0x46 X:\github\Jigu-GPIO_with_scpilib\Jigu-GPIO\libscpi\dist\libscpi.a(lexer.o)
 *fill*         0x080073d6        0x2 
 .text.skipDigit
                0x080073d8       0x48 X:\github\Jigu-GPIO_with_scpilib\Jigu-GPIO\libscpi\dist\libscpi.a(lexer.o)
 .text.skipNumbers
                0x08007420       0x50 X:\github\Jigu-GPIO_with_scpilib\Jigu-GPIO\libscpi\dist\libscpi.a(lexer.o)
 .text.skipPlusmn
                0x08007470       0x3e X:\github\Jigu-GPIO_with_scpilib\Jigu-GPIO\libscpi\dist\libscpi.a(lexer.o)
 *fill*         0x080074ae        0x2 
 .text.skipAlpha
                0x080074b0       0x50 X:\github\Jigu-GPIO_with_scpilib\Jigu-GPIO\libscpi\dist\libscpi.a(lexer.o)
 .text.skipChr  0x08007500       0x40 X:\github\Jigu-GPIO_with_scpilib\Jigu-GPIO\libscpi\dist\libscpi.a(lexer.o)
 .text.skipSlashDot
                0x08007540       0x46 X:\github\Jigu-GPIO_with_scpilib\Jigu-GPIO\libscpi\dist\libscpi.a(lexer.o)
 .text.skipStar
                0x08007586       0x3a X:\github\Jigu-GPIO_with_scpilib\Jigu-GPIO\libscpi\dist\libscpi.a(lexer.o)
 .text.skipColon
                0x080075c0       0x3a X:\github\Jigu-GPIO_with_scpilib\Jigu-GPIO\libscpi\dist\libscpi.a(lexer.o)
 *fill*         0x080075fa        0x2 
 .text.skipProgramMnemonic
                0x080075fc       0xa0 X:\github\Jigu-GPIO_with_scpilib\Jigu-GPIO\libscpi\dist\libscpi.a(lexer.o)
 .text.scpiLex_WhiteSpace
                0x0800769c       0x48 X:\github\Jigu-GPIO_with_scpilib\Jigu-GPIO\libscpi\dist\libscpi.a(lexer.o)
                0x0800769c                scpiLex_WhiteSpace
 .text.skipCommonProgramHeader
                0x080076e4       0x58 X:\github\Jigu-GPIO_with_scpilib\Jigu-GPIO\libscpi\dist\libscpi.a(lexer.o)
 .text.skipCompoundProgramHeader
                0x0800773c       0x6e X:\github\Jigu-GPIO_with_scpilib\Jigu-GPIO\libscpi\dist\libscpi.a(lexer.o)
 .text.scpiLex_ProgramHeader
                0x080077aa       0xc2 X:\github\Jigu-GPIO_with_scpilib\Jigu-GPIO\libscpi\dist\libscpi.a(lexer.o)
                0x080077aa                scpiLex_ProgramHeader
 .text.scpiLex_CharacterProgramData
                0x0800786c       0xb0 X:\github\Jigu-GPIO_with_scpilib\Jigu-GPIO\libscpi\dist\libscpi.a(lexer.o)
                0x0800786c                scpiLex_CharacterProgramData
 .text.skipMantisa
                0x0800791c       0x46 X:\github\Jigu-GPIO_with_scpilib\Jigu-GPIO\libscpi\dist\libscpi.a(lexer.o)
 .text.skipExponent
                0x08007962       0x52 X:\github\Jigu-GPIO_with_scpilib\Jigu-GPIO\libscpi\dist\libscpi.a(lexer.o)
 .text.scpiLex_DecimalNumericProgramData
                0x080079b4       0x76 X:\github\Jigu-GPIO_with_scpilib\Jigu-GPIO\libscpi\dist\libscpi.a(lexer.o)
                0x080079b4                scpiLex_DecimalNumericProgramData
 .text.scpiLex_SuffixProgramData
                0x08007a2a       0x94 X:\github\Jigu-GPIO_with_scpilib\Jigu-GPIO\libscpi\dist\libscpi.a(lexer.o)
                0x08007a2a                scpiLex_SuffixProgramData
 *fill*         0x08007abe        0x2 
 .text.skipHexNum
                0x08007ac0       0x50 X:\github\Jigu-GPIO_with_scpilib\Jigu-GPIO\libscpi\dist\libscpi.a(lexer.o)
 .text.skipOctNum
                0x08007b10       0x46 X:\github\Jigu-GPIO_with_scpilib\Jigu-GPIO\libscpi\dist\libscpi.a(lexer.o)
 .text.skipBinNum
                0x08007b56       0x46 X:\github\Jigu-GPIO_with_scpilib\Jigu-GPIO\libscpi\dist\libscpi.a(lexer.o)
 .text.scpiLex_NondecimalNumericData
                0x08007b9c      0x100 X:\github\Jigu-GPIO_with_scpilib\Jigu-GPIO\libscpi\dist\libscpi.a(lexer.o)
                0x08007b9c                scpiLex_NondecimalNumericData
 .text.isascii7bit
                0x08007c9c       0x26 X:\github\Jigu-GPIO_with_scpilib\Jigu-GPIO\libscpi\dist\libscpi.a(lexer.o)
 .text.skipQuoteProgramData
                0x08007cc2       0xa2 X:\github\Jigu-GPIO_with_scpilib\Jigu-GPIO\libscpi\dist\libscpi.a(lexer.o)
 .text.skipDoubleQuoteProgramData
                0x08007d64       0x18 X:\github\Jigu-GPIO_with_scpilib\Jigu-GPIO\libscpi\dist\libscpi.a(lexer.o)
 .text.skipSingleQuoteProgramData
                0x08007d7c       0x18 X:\github\Jigu-GPIO_with_scpilib\Jigu-GPIO\libscpi\dist\libscpi.a(lexer.o)
 .text.scpiLex_StringProgramData
                0x08007d94      0x11a X:\github\Jigu-GPIO_with_scpilib\Jigu-GPIO\libscpi\dist\libscpi.a(lexer.o)
                0x08007d94                scpiLex_StringProgramData
 *fill*         0x08007eae        0x2 
 .text.isNonzeroDigit
                0x08007eb0       0x38 X:\github\Jigu-GPIO_with_scpilib\Jigu-GPIO\libscpi\dist\libscpi.a(lexer.o)
 .text.scpiLex_ArbitraryBlockProgramData
                0x08007ee8      0x180 X:\github\Jigu-GPIO_with_scpilib\Jigu-GPIO\libscpi\dist\libscpi.a(lexer.o)
                0x08007ee8                scpiLex_ArbitraryBlockProgramData
 .text.isProgramExpression
                0x08008068       0x4a X:\github\Jigu-GPIO_with_scpilib\Jigu-GPIO\libscpi\dist\libscpi.a(lexer.o)
 .text.skipProgramExpression
                0x080080b2       0x3a X:\github\Jigu-GPIO_with_scpilib\Jigu-GPIO\libscpi\dist\libscpi.a(lexer.o)
 .text.scpiLex_ProgramExpression
                0x080080ec       0xa6 X:\github\Jigu-GPIO_with_scpilib\Jigu-GPIO\libscpi\dist\libscpi.a(lexer.o)
                0x080080ec                scpiLex_ProgramExpression
 .text.scpiLex_Comma
                0x08008192       0x46 X:\github\Jigu-GPIO_with_scpilib\Jigu-GPIO\libscpi\dist\libscpi.a(lexer.o)
                0x08008192                scpiLex_Comma
 .text.scpiLex_Semicolon
                0x080081d8       0x46 X:\github\Jigu-GPIO_with_scpilib\Jigu-GPIO\libscpi\dist\libscpi.a(lexer.o)
                0x080081d8                scpiLex_Semicolon
 .text.scpiLex_NewLine
                0x0800821e       0x60 X:\github\Jigu-GPIO_with_scpilib\Jigu-GPIO\libscpi\dist\libscpi.a(lexer.o)
                0x0800821e                scpiLex_NewLine
 .text.sulp     0x0800827e       0x3c C:/ST/STM32CubeIDE_1.19.0/STM32CubeIDE/plugins/com.st.stm32cube.ide.mcu.externaltools.gnu-tools-for-stm32.13.3.rel1.win32_1.0.0.202411081344/tools/bin/../lib/gcc/arm-none-eabi/13.3.1/../../../../arm-none-eabi/lib/thumb/v7e-m+fp/hard\libc_nano.a(libc_a-strtod.o)
 *fill*         0x080082ba        0x6 
 .text._strtod_l
                0x080082c0      0xbc8 C:/ST/STM32CubeIDE_1.19.0/STM32CubeIDE/plugins/com.st.stm32cube.ide.mcu.externaltools.gnu-tools-for-stm32.13.3.rel1.win32_1.0.0.202411081344/tools/bin/../lib/gcc/arm-none-eabi/13.3.1/../../../../arm-none-eabi/lib/thumb/v7e-m+fp/hard\libc_nano.a(libc_a-strtod.o)
                0x080082c0                _strtod_l
 .text.strtod   0x08008e88       0x18 C:/ST/STM32CubeIDE_1.19.0/STM32CubeIDE/plugins/com.st.stm32cube.ide.mcu.externaltools.gnu-tools-for-stm32.13.3.rel1.win32_1.0.0.202411081344/tools/bin/../lib/gcc/arm-none-eabi/13.3.1/../../../../arm-none-eabi/lib/thumb/v7e-m+fp/hard\libc_nano.a(libc_a-strtod.o)
                0x08008e88                strtod
 .text._strtol_l.isra.0
                0x08008ea0       0xf4 C:/ST/STM32CubeIDE_1.19.0/STM32CubeIDE/plugins/com.st.stm32cube.ide.mcu.externaltools.gnu-tools-for-stm32.13.3.rel1.win32_1.0.0.202411081344/tools/bin/../lib/gcc/arm-none-eabi/13.3.1/../../../../arm-none-eabi/lib/thumb/v7e-m+fp/hard\libc_nano.a(libc_a-strtol.o)
 .text.strtol   0x08008f94       0x14 C:/ST/STM32CubeIDE_1.19.0/STM32CubeIDE/plugins/com.st.stm32cube.ide.mcu.externaltools.gnu-tools-for-stm32.13.3.rel1.win32_1.0.0.202411081344/tools/bin/../lib/gcc/arm-none-eabi/13.3.1/../../../../arm-none-eabi/lib/thumb/v7e-m+fp/hard\libc_nano.a(libc_a-strtol.o)
                0x08008f94                strtol
 .text._strtoul_l.isra.0
                0x08008fa8       0xdc C:/ST/STM32CubeIDE_1.19.0/STM32CubeIDE/plugins/com.st.stm32cube.ide.mcu.externaltools.gnu-tools-for-stm32.13.3.rel1.win32_1.0.0.202411081344/tools/bin/../lib/gcc/arm-none-eabi/13.3.1/../../../../arm-none-eabi/lib/thumb/v7e-m+fp/hard\libc_nano.a(libc_a-strtoul.o)
 .text.strtoul  0x08009084       0x14 C:/ST/STM32CubeIDE_1.19.0/STM32CubeIDE/plugins/com.st.stm32cube.ide.mcu.externaltools.gnu-tools-for-stm32.13.3.rel1.win32_1.0.0.202411081344/tools/bin/../lib/gcc/arm-none-eabi/13.3.1/../../../../arm-none-eabi/lib/thumb/v7e-m+fp/hard\libc_nano.a(libc_a-strtoul.o)
                0x08009084                strtoul
 .text._strtoll_l.isra.0
                0x08009098      0x11c C:/ST/STM32CubeIDE_1.19.0/STM32CubeIDE/plugins/com.st.stm32cube.ide.mcu.externaltools.gnu-tools-for-stm32.13.3.rel1.win32_1.0.0.202411081344/tools/bin/../lib/gcc/arm-none-eabi/13.3.1/../../../../arm-none-eabi/lib/thumb/v7e-m+fp/hard\libc_nano.a(libc_a-strtoll.o)
 .text.strtoll  0x080091b4       0x14 C:/ST/STM32CubeIDE_1.19.0/STM32CubeIDE/plugins/com.st.stm32cube.ide.mcu.externaltools.gnu-tools-for-stm32.13.3.rel1.win32_1.0.0.202411081344/tools/bin/../lib/gcc/arm-none-eabi/13.3.1/../../../../arm-none-eabi/lib/thumb/v7e-m+fp/hard\libc_nano.a(libc_a-strtoll.o)
                0x080091b4                strtoll
 .text._strtoull_l.isra.0
                0x080091c8      0x12c C:/ST/STM32CubeIDE_1.19.0/STM32CubeIDE/plugins/com.st.stm32cube.ide.mcu.externaltools.gnu-tools-for-stm32.13.3.rel1.win32_1.0.0.202411081344/tools/bin/../lib/gcc/arm-none-eabi/13.3.1/../../../../arm-none-eabi/lib/thumb/v7e-m+fp/hard\libc_nano.a(libc_a-strtoull.o)
 .text.strtoull
                0x080092f4       0x14 C:/ST/STM32CubeIDE_1.19.0/STM32CubeIDE/plugins/com.st.stm32cube.ide.mcu.externaltools.gnu-tools-for-stm32.13.3.rel1.win32_1.0.0.202411081344/tools/bin/../lib/gcc/arm-none-eabi/13.3.1/../../../../arm-none-eabi/lib/thumb/v7e-m+fp/hard\libc_nano.a(libc_a-strtoull.o)
                0x080092f4                strtoull
 .text.std      0x08009308       0x6c C:/ST/STM32CubeIDE_1.19.0/STM32CubeIDE/plugins/com.st.stm32cube.ide.mcu.externaltools.gnu-tools-for-stm32.13.3.rel1.win32_1.0.0.202411081344/tools/bin/../lib/gcc/arm-none-eabi/13.3.1/../../../../arm-none-eabi/lib/thumb/v7e-m+fp/hard\libc_nano.a(libc_a-findfp.o)
 .text.stdio_exit_handler
                0x08009374       0x18 C:/ST/STM32CubeIDE_1.19.0/STM32CubeIDE/plugins/com.st.stm32cube.ide.mcu.externaltools.gnu-tools-for-stm32.13.3.rel1.win32_1.0.0.202411081344/tools/bin/../lib/gcc/arm-none-eabi/13.3.1/../../../../arm-none-eabi/lib/thumb/v7e-m+fp/hard\libc_nano.a(libc_a-findfp.o)
 .text.cleanup_stdio
                0x0800938c       0x40 C:/ST/STM32CubeIDE_1.19.0/STM32CubeIDE/plugins/com.st.stm32cube.ide.mcu.externaltools.gnu-tools-for-stm32.13.3.rel1.win32_1.0.0.202411081344/tools/bin/../lib/gcc/arm-none-eabi/13.3.1/../../../../arm-none-eabi/lib/thumb/v7e-m+fp/hard\libc_nano.a(libc_a-findfp.o)
 .text.global_stdio_init.part.0
                0x080093cc       0x3c C:/ST/STM32CubeIDE_1.19.0/STM32CubeIDE/plugins/com.st.stm32cube.ide.mcu.externaltools.gnu-tools-for-stm32.13.3.rel1.win32_1.0.0.202411081344/tools/bin/../lib/gcc/arm-none-eabi/13.3.1/../../../../arm-none-eabi/lib/thumb/v7e-m+fp/hard\libc_nano.a(libc_a-findfp.o)
 .text.__sfp_lock_acquire
                0x08009408        0xc C:/ST/STM32CubeIDE_1.19.0/STM32CubeIDE/plugins/com.st.stm32cube.ide.mcu.externaltools.gnu-tools-for-stm32.13.3.rel1.win32_1.0.0.202411081344/tools/bin/../lib/gcc/arm-none-eabi/13.3.1/../../../../arm-none-eabi/lib/thumb/v7e-m+fp/hard\libc_nano.a(libc_a-findfp.o)
                0x08009408                __sfp_lock_acquire
 .text.__sfp_lock_release
                0x08009414        0xc C:/ST/STM32CubeIDE_1.19.0/STM32CubeIDE/plugins/com.st.stm32cube.ide.mcu.externaltools.gnu-tools-for-stm32.13.3.rel1.win32_1.0.0.202411081344/tools/bin/../lib/gcc/arm-none-eabi/13.3.1/../../../../arm-none-eabi/lib/thumb/v7e-m+fp/hard\libc_nano.a(libc_a-findfp.o)
                0x08009414                __sfp_lock_release
 .text.__sinit  0x08009420       0x30 C:/ST/STM32CubeIDE_1.19.0/STM32CubeIDE/plugins/com.st.stm32cube.ide.mcu.externaltools.gnu-tools-for-stm32.13.3.rel1.win32_1.0.0.202411081344/tools/bin/../lib/gcc/arm-none-eabi/13.3.1/../../../../arm-none-eabi/lib/thumb/v7e-m+fp/hard\libc_nano.a(libc_a-findfp.o)
                0x08009420                __sinit
 .text._fwalk_sglue
                0x08009450       0x3c C:/ST/STM32CubeIDE_1.19.0/STM32CubeIDE/plugins/com.st.stm32cube.ide.mcu.externaltools.gnu-tools-for-stm32.13.3.rel1.win32_1.0.0.202411081344/tools/bin/../lib/gcc/arm-none-eabi/13.3.1/../../../../arm-none-eabi/lib/thumb/v7e-m+fp/hard\libc_nano.a(libc_a-fwalk.o)
                0x08009450                _fwalk_sglue
 .text.snprintf
                0x0800948c       0x6c C:/ST/STM32CubeIDE_1.19.0/STM32CubeIDE/plugins/com.st.stm32cube.ide.mcu.externaltools.gnu-tools-for-stm32.13.3.rel1.win32_1.0.0.202411081344/tools/bin/../lib/gcc/arm-none-eabi/13.3.1/../../../../arm-none-eabi/lib/thumb/v7e-m+fp/hard\libc_nano.a(libc_a-snprintf.o)
                0x0800948c                sniprintf
                0x0800948c                snprintf
 .text.__sread  0x080094f8       0x22 C:/ST/STM32CubeIDE_1.19.0/STM32CubeIDE/plugins/com.st.stm32cube.ide.mcu.externaltools.gnu-tools-for-stm32.13.3.rel1.win32_1.0.0.202411081344/tools/bin/../lib/gcc/arm-none-eabi/13.3.1/../../../../arm-none-eabi/lib/thumb/v7e-m+fp/hard\libc_nano.a(libc_a-stdio.o)
                0x080094f8                __sread
 .text.__swrite
                0x0800951a       0x38 C:/ST/STM32CubeIDE_1.19.0/STM32CubeIDE/plugins/com.st.stm32cube.ide.mcu.externaltools.gnu-tools-for-stm32.13.3.rel1.win32_1.0.0.202411081344/tools/bin/../lib/gcc/arm-none-eabi/13.3.1/../../../../arm-none-eabi/lib/thumb/v7e-m+fp/hard\libc_nano.a(libc_a-stdio.o)
                0x0800951a                __swrite
 .text.__sseek  0x08009552       0x24 C:/ST/STM32CubeIDE_1.19.0/STM32CubeIDE/plugins/com.st.stm32cube.ide.mcu.externaltools.gnu-tools-for-stm32.13.3.rel1.win32_1.0.0.202411081344/tools/bin/../lib/gcc/arm-none-eabi/13.3.1/../../../../arm-none-eabi/lib/thumb/v7e-m+fp/hard\libc_nano.a(libc_a-stdio.o)
                0x08009552                __sseek
 .text.__sclose
                0x08009576        0x8 C:/ST/STM32CubeIDE_1.19.0/STM32CubeIDE/plugins/com.st.stm32cube.ide.mcu.externaltools.gnu-tools-for-stm32.13.3.rel1.win32_1.0.0.202411081344/tools/bin/../lib/gcc/arm-none-eabi/13.3.1/../../../../arm-none-eabi/lib/thumb/v7e-m+fp/hard\libc_nano.a(libc_a-stdio.o)
                0x08009576                __sclose
 .text.memmove  0x0800957e       0x34 C:/ST/STM32CubeIDE_1.19.0/STM32CubeIDE/plugins/com.st.stm32cube.ide.mcu.externaltools.gnu-tools-for-stm32.13.3.rel1.win32_1.0.0.202411081344/tools/bin/../lib/gcc/arm-none-eabi/13.3.1/../../../../arm-none-eabi/lib/thumb/v7e-m+fp/hard\libc_nano.a(libc_a-memmove.o)
                0x0800957e                memmove
 .text.memset   0x080095b2       0x10 C:/ST/STM32CubeIDE_1.19.0/STM32CubeIDE/plugins/com.st.stm32cube.ide.mcu.externaltools.gnu-tools-for-stm32.13.3.rel1.win32_1.0.0.202411081344/tools/bin/../lib/gcc/arm-none-eabi/13.3.1/../../../../arm-none-eabi/lib/thumb/v7e-m+fp/hard\libc_nano.a(libc_a-memset.o)
                0x080095b2                memset
 *fill*         0x080095c2        0x2 
 .text.strncasecmp
                0x080095c4       0x40 C:/ST/STM32CubeIDE_1.19.0/STM32CubeIDE/plugins/com.st.stm32cube.ide.mcu.externaltools.gnu-tools-for-stm32.13.3.rel1.win32_1.0.0.202411081344/tools/bin/../lib/gcc/arm-none-eabi/13.3.1/../../../../arm-none-eabi/lib/thumb/v7e-m+fp/hard\libc_nano.a(libc_a-strncasecmp.o)
                0x080095c4                strncasecmp
 .text.strncmp  0x08009604       0x24 C:/ST/STM32CubeIDE_1.19.0/STM32CubeIDE/plugins/com.st.stm32cube.ide.mcu.externaltools.gnu-tools-for-stm32.13.3.rel1.win32_1.0.0.202411081344/tools/bin/../lib/gcc/arm-none-eabi/13.3.1/../../../../arm-none-eabi/lib/thumb/v7e-m+fp/hard\libc_nano.a(libc_a-strncmp.o)
                0x08009604                strncmp
 .text.strnlen  0x08009628       0x18 C:/ST/STM32CubeIDE_1.19.0/STM32CubeIDE/plugins/com.st.stm32cube.ide.mcu.externaltools.gnu-tools-for-stm32.13.3.rel1.win32_1.0.0.202411081344/tools/bin/../lib/gcc/arm-none-eabi/13.3.1/../../../../arm-none-eabi/lib/thumb/v7e-m+fp/hard\libc_nano.a(libc_a-strnlen.o)
                0x08009628                strnlen
 .text._close_r
                0x08009640       0x20 C:/ST/STM32CubeIDE_1.19.0/STM32CubeIDE/plugins/com.st.stm32cube.ide.mcu.externaltools.gnu-tools-for-stm32.13.3.rel1.win32_1.0.0.202411081344/tools/bin/../lib/gcc/arm-none-eabi/13.3.1/../../../../arm-none-eabi/lib/thumb/v7e-m+fp/hard\libc_nano.a(libc_a-closer.o)
                0x08009640                _close_r
 .text._lseek_r
                0x08009660       0x24 C:/ST/STM32CubeIDE_1.19.0/STM32CubeIDE/plugins/com.st.stm32cube.ide.mcu.externaltools.gnu-tools-for-stm32.13.3.rel1.win32_1.0.0.202411081344/tools/bin/../lib/gcc/arm-none-eabi/13.3.1/../../../../arm-none-eabi/lib/thumb/v7e-m+fp/hard\libc_nano.a(libc_a-lseekr.o)
                0x08009660                _lseek_r
 .text._read_r  0x08009684       0x24 C:/ST/STM32CubeIDE_1.19.0/STM32CubeIDE/plugins/com.st.stm32cube.ide.mcu.externaltools.gnu-tools-for-stm32.13.3.rel1.win32_1.0.0.202411081344/tools/bin/../lib/gcc/arm-none-eabi/13.3.1/../../../../arm-none-eabi/lib/thumb/v7e-m+fp/hard\libc_nano.a(libc_a-readr.o)
                0x08009684                _read_r
 .text._write_r
                0x080096a8       0x24 C:/ST/STM32CubeIDE_1.19.0/STM32CubeIDE/plugins/com.st.stm32cube.ide.mcu.externaltools.gnu-tools-for-stm32.13.3.rel1.win32_1.0.0.202411081344/tools/bin/../lib/gcc/arm-none-eabi/13.3.1/../../../../arm-none-eabi/lib/thumb/v7e-m+fp/hard\libc_nano.a(libc_a-writer.o)
                0x080096a8                _write_r
 .text.__errno  0x080096cc        0xc C:/ST/STM32CubeIDE_1.19.0/STM32CubeIDE/plugins/com.st.stm32cube.ide.mcu.externaltools.gnu-tools-for-stm32.13.3.rel1.win32_1.0.0.202411081344/tools/bin/../lib/gcc/arm-none-eabi/13.3.1/../../../../arm-none-eabi/lib/thumb/v7e-m+fp/hard\libc_nano.a(libc_a-errno.o)
                0x080096cc                __errno
 .text.__libc_init_array
                0x080096d8       0x48 C:/ST/STM32CubeIDE_1.19.0/STM32CubeIDE/plugins/com.st.stm32cube.ide.mcu.externaltools.gnu-tools-for-stm32.13.3.rel1.win32_1.0.0.202411081344/tools/bin/../lib/gcc/arm-none-eabi/13.3.1/../../../../arm-none-eabi/lib/thumb/v7e-m+fp/hard\libc_nano.a(libc_a-init.o)
                0x080096d8                __libc_init_array
 .text.__retarget_lock_init_recursive
                0x08009720        0x2 C:/ST/STM32CubeIDE_1.19.0/STM32CubeIDE/plugins/com.st.stm32cube.ide.mcu.externaltools.gnu-tools-for-stm32.13.3.rel1.win32_1.0.0.202411081344/tools/bin/../lib/gcc/arm-none-eabi/13.3.1/../../../../arm-none-eabi/lib/thumb/v7e-m+fp/hard\libc_nano.a(libc_a-lock.o)
                0x08009720                __retarget_lock_init_recursive
 .text.__retarget_lock_acquire_recursive
                0x08009722        0x2 C:/ST/STM32CubeIDE_1.19.0/STM32CubeIDE/plugins/com.st.stm32cube.ide.mcu.externaltools.gnu-tools-for-stm32.13.3.rel1.win32_1.0.0.202411081344/tools/bin/../lib/gcc/arm-none-eabi/13.3.1/../../../../arm-none-eabi/lib/thumb/v7e-m+fp/hard\libc_nano.a(libc_a-lock.o)
                0x08009722                __retarget_lock_acquire_recursive
 .text.__retarget_lock_release_recursive
                0x08009724        0x2 C:/ST/STM32CubeIDE_1.19.0/STM32CubeIDE/plugins/com.st.stm32cube.ide.mcu.externaltools.gnu-tools-for-stm32.13.3.rel1.win32_1.0.0.202411081344/tools/bin/../lib/gcc/arm-none-eabi/13.3.1/../../../../arm-none-eabi/lib/thumb/v7e-m+fp/hard\libc_nano.a(libc_a-lock.o)
                0x08009724                __retarget_lock_release_recursive
 .text.memcpy   0x08009726       0x1c C:/ST/STM32CubeIDE_1.19.0/STM32CubeIDE/plugins/com.st.stm32cube.ide.mcu.externaltools.gnu-tools-for-stm32.13.3.rel1.win32_1.0.0.202411081344/tools/bin/../lib/gcc/arm-none-eabi/13.3.1/../../../../arm-none-eabi/lib/thumb/v7e-m+fp/hard\libc_nano.a(libc_a-memcpy-stub.o)
                0x08009726                memcpy
 *fill*         0x08009742        0x6 
 .text.nan      0x08009748       0x10 C:/ST/STM32CubeIDE_1.19.0/STM32CubeIDE/plugins/com.st.stm32cube.ide.mcu.externaltools.gnu-tools-for-stm32.13.3.rel1.win32_1.0.0.202411081344/tools/bin/../lib/gcc/arm-none-eabi/13.3.1/../../../../arm-none-eabi/lib/thumb/v7e-m+fp/hard\libc_nano.a(libm_a-s_nan.o)
                0x08009748                nan
 .text._free_r  0x08009758       0x94 C:/ST/STM32CubeIDE_1.19.0/STM32CubeIDE/plugins/com.st.stm32cube.ide.mcu.externaltools.gnu-tools-for-stm32.13.3.rel1.win32_1.0.0.202411081344/tools/bin/../lib/gcc/arm-none-eabi/13.3.1/../../../../arm-none-eabi/lib/thumb/v7e-m+fp/hard\libc_nano.a(libc_a-freer.o)
                0x08009758                _free_r
 .text.rshift   0x080097ec       0xa4 C:/ST/STM32CubeIDE_1.19.0/STM32CubeIDE/plugins/com.st.stm32cube.ide.mcu.externaltools.gnu-tools-for-stm32.13.3.rel1.win32_1.0.0.202411081344/tools/bin/../lib/gcc/arm-none-eabi/13.3.1/../../../../arm-none-eabi/lib/thumb/v7e-m+fp/hard\libc_nano.a(libc_a-gdtoa-gethex.o)
 .text.__hexdig_fun
                0x08009890       0x2a C:/ST/STM32CubeIDE_1.19.0/STM32CubeIDE/plugins/com.st.stm32cube.ide.mcu.externaltools.gnu-tools-for-stm32.13.3.rel1.win32_1.0.0.202411081344/tools/bin/../lib/gcc/arm-none-eabi/13.3.1/../../../../arm-none-eabi/lib/thumb/v7e-m+fp/hard\libc_nano.a(libc_a-gdtoa-gethex.o)
                0x08009890                __hexdig_fun
 *fill*         0x080098ba        0x2 
 .text.__gethex
                0x080098bc      0x420 C:/ST/STM32CubeIDE_1.19.0/STM32CubeIDE/plugins/com.st.stm32cube.ide.mcu.externaltools.gnu-tools-for-stm32.13.3.rel1.win32_1.0.0.202411081344/tools/bin/../lib/gcc/arm-none-eabi/13.3.1/../../../../arm-none-eabi/lib/thumb/v7e-m+fp/hard\libc_nano.a(libc_a-gdtoa-gethex.o)
                0x080098bc                __gethex
 .text.L_shift  0x08009cdc       0x24 C:/ST/STM32CubeIDE_1.19.0/STM32CubeIDE/plugins/com.st.stm32cube.ide.mcu.externaltools.gnu-tools-for-stm32.13.3.rel1.win32_1.0.0.202411081344/tools/bin/../lib/gcc/arm-none-eabi/13.3.1/../../../../arm-none-eabi/lib/thumb/v7e-m+fp/hard\libc_nano.a(libc_a-gdtoa-hexnan.o)
 .text.__match  0x08009d00       0x28 C:/ST/STM32CubeIDE_1.19.0/STM32CubeIDE/plugins/com.st.stm32cube.ide.mcu.externaltools.gnu-tools-for-stm32.13.3.rel1.win32_1.0.0.202411081344/tools/bin/../lib/gcc/arm-none-eabi/13.3.1/../../../../arm-none-eabi/lib/thumb/v7e-m+fp/hard\libc_nano.a(libc_a-gdtoa-hexnan.o)
                0x08009d00                __match
 .text.__hexnan
                0x08009d28      0x136 C:/ST/STM32CubeIDE_1.19.0/STM32CubeIDE/plugins/com.st.stm32cube.ide.mcu.externaltools.gnu-tools-for-stm32.13.3.rel1.win32_1.0.0.202411081344/tools/bin/../lib/gcc/arm-none-eabi/13.3.1/../../../../arm-none-eabi/lib/thumb/v7e-m+fp/hard\libc_nano.a(libc_a-gdtoa-hexnan.o)
                0x08009d28                __hexnan
 *fill*         0x08009e5e        0x2 
 .text.sbrk_aligned
                0x08009e60       0x44 C:/ST/STM32CubeIDE_1.19.0/STM32CubeIDE/plugins/com.st.stm32cube.ide.mcu.externaltools.gnu-tools-for-stm32.13.3.rel1.win32_1.0.0.202411081344/tools/bin/../lib/gcc/arm-none-eabi/13.3.1/../../../../arm-none-eabi/lib/thumb/v7e-m+fp/hard\libc_nano.a(libc_a-mallocr.o)
 .text._malloc_r
                0x08009ea4      0x100 C:/ST/STM32CubeIDE_1.19.0/STM32CubeIDE/plugins/com.st.stm32cube.ide.mcu.externaltools.gnu-tools-for-stm32.13.3.rel1.win32_1.0.0.202411081344/tools/bin/../lib/gcc/arm-none-eabi/13.3.1/../../../../arm-none-eabi/lib/thumb/v7e-m+fp/hard\libc_nano.a(libc_a-mallocr.o)
                0x08009ea4                _malloc_r
 .text.__ascii_mbtowc
                0x08009fa4       0x24 C:/ST/STM32CubeIDE_1.19.0/STM32CubeIDE/plugins/com.st.stm32cube.ide.mcu.externaltools.gnu-tools-for-stm32.13.3.rel1.win32_1.0.0.202411081344/tools/bin/../lib/gcc/arm-none-eabi/13.3.1/../../../../arm-none-eabi/lib/thumb/v7e-m+fp/hard\libc_nano.a(libc_a-mbtowc_r.o)
                0x08009fa4                __ascii_mbtowc
 .text.__malloc_lock
                0x08009fc8        0xc C:/ST/STM32CubeIDE_1.19.0/STM32CubeIDE/plugins/com.st.stm32cube.ide.mcu.externaltools.gnu-tools-for-stm32.13.3.rel1.win32_1.0.0.202411081344/tools/bin/../lib/gcc/arm-none-eabi/13.3.1/../../../../arm-none-eabi/lib/thumb/v7e-m+fp/hard\libc_nano.a(libc_a-mlock.o)
                0x08009fc8                __malloc_lock
 .text.__malloc_unlock
                0x08009fd4        0xc C:/ST/STM32CubeIDE_1.19.0/STM32CubeIDE/plugins/com.st.stm32cube.ide.mcu.externaltools.gnu-tools-for-stm32.13.3.rel1.win32_1.0.0.202411081344/tools/bin/../lib/gcc/arm-none-eabi/13.3.1/../../../../arm-none-eabi/lib/thumb/v7e-m+fp/hard\libc_nano.a(libc_a-mlock.o)
                0x08009fd4                __malloc_unlock
 .text._Balloc  0x08009fe0       0x80 C:/ST/STM32CubeIDE_1.19.0/STM32CubeIDE/plugins/com.st.stm32cube.ide.mcu.externaltools.gnu-tools-for-stm32.13.3.rel1.win32_1.0.0.202411081344/tools/bin/../lib/gcc/arm-none-eabi/13.3.1/../../../../arm-none-eabi/lib/thumb/v7e-m+fp/hard\libc_nano.a(libc_a-mprec.o)
                0x08009fe0                _Balloc
 .text._Bfree   0x0800a060       0x44 C:/ST/STM32CubeIDE_1.19.0/STM32CubeIDE/plugins/com.st.stm32cube.ide.mcu.externaltools.gnu-tools-for-stm32.13.3.rel1.win32_1.0.0.202411081344/tools/bin/../lib/gcc/arm-none-eabi/13.3.1/../../../../arm-none-eabi/lib/thumb/v7e-m+fp/hard\libc_nano.a(libc_a-mprec.o)
                0x0800a060                _Bfree
 .text.__multadd
                0x0800a0a4       0x8c C:/ST/STM32CubeIDE_1.19.0/STM32CubeIDE/plugins/com.st.stm32cube.ide.mcu.externaltools.gnu-tools-for-stm32.13.3.rel1.win32_1.0.0.202411081344/tools/bin/../lib/gcc/arm-none-eabi/13.3.1/../../../../arm-none-eabi/lib/thumb/v7e-m+fp/hard\libc_nano.a(libc_a-mprec.o)
                0x0800a0a4                __multadd
 .text.__s2b    0x0800a130       0x94 C:/ST/STM32CubeIDE_1.19.0/STM32CubeIDE/plugins/com.st.stm32cube.ide.mcu.externaltools.gnu-tools-for-stm32.13.3.rel1.win32_1.0.0.202411081344/tools/bin/../lib/gcc/arm-none-eabi/13.3.1/../../../../arm-none-eabi/lib/thumb/v7e-m+fp/hard\libc_nano.a(libc_a-mprec.o)
                0x0800a130                __s2b
 .text.__hi0bits
                0x0800a1c4       0x3e C:/ST/STM32CubeIDE_1.19.0/STM32CubeIDE/plugins/com.st.stm32cube.ide.mcu.externaltools.gnu-tools-for-stm32.13.3.rel1.win32_1.0.0.202411081344/tools/bin/../lib/gcc/arm-none-eabi/13.3.1/../../../../arm-none-eabi/lib/thumb/v7e-m+fp/hard\libc_nano.a(libc_a-mprec.o)
                0x0800a1c4                __hi0bits
 .text.__lo0bits
                0x0800a202       0x5a C:/ST/STM32CubeIDE_1.19.0/STM32CubeIDE/plugins/com.st.stm32cube.ide.mcu.externaltools.gnu-tools-for-stm32.13.3.rel1.win32_1.0.0.202411081344/tools/bin/../lib/gcc/arm-none-eabi/13.3.1/../../../../arm-none-eabi/lib/thumb/v7e-m+fp/hard\libc_nano.a(libc_a-mprec.o)
                0x0800a202                __lo0bits
 .text.__i2b    0x0800a25c       0x2c C:/ST/STM32CubeIDE_1.19.0/STM32CubeIDE/plugins/com.st.stm32cube.ide.mcu.externaltools.gnu-tools-for-stm32.13.3.rel1.win32_1.0.0.202411081344/tools/bin/../lib/gcc/arm-none-eabi/13.3.1/../../../../arm-none-eabi/lib/thumb/v7e-m+fp/hard\libc_nano.a(libc_a-mprec.o)
                0x0800a25c                __i2b
 .text.__multiply
                0x0800a288      0x144 C:/ST/STM32CubeIDE_1.19.0/STM32CubeIDE/plugins/com.st.stm32cube.ide.mcu.externaltools.gnu-tools-for-stm32.13.3.rel1.win32_1.0.0.202411081344/tools/bin/../lib/gcc/arm-none-eabi/13.3.1/../../../../arm-none-eabi/lib/thumb/v7e-m+fp/hard\libc_nano.a(libc_a-mprec.o)
                0x0800a288                __multiply
 .text.__pow5mult
                0x0800a3cc       0xb4 C:/ST/STM32CubeIDE_1.19.0/STM32CubeIDE/plugins/com.st.stm32cube.ide.mcu.externaltools.gnu-tools-for-stm32.13.3.rel1.win32_1.0.0.202411081344/tools/bin/../lib/gcc/arm-none-eabi/13.3.1/../../../../arm-none-eabi/lib/thumb/v7e-m+fp/hard\libc_nano.a(libc_a-mprec.o)
                0x0800a3cc                __pow5mult
 .text.__lshift
                0x0800a480       0xd8 C:/ST/STM32CubeIDE_1.19.0/STM32CubeIDE/plugins/com.st.stm32cube.ide.mcu.externaltools.gnu-tools-for-stm32.13.3.rel1.win32_1.0.0.202411081344/tools/bin/../lib/gcc/arm-none-eabi/13.3.1/../../../../arm-none-eabi/lib/thumb/v7e-m+fp/hard\libc_nano.a(libc_a-mprec.o)
                0x0800a480                __lshift
 .text.__mcmp   0x0800a558       0x36 C:/ST/STM32CubeIDE_1.19.0/STM32CubeIDE/plugins/com.st.stm32cube.ide.mcu.externaltools.gnu-tools-for-stm32.13.3.rel1.win32_1.0.0.202411081344/tools/bin/../lib/gcc/arm-none-eabi/13.3.1/../../../../arm-none-eabi/lib/thumb/v7e-m+fp/hard\libc_nano.a(libc_a-mprec.o)
                0x0800a558                __mcmp
 *fill*         0x0800a58e        0x2 
 .text.__mdiff  0x0800a590      0x128 C:/ST/STM32CubeIDE_1.19.0/STM32CubeIDE/plugins/com.st.stm32cube.ide.mcu.externaltools.gnu-tools-for-stm32.13.3.rel1.win32_1.0.0.202411081344/tools/bin/../lib/gcc/arm-none-eabi/13.3.1/../../../../arm-none-eabi/lib/thumb/v7e-m+fp/hard\libc_nano.a(libc_a-mprec.o)
                0x0800a590                __mdiff
 .text.__ulp    0x0800a6b8       0x4c C:/ST/STM32CubeIDE_1.19.0/STM32CubeIDE/plugins/com.st.stm32cube.ide.mcu.externaltools.gnu-tools-for-stm32.13.3.rel1.win32_1.0.0.202411081344/tools/bin/../lib/gcc/arm-none-eabi/13.3.1/../../../../arm-none-eabi/lib/thumb/v7e-m+fp/hard\libc_nano.a(libc_a-mprec.o)
                0x0800a6b8                __ulp
 .text.__b2d    0x0800a704       0x94 C:/ST/STM32CubeIDE_1.19.0/STM32CubeIDE/plugins/com.st.stm32cube.ide.mcu.externaltools.gnu-tools-for-stm32.13.3.rel1.win32_1.0.0.202411081344/tools/bin/../lib/gcc/arm-none-eabi/13.3.1/../../../../arm-none-eabi/lib/thumb/v7e-m+fp/hard\libc_nano.a(libc_a-mprec.o)
                0x0800a704                __b2d
 .text.__d2b    0x0800a798       0xb0 C:/ST/STM32CubeIDE_1.19.0/STM32CubeIDE/plugins/com.st.stm32cube.ide.mcu.externaltools.gnu-tools-for-stm32.13.3.rel1.win32_1.0.0.202411081344/tools/bin/../lib/gcc/arm-none-eabi/13.3.1/../../../../arm-none-eabi/lib/thumb/v7e-m+fp/hard\libc_nano.a(libc_a-mprec.o)
                0x0800a798                __d2b
 .text.__ratio  0x0800a848       0x64 C:/ST/STM32CubeIDE_1.19.0/STM32CubeIDE/plugins/com.st.stm32cube.ide.mcu.externaltools.gnu-tools-for-stm32.13.3.rel1.win32_1.0.0.202411081344/tools/bin/../lib/gcc/arm-none-eabi/13.3.1/../../../../arm-none-eabi/lib/thumb/v7e-m+fp/hard\libc_nano.a(libc_a-mprec.o)
                0x0800a848                __ratio
 .text.__copybits
                0x0800a8ac       0x46 C:/ST/STM32CubeIDE_1.19.0/STM32CubeIDE/plugins/com.st.stm32cube.ide.mcu.externaltools.gnu-tools-for-stm32.13.3.rel1.win32_1.0.0.202411081344/tools/bin/../lib/gcc/arm-none-eabi/13.3.1/../../../../arm-none-eabi/lib/thumb/v7e-m+fp/hard\libc_nano.a(libc_a-mprec.o)
                0x0800a8ac                __copybits
 .text.__any_on
                0x0800a8f2       0x42 C:/ST/STM32CubeIDE_1.19.0/STM32CubeIDE/plugins/com.st.stm32cube.ide.mcu.externaltools.gnu-tools-for-stm32.13.3.rel1.win32_1.0.0.202411081344/tools/bin/../lib/gcc/arm-none-eabi/13.3.1/../../../../arm-none-eabi/lib/thumb/v7e-m+fp/hard\libc_nano.a(libc_a-mprec.o)
                0x0800a8f2                __any_on
 .text.__ascii_wctomb
                0x0800a934       0x1a C:/ST/STM32CubeIDE_1.19.0/STM32CubeIDE/plugins/com.st.stm32cube.ide.mcu.externaltools.gnu-tools-for-stm32.13.3.rel1.win32_1.0.0.202411081344/tools/bin/../lib/gcc/arm-none-eabi/13.3.1/../../../../arm-none-eabi/lib/thumb/v7e-m+fp/hard\libc_nano.a(libc_a-wctomb_r.o)
                0x0800a934                __ascii_wctomb
 .text.__ssputs_r
                0x0800a94e       0xb6 C:/ST/STM32CubeIDE_1.19.0/STM32CubeIDE/plugins/com.st.stm32cube.ide.mcu.externaltools.gnu-tools-for-stm32.13.3.rel1.win32_1.0.0.202411081344/tools/bin/../lib/gcc/arm-none-eabi/13.3.1/../../../../arm-none-eabi/lib/thumb/v7e-m+fp/hard\libc_nano.a(libc_a-nano-svfprintf.o)
                0x0800a94e                __ssputs_r
 .text._svfprintf_r
                0x0800aa04      0x1f8 C:/ST/STM32CubeIDE_1.19.0/STM32CubeIDE/plugins/com.st.stm32cube.ide.mcu.externaltools.gnu-tools-for-stm32.13.3.rel1.win32_1.0.0.202411081344/tools/bin/../lib/gcc/arm-none-eabi/13.3.1/../../../../arm-none-eabi/lib/thumb/v7e-m+fp/hard\libc_nano.a(libc_a-nano-svfprintf.o)
                0x0800aa04                _svfiprintf_r
                0x0800aa04                _svfprintf_r
 .text._printf_common
                0x0800abfc       0xda C:/ST/STM32CubeIDE_1.19.0/STM32CubeIDE/plugins/com.st.stm32cube.ide.mcu.externaltools.gnu-tools-for-stm32.13.3.rel1.win32_1.0.0.202411081344/tools/bin/../lib/gcc/arm-none-eabi/13.3.1/../../../../arm-none-eabi/lib/thumb/v7e-m+fp/hard\libc_nano.a(libc_a-nano-vfprintf_i.o)
                0x0800abfc                _printf_common
 *fill*         0x0800acd6        0x2 
 .text._printf_i
                0x0800acd8      0x23c C:/ST/STM32CubeIDE_1.19.0/STM32CubeIDE/plugins/com.st.stm32cube.ide.mcu.externaltools.gnu-tools-for-stm32.13.3.rel1.win32_1.0.0.202411081344/tools/bin/../lib/gcc/arm-none-eabi/13.3.1/../../../../arm-none-eabi/lib/thumb/v7e-m+fp/hard\libc_nano.a(libc_a-nano-vfprintf_i.o)
                0x0800acd8                _printf_i
 .text.__sflush_r
                0x0800af14      0x108 C:/ST/STM32CubeIDE_1.19.0/STM32CubeIDE/plugins/com.st.stm32cube.ide.mcu.externaltools.gnu-tools-for-stm32.13.3.rel1.win32_1.0.0.202411081344/tools/bin/../lib/gcc/arm-none-eabi/13.3.1/../../../../arm-none-eabi/lib/thumb/v7e-m+fp/hard\libc_nano.a(libc_a-fflush.o)
                0x0800af14                __sflush_r
 .text._fflush_r
                0x0800b01c       0x50 C:/ST/STM32CubeIDE_1.19.0/STM32CubeIDE/plugins/com.st.stm32cube.ide.mcu.externaltools.gnu-tools-for-stm32.13.3.rel1.win32_1.0.0.202411081344/tools/bin/../lib/gcc/arm-none-eabi/13.3.1/../../../../arm-none-eabi/lib/thumb/v7e-m+fp/hard\libc_nano.a(libc_a-fflush.o)
                0x0800b01c                _fflush_r
 .text._sbrk_r  0x0800b06c       0x20 C:/ST/STM32CubeIDE_1.19.0/STM32CubeIDE/plugins/com.st.stm32cube.ide.mcu.externaltools.gnu-tools-for-stm32.13.3.rel1.win32_1.0.0.202411081344/tools/bin/../lib/gcc/arm-none-eabi/13.3.1/../../../../arm-none-eabi/lib/thumb/v7e-m+fp/hard\libc_nano.a(libc_a-sbrkr.o)
                0x0800b06c                _sbrk_r
 .text.__assert_func